 win32_handmade

 Timestamp is 64b1606b (Fri Jul 14 17:49:15 2023)

 Preferred load address is 0000000140000000

 Start         Length     Name                   Class
 0001:00000000 000104c0H .text$mn                CODE
 0001:000104c0 00000040H .text$mn$00             CODE
 0001:00010500 00000440H .text$x                 CODE
 0002:00000000 000002e8H .idata$5                DATA
 0002:000002e8 00000038H .00cfg                  DATA
 0002:00000320 00000008H .CRT$XCA                DATA
 0002:00000328 00000008H .CRT$XCAA               DATA
 0002:00000330 00000008H .CRT$XCZ                DATA
 0002:00000338 00000008H .CRT$XIA                DATA
 0002:00000340 00000008H .CRT$XIAA               DATA
 0002:00000348 00000008H .CRT$XIAC               DATA
 0002:00000350 00000020H .CRT$XIC                DATA
 0002:00000370 00000008H .CRT$XIZ                DATA
 0002:00000378 00000008H .CRT$XPA                DATA
 0002:00000380 00000010H .CRT$XPX                DATA
 0002:00000390 00000008H .CRT$XPXA               DATA
 0002:00000398 00000008H .CRT$XPZ                DATA
 0002:000003a0 00000008H .CRT$XTA                DATA
 0002:000003a8 00000008H .CRT$XTZ                DATA
 0002:000003b0 00000000H .gehcont$y              DATA
 0002:000003b0 00000000H .gfids$y                DATA
 0002:000003b0 00007b50H .rdata                  DATA
 0002:00007f00 00000000H .rdata$CastGuardVftablesA DATA
 0002:00007f00 00000000H .rdata$CastGuardVftablesC DATA
 0002:00007f00 0000016cH .rdata$r                DATA
 0002:0000806c 00000240H .rdata$voltmd           DATA
 0002:000082ac 0000033cH .rdata$zzzdbg           DATA
 0002:000085e8 00000008H .rtc$IAA                DATA
 0002:000085f0 00000008H .rtc$IZZ                DATA
 0002:000085f8 00000008H .rtc$TAA                DATA
 0002:00008600 00000008H .rtc$TZZ                DATA
 0002:00008608 00000e28H .xdata                  DATA
 0002:00009430 00000084H .xdata$x                DATA
 0002:000094b4 00000000H .edata                  DATA
 0002:000094b4 0000003cH .idata$2                DATA
 0002:000094f0 00000018H .idata$3                DATA
 0002:00009508 000002e8H .idata$4                DATA
 0002:000097f0 00000676H .idata$6                DATA
 0003:00000000 00000a00H .data                   DATA
 0003:00000a00 00000050H .data$r                 DATA
 0003:00000a50 00000020H .data$rs                DATA
 0003:00000a70 00001228H .bss                    DATA
 0004:00000000 000010c8H .pdata                  DATA
 0005:00000000 0000015cH _RDATA                  DATA

  Address         Publics by Value              Rva+Base               Lib:Object

 0000:00000000       __AbsoluteZero             0000000000000000     <absolute>
 0000:00000000       ___safe_se_handler_count   0000000000000000     <absolute>
 0000:00000000       ___safe_se_handler_table   0000000000000000     <absolute>
 0000:00000000       __arm64x_extra_rfe_table   0000000000000000     <absolute>
 0000:00000000       __arm64x_extra_rfe_table_size 0000000000000000     <absolute>
 0000:00000000       __arm64x_native_entrypoint 0000000000000000     <absolute>
 0000:00000000       __arm64x_redirection_metadata 0000000000000000     <absolute>
 0000:00000000       __arm64x_redirection_metadata_count 0000000000000000     <absolute>
 0000:00000000       __dynamic_value_reloc_table 0000000000000000     <absolute>
 0000:00000000       __enclave_config           0000000000000000     <absolute>
 0000:00000000       __guard_check_icall_a64n_fptr 0000000000000000     <absolute>
 0000:00000000       __guard_eh_cont_count      0000000000000000     <absolute>
 0000:00000000       __guard_eh_cont_table      0000000000000000     <absolute>
 0000:00000000       __guard_fids_count         0000000000000000     <absolute>
 0000:00000000       __guard_fids_table         0000000000000000     <absolute>
 0000:00000000       __guard_iat_count          0000000000000000     <absolute>
 0000:00000000       __guard_iat_table          0000000000000000     <absolute>
 0000:00000000       __guard_longjmp_count      0000000000000000     <absolute>
 0000:00000000       __guard_longjmp_table      0000000000000000     <absolute>
 0000:00000000       __hybrid_auxiliary_iat     0000000000000000     <absolute>
 0000:00000000       __hybrid_auxiliary_iat_copy 0000000000000000     <absolute>
 0000:00000000       __hybrid_code_map          0000000000000000     <absolute>
 0000:00000000       __hybrid_code_map_count    0000000000000000     <absolute>
 0000:00000000       __x64_code_ranges_to_entry_points 0000000000000000     <absolute>
 0000:00000000       __x64_code_ranges_to_entry_points_count 0000000000000000     <absolute>
 0000:00000100       __guard_flags              0000000000000100     <absolute>
 0000:00000000       __ImageBase                0000000140000000     <linker-defined>
 0001:00000000       WinMain                    0000000140001000 f   win32_handmade.obj
 0001:00001370       ?XInputGetStateStub@@YAKKPEAU_XINPUT_STATE@@@Z 0000000140002370 f   win32_handmade.obj
 0001:00001390       ?XInputSetStateStub@@YAKKPEAU_XINPUT_VIBRATION@@@Z 0000000140002390 f   win32_handmade.obj
 0001:00002260       ?GetController@@YAPEAUgame_controller_input@@PEAUgame_input@@H@Z 0000000140003260 f i win32_handmade.obj
 0001:000022b0       ?SafeTruncateUInt64@@YAI_K@Z 00000001400032b0 f i win32_handmade.obj
 0001:000022e0       __GSHandlerCheck           00000001400032e0 f   LIBCMT:gshandler.obj
 0001:00002300       __GSHandlerCheckCommon     0000000140003300 f   LIBCMT:gshandler.obj
 0001:00002370       __security_check_cookie    0000000140003370 f   LIBCMT:amdsecgs.obj
 0001:000025e8       WinMainCRTStartup          00000001400035e8 f   LIBCMT:exe_winmain.obj
 0001:000025fc       __raise_securityfailure    00000001400035fc f   LIBCMT:gs_report.obj
 0001:00002630       __report_gsfailure         0000000140003630 f   LIBCMT:gs_report.obj
 0001:00002704       __report_rangecheckfailure 0000000140003704 f   LIBCMT:gs_report.obj
 0001:00002718       __report_securityfailure   0000000140003718 f   LIBCMT:gs_report.obj
 0001:00002898       __scrt_acquire_startup_lock 0000000140003898 f   LIBCMT:utility.obj
 0001:000028d4       __scrt_initialize_crt      00000001400038d4 f   LIBCMT:utility.obj
 0001:00002920       __scrt_initialize_onexit_tables 0000000140003920 f   LIBCMT:utility.obj
 0001:000029ac       __scrt_is_nonwritable_in_current_image 00000001400039ac f   LIBCMT:utility.obj
 0001:00002a44       __scrt_release_startup_lock 0000000140003a44 f   LIBCMT:utility.obj
 0001:00002a68       __scrt_uninitialize_crt    0000000140003a68 f   LIBCMT:utility.obj
 0001:00002a94       _onexit                    0000000140003a94 f   LIBCMT:utility.obj
 0001:00002ad0       atexit                     0000000140003ad0 f   LIBCMT:utility.obj
 0001:00002ae8       __security_init_cookie     0000000140003ae8 f   LIBCMT:gs_support.obj
 0001:00002b94       __scrt_exe_initialize_mta  0000000140003b94 f   LIBCMT:utility_desktop.obj
 0001:00002b94       __scrt_initialize_winrt    0000000140003b94 f   LIBCMT:utility_desktop.obj
 0001:00002b94       __scrt_stub_for_initialize_mta 0000000140003b94 f   LIBCMT:utility_desktop.obj
 0001:00002b94       _get_startup_commit_mode   0000000140003b94 f   LIBCMT:commit_mode.obj
 0001:00002b94       _get_startup_new_mode      0000000140003b94 f   LIBCMT:new_mode.obj
 0001:00002b94       _get_startup_thread_locale_mode 0000000140003b94 f   LIBCMT:thread_locale.obj
 0001:00002b94       _matherr                   0000000140003b94 f   LIBCMT:matherr.obj
 0001:00002b98       _get_startup_argv_mode     0000000140003b98 f   LIBCMT:argv_mode.obj
 0001:00002ba0       _get_startup_file_mode     0000000140003ba0 f   LIBCMT:file_mode.obj
 0001:00002ba8       ?__scrt_initialize_type_info@@YAXXZ 0000000140003ba8 f   LIBCMT:tncleanup.obj
 0001:00002bb8       __acrt_uninitialize_command_line 0000000140003bb8 f   libucrt:argv_data.obj
 0001:00002bb8       _should_initialize_environment 0000000140003bb8 f   LIBCMT:env_mode.obj
 0001:00002bbc       _guard_check_icall_nop     0000000140003bbc f   LIBCMT:guard_support.obj
 0001:00002bbc       _initialize_denormal_control 0000000140003bbc f   LIBCMT:denormal_control.obj
 0001:00002bbc       _initialize_invalid_parameter_handler 0000000140003bbc f   LIBCMT:invalid_parameter_handler.obj
 0001:00002bc0       __local_stdio_printf_options 0000000140003bc0 f i LIBCMT:default_local_stdio_options.obj
 0001:00002bc8       __local_stdio_scanf_options 0000000140003bc8 f i LIBCMT:default_local_stdio_options.obj
 0001:00002bd0       __scrt_initialize_default_local_stdio_options 0000000140003bd0 f   LIBCMT:default_local_stdio_options.obj
 0001:00002bec       __scrt_is_user_matherr_present 0000000140003bec f   LIBCMT:matherr_detection.obj
 0001:00002bf8       __scrt_get_dyn_tls_init_callback 0000000140003bf8 f   LIBCMT:dyn_tls_init.obj
 0001:00002c00       __scrt_get_dyn_tls_dtor_callback 0000000140003c00 f   LIBCMT:dyn_tls_dtor.obj
 0001:00002c08       __crt_debugger_hook        0000000140003c08 f   LIBCMT:utility_desktop.obj
 0001:00002c10       __scrt_fastfail            0000000140003c10 f   LIBCMT:utility_desktop.obj
 0001:00002d5c       __scrt_get_show_window_mode 0000000140003d5c f   LIBCMT:utility_desktop.obj
 0001:00002d98       __scrt_initialize_mta      0000000140003d98 f   LIBCMT:utility_desktop.obj
 0001:00002da0       __scrt_is_managed_app      0000000140003da0 f   LIBCMT:utility_desktop.obj
 0001:00002df4       __scrt_set_unhandled_exception_filter 0000000140003df4 f   LIBCMT:utility_desktop.obj
 0001:00002e04       __scrt_unhandled_exception_filter 0000000140003e04 f   LIBCMT:utility_desktop.obj
 0001:00002e60       _RTC_Initialize            0000000140003e60 f   LIBCMT:initsect.obj
 0001:00002e9c       _RTC_Terminate             0000000140003e9c f   LIBCMT:initsect.obj
 0001:00002ed8       __isa_available_init       0000000140003ed8 f   LIBCMT:cpu_disp.obj
 0001:00003084       __scrt_is_ucrt_dll_in_use  0000000140004084 f   LIBCMT:ucrt_detection.obj
 0001:00003090       __C_specific_handler       0000000140004090 f   libvcruntime:riscchandler.obj
 0001:00003288       __vcrt_initialize          0000000140004288 f   libvcruntime:initialization.obj
 0001:000032b0       __vcrt_uninitialize        00000001400042b0 f   libvcruntime:initialization.obj
 0001:000032cc       __std_type_info_compare    00000001400042cc f   libvcruntime:std_type_info.obj
 0001:000032f4       __DestructExceptionObject  00000001400042f4 f   libvcruntime:ehhelpers.obj
 0001:00003364       ?_CallMemberFunction0@@YAXQEAX0@Z 0000000140004364 f i libvcruntime:ehhelpers.obj
 0001:00003368       _IsExceptionObjectToBeDestroyed 0000000140004368 f   libvcruntime:ehhelpers.obj
 0001:00003398       __AdjustPointer            0000000140004398 f   libvcruntime:ehhelpers.obj
 0001:000033bc       __FrameUnwindFilter        00000001400043bc f   libvcruntime:ehhelpers.obj
 0001:00003424       __current_exception        0000000140004424 f   libvcruntime:ehhelpers.obj
 0001:00003438       __current_exception_context 0000000140004438 f   libvcruntime:ehhelpers.obj
 0001:0000344c       __std_terminate            000000014000444c f   libvcruntime:ehhelpers.obj
 0001:00003470       memset_repstos             0000000140004470 f   libvcruntime:memset.obj
 0001:00003490       memset                     0000000140004490 f   libvcruntime:memset.obj
 0001:00003830       _NLG_Notify                0000000140004830 f   libvcruntime:notify.obj
 0001:00003850       __NLG_Dispatch2            0000000140004850 f   libvcruntime:notify.obj
 0001:00003860       __NLG_Return2              0000000140004860 f   libvcruntime:notify.obj
 0001:00003864       __except_validate_context_record 0000000140004864 f   libvcruntime:jbcxrval.obj
 0001:0000389c       __vcrt_freefls             000000014000489c f   libvcruntime:per_thread_data.obj
 0001:000038bc       __vcrt_getptd              00000001400048bc f   libvcruntime:per_thread_data.obj
 0001:000038d8       __vcrt_getptd_noexit       00000001400048d8 f   libvcruntime:per_thread_data.obj
 0001:00003998       __vcrt_initialize_ptd      0000000140004998 f   libvcruntime:per_thread_data.obj
 0001:000039e0       __vcrt_uninitialize_ptd    00000001400049e0 f   libvcruntime:per_thread_data.obj
 0001:00003a04       __vcrt_initialize_locks    0000000140004a04 f   libvcruntime:locks.obj
 0001:00003a4c       __vcrt_uninitialize_locks  0000000140004a4c f   libvcruntime:locks.obj
 0001:00003bd4       __vcrt_FlsAlloc            0000000140004bd4 f   libvcruntime:winapi_downlevel.obj
 0001:00003c1c       __vcrt_FlsFree             0000000140004c1c f   libvcruntime:winapi_downlevel.obj
 0001:00003c64       __vcrt_FlsGetValue         0000000140004c64 f   libvcruntime:winapi_downlevel.obj
 0001:00003cac       __vcrt_FlsSetValue         0000000140004cac f   libvcruntime:winapi_downlevel.obj
 0001:00003d00       __vcrt_InitializeCriticalSectionEx 0000000140004d00 f   libvcruntime:winapi_downlevel.obj
 0001:00003d64       ??$_CallSETranslator@V__FrameHandler3@@@@YAHPEAUEHExceptionRecord@@PEA_KPEAU_CONTEXT@@PEAU_xDISPATCHER_CONTEXT@@PEBU_s_FuncInfo@@K1H@Z 0000000140004d64 f i libvcruntime:risctrnsctrl.obj
 0001:00003db8       ?CatchTryBlock@__FrameHandler3@@SAPEBU_s_TryBlockMapEntry@@PEBU_s_FuncInfo@@H@Z 0000000140004db8 f   libvcruntime:risctrnsctrl.obj
 0001:00003e1c       ?ExecutionInCatch@__FrameHandler3@@SA_NPEAU_xDISPATCHER_CONTEXT@@PEBU_s_FuncInfo@@@Z 0000000140004e1c f   libvcruntime:risctrnsctrl.obj
 0001:00003e48       ?FrameUnwindToEmptyState@__FrameHandler3@@SAXPEA_KPEAU_xDISPATCHER_CONTEXT@@PEBU_s_FuncInfo@@@Z 0000000140004e48 f   libvcruntime:risctrnsctrl.obj
 0001:00003eac       ?GetEstablisherFrame@__FrameHandler3@@SAPEA_KPEA_KPEAU_xDISPATCHER_CONTEXT@@PEBU_s_FuncInfo@@0@Z 0000000140004eac f   libvcruntime:risctrnsctrl.obj
 0001:00003f78       ?GetRangeOfTrysToCheck@__FrameHandler3@@SA?AU?$pair@Viterator@TryBlockMap@__FrameHandler3@@V123@@std@@AEAVTryBlockMap@1@HPEAU_xDISPATCHER_CONTEXT@@PEBU_s_FuncInfo@@H@Z 0000000140004f78 f   libvcruntime:risctrnsctrl.obj
 0001:000040b8       ?UnwindNestedFrames@__FrameHandler3@@SAXPEA_KPEAUEHExceptionRecord@@PEAU_CONTEXT@@0PEAXPEBU_s_FuncInfo@@HHPEBU_s_HandlerType@@PEAU_xDISPATCHER_CONTEXT@@E@Z 00000001400050b8 f   libvcruntime:risctrnsctrl.obj
 0001:000041bc       _CreateFrameInfo           00000001400051bc f   libvcruntime:risctrnsctrl.obj
 0001:000041f8       _FindAndUnlinkFrame        00000001400051f8 f   libvcruntime:risctrnsctrl.obj
 0001:0000424c       _GetImageBase              000000014000524c f   libvcruntime:risctrnsctrl.obj
 0001:00004260       _GetThrowImageBase         0000000140005260 f   libvcruntime:risctrnsctrl.obj
 0001:00004274       _SetImageBase              0000000140005274 f   libvcruntime:risctrnsctrl.obj
 0001:0000428c       _SetThrowImageBase         000000014000528c f   libvcruntime:risctrnsctrl.obj
 0001:000042a4       __CxxFrameHandler3         00000001400052a4 f   libvcruntime:risctrnsctrl.obj
 0001:00004340       memcpy_repmovs             0000000140005340 f   libvcruntime:memcpy.obj
 0001:00004360       memcpy                     0000000140005360 f   libvcruntime:memcpy.obj
 0001:00004360       memmove                    0000000140005360 f   libvcruntime:memcpy.obj
 0001:000049d8       ?GetCurrentState@__FrameHandler3@@SAHPEA_KPEAU_xDISPATCHER_CONTEXT@@PEBU_s_FuncInfo@@@Z 00000001400059d8 f   libvcruntime:ehstate.obj
 0001:00004a00       ?GetUnwindTryBlock@__FrameHandler3@@SAHPEA_KPEAU_xDISPATCHER_CONTEXT@@PEBU_s_FuncInfo@@@Z 0000000140005a00 f   libvcruntime:ehstate.obj
 0001:00004a2c       ?SetState@__FrameHandler3@@SAXPEA_KPEBU_s_FuncInfo@@H@Z 0000000140005a2c f   libvcruntime:ehstate.obj
 0001:00004a38       ?SetUnwindTryBlock@__FrameHandler3@@SAXPEA_KPEAU_xDISPATCHER_CONTEXT@@PEBU_s_FuncInfo@@H@Z 0000000140005a38 f   libvcruntime:ehstate.obj
 0001:00004a74       ?StateFromControlPc@__FrameHandler3@@SAHPEBU_s_FuncInfo@@PEAU_xDISPATCHER_CONTEXT@@@Z 0000000140005a74 f   libvcruntime:ehstate.obj
 0001:00004a7c       ?StateFromIp@__FrameHandler3@@SAHPEBU_s_FuncInfo@@PEAU_xDISPATCHER_CONTEXT@@_K@Z 0000000140005a7c f   libvcruntime:ehstate.obj
 0001:0000556c       ??$TypeMatchHelper@V__FrameHandler3@@@@YAHPEBU_s_HandlerType@@PEBU_s_CatchableType@@PEBU_s_ThrowInfo@@@Z 000000014000656c f i libvcruntime:frame.obj
 0001:000056ac       ??$__InternalCxxFrameHandler@V__FrameHandler3@@@@YA?AW4_EXCEPTION_DISPOSITION@@PEAUEHExceptionRecord@@PEA_KPEAU_CONTEXT@@PEAU_xDISPATCHER_CONTEXT@@PEBU_s_FuncInfo@@H1E@Z 00000001400066ac f i libvcruntime:frame.obj
 0001:000058e4       ??$__InternalCxxFrameHandlerWrapper@V__FrameHandler3@@@@YA?AW4_EXCEPTION_DISPOSITION@@PEAUEHExceptionRecord@@PEA_KPEAU_CONTEXT@@PEAU_xDISPATCHER_CONTEXT@@PEBU_s_FuncInfo@@H1E@Z 00000001400068e4 f i libvcruntime:frame.obj
 0001:000058ec       ??0bad_exception@std@@QEAA@AEBV01@@Z 00000001400068ec f i libvcruntime:frame.obj
 0001:00005928       ??0bad_exception@std@@QEAA@XZ 0000000140006928 f i libvcruntime:frame.obj
 0001:00005948       ??0exception@std@@QEAA@AEBV01@@Z 0000000140006948 f i libvcruntime:frame.obj
 0001:0000597c       ??1bad_exception@std@@UEAA@XZ 000000014000697c f i libvcruntime:frame.obj
 0001:00005990       ??_Ebad_exception@std@@UEAAPEAXI@Z 0000000140006990 f i libvcruntime:frame.obj
 0001:00005990       ??_Eexception@std@@UEAAPEAXI@Z 0000000140006990 f i libvcruntime:frame.obj
 0001:00005990       ??_Gbad_exception@std@@UEAAPEAXI@Z 0000000140006990 f i libvcruntime:frame.obj
 0001:00005990       ??_Gexception@std@@UEAAPEAXI@Z 0000000140006990 f i libvcruntime:frame.obj
 0001:000059d4       ?CxxCallCatchBlock@__FrameHandler3@@SAPEAXPEAU_EXCEPTION_RECORD@@@Z 00000001400069d4 f   libvcruntime:frame.obj
 0001:00005c48       ?FrameUnwindToState@__FrameHandler3@@SAXPEA_KPEAU_xDISPATCHER_CONTEXT@@PEBU_s_FuncInfo@@H@Z 0000000140006c48 f   libvcruntime:frame.obj
 0001:00005dd4       ?GetHandlerSearchState@__FrameHandler3@@SAHPEA_KPEAU_xDISPATCHER_CONTEXT@@PEBU_s_FuncInfo@@@Z 0000000140006dd4 f i libvcruntime:frame.obj
 0001:00005fe4       ?_CallMemberFunction1@@YAXQEAX00@Z 0000000140006fe4 f i libvcruntime:frame.obj
 0001:00005ff0       ?_CallMemberFunction2@@YAXQEAX00H@Z 0000000140006ff0 f i libvcruntime:frame.obj
 0001:00006000       ?what@exception@std@@UEBAPEBDXZ 0000000140007000 f i libvcruntime:frame.obj
 0001:00006030       _CallSettingFrame          0000000140007030 f   libvcruntime:handlers.obj
 0001:00006080       _CallSettingFrame_LookupContinuationIndex 0000000140007080 f   libvcruntime:handlers.obj
 0001:000060b0       _CallSettingFrame_NotifyContinuationAddr 00000001400070b0 f   libvcruntime:handlers.obj
 0001:000060e0       _CallSettingFrameEncoded   00000001400070e0 f   libvcruntime:handlers.obj
 0001:00006128       __std_exception_copy       0000000140007128 f   libvcruntime:std_exception.obj
 0001:000061b8       __std_exception_destroy    00000001400071b8 f   libvcruntime:std_exception.obj
 0001:000061e0       _CxxThrowException         00000001400071e0 f   libvcruntime:throw.obj
 0001:00006280       sinf                       0000000140007280 f   libucrt:sinf.obj
 0001:00006978       _seh_filter_exe            0000000140007978 f   libucrt:exception_filter.obj
 0001:00006afc       _query_app_type            0000000140007afc f   libucrt:report_runtime_error.obj
 0001:00006b04       _set_app_type              0000000140007b04 f   libucrt:report_runtime_error.obj
 0001:00006b0c       __acrt_has_user_matherr    0000000140007b0c f   libucrt:matherr.obj
 0001:00006b2c       __acrt_initialize_user_matherr 0000000140007b2c f   libucrt:matherr.obj
 0001:00006b34       __acrt_invoke_user_matherr 0000000140007b34 f   libucrt:matherr.obj
 0001:00006b70       __setusermatherr           0000000140007b70 f   libucrt:matherr.obj
 0001:00006d60       __acrt_allocate_buffer_for_argv 0000000140007d60 f   libucrt:argv_parsing.obj
 0001:00006dc0       _configure_narrow_argv     0000000140007dc0 f   libucrt:argv_parsing.obj
 0001:00007148       __dcrt_uninitialize_environments_nolock 0000000140008148 f   libucrt:environment_initialization.obj
 0001:0000718c       _initialize_narrow_environment 000000014000818c f   libucrt:environment_initialization.obj
 0001:00007194       _get_narrow_winmain_command_line 0000000140008194 f   libucrt:argv_winmain.obj
 0001:00007204       _initterm                  0000000140008204 f   libucrt:initterm.obj
 0001:00007248       _initterm_e                0000000140008248 f   libucrt:initterm.obj
 0001:00007524       __acrt_initialize_thread_local_exit_callback 0000000140008524 f   libucrt:exit.obj
 0001:0000752c       _c_exit                    000000014000852c f   libucrt:exit.obj
 0001:0000753c       _cexit                     000000014000853c f   libucrt:exit.obj
 0001:0000754c       _exit                      000000014000854c f   libucrt:exit.obj
 0001:00007558       _register_thread_local_exe_atexit_callback 0000000140008558 f   libucrt:exit.obj
 0001:00007598       exit                       0000000140008598 f   libucrt:exit.obj
 0001:000075a4       _set_fmode                 00000001400085a4 f   libucrt:setmode.obj
 0001:00007654       __acrt_set_locale_changed  0000000140008654 f   libucrt:wsetlocale.obj
 0001:00007660       __acrt_uninitialize_locale 0000000140008660 f   libucrt:wsetlocale.obj
 0001:00007690       _configthreadlocale        0000000140008690 f   libucrt:wsetlocale.obj
 0001:000076fc       _query_new_mode            00000001400086fc f   libucrt:new_mode.obj
 0001:00007704       _set_new_mode              0000000140008704 f   libucrt:new_mode.obj
 0001:00007730       __p__commode               0000000140008730 f   libucrt:ncommode.obj
 0001:00007a80       _crt_atexit                0000000140008a80 f   libucrt:onexit.obj
 0001:00007a90       _execute_onexit_table      0000000140008a90 f   libucrt:onexit.obj
 0001:00007ad4       _initialize_onexit_table   0000000140008ad4 f   libucrt:onexit.obj
 0001:00007afc       _register_onexit_function  0000000140008afc f   libucrt:onexit.obj
 0001:00007c70       __acrt_initialize          0000000140008c70 f   libucrt:initialization.obj
 0001:00007c84       __acrt_uninitialize        0000000140008c84 f   libucrt:initialization.obj
 0001:00007cbc       terminate                  0000000140008cbc f   libucrt:terminate.obj
 0001:00007ce8       free                       0000000140008ce8 f   libucrt:free.obj
 0001:00007cfc       malloc                     0000000140008cfc f   libucrt:malloc.obj
 0001:00007d04       strcpy_s                   0000000140008d04 f   libucrt:strcpy_s.obj
 0001:00007d64       abort                      0000000140008d64 f   libucrt:abort.obj
 0001:00007dbc       calloc                     0000000140008dbc f   libucrt:calloc.obj
 0001:00007dd0       ?get_raw_ptd@__crt_cached_ptd_host@@QEAAPEAU__acrt_ptd@@XZ 0000000140008dd0 f i libucrt:output.obj
 0001:00007e40       ?update_locale_slow@__crt_cached_ptd_host@@AEAAXXZ 0000000140008e40 f i libucrt:output.obj
 0001:00007ed0       strncmp                    0000000140008ed0 f   libucrt:strncmp.obj
 0001:00007f50       wcsncmp                    0000000140008f50 f   libucrt:wcsncmp.obj
 0001:00007f80       __acrt_initialize_fma3     0000000140008f80 f   libucrt:fma3_available.obj
 0001:00007ff0       __remainder_piby2d2f_forC  0000000140008ff0 f   libucrt:remainder_piby2f_forc.obj
 0001:00008208       _sinf_special              0000000140009208 f   libucrt:sincos_special.obj
 0001:00008594       __acrt_getptd              0000000140009594 f   libucrt:per_thread_data.obj
 0001:00008668       __acrt_getptd_head         0000000140009668 f   libucrt:per_thread_data.obj
 0001:0000870c       __acrt_getptd_noexit       000000014000970c f   libucrt:per_thread_data.obj
 0001:000087d4       __acrt_getptd_noexit_explicit 00000001400097d4 f   libucrt:per_thread_data.obj
 0001:00008894       __acrt_initialize_ptd      0000000140009894 f   libucrt:per_thread_data.obj
 0001:000088d0       __acrt_uninitialize_ptd    00000001400098d0 f   libucrt:per_thread_data.obj
 0001:000088f4       ?get_raw_ptd_noexit@__crt_cached_ptd_host@@QEAAPEAU__acrt_ptd@@XZ 00000001400098f4 f i libucrt:invalid_parameter.obj
 0001:00008960       ?value@?$dual_state_global@P6AXPEB_W00I_K@Z@__crt_state_management@@QEAAAEAP6AXPEB_W00I_K@ZAEAV__crt_cached_ptd_host@@@Z 0000000140009960 f i libucrt:invalid_parameter.obj
 0001:000089ac       __acrt_call_reportfault    00000001400099ac f   libucrt:invalid_parameter.obj
 0001:00008b08       __acrt_initialize_invalid_parameter_handler 0000000140009b08 f   libucrt:invalid_parameter.obj
 0001:00008b10       _invalid_parameter         0000000140009b10 f   libucrt:invalid_parameter.obj
 0001:00008bac       _invalid_parameter_internal 0000000140009bac f   libucrt:invalid_parameter.obj
 0001:00008c78       _invalid_parameter_noinfo  0000000140009c78 f   libucrt:invalid_parameter.obj
 0001:00008c98       _invoke_watson             0000000140009c98 f   libucrt:invalid_parameter.obj
 0001:00008ce0       __acrt_errno_from_os_error 0000000140009ce0 f   libucrt:errno.obj
 0001:00008d28       __acrt_errno_map_os_error  0000000140009d28 f   libucrt:errno.obj
 0001:00008d70       __acrt_errno_map_os_error_ptd 0000000140009d70 f   libucrt:errno.obj
 0001:00008d94       __doserrno                 0000000140009d94 f   libucrt:errno.obj
 0001:00008db4       _errno                     0000000140009db4 f   libucrt:errno.obj
 0001:00008dd4       _calloc_base               0000000140009dd4 f   libucrt:calloc_base.obj
 0001:00008e4c       _free_base                 0000000140009e4c f   libucrt:free_base.obj
 0001:00008e9c       ??$__acrt_convert_wcs_mbs_cp@D_WV<lambda_7c9dea7b4ca7285d2cdb541a38da6275>@@U__crt_win32_buffer_internal_dynamic_resizing@@@@YAHQEBDAEAV?$__crt_win32_buffer@_WU__crt_win32_buffer_internal_dynamic_resizing@@@@AEBV<lambda_7c9dea7b4ca7285d2cdb541a38da6275>@@I@Z 0000000140009e9c f i libucrt:argv_wildcards.obj
 0001:00009018       ??$__acrt_convert_wcs_mbs_cp@_WDV<lambda_d8593a27d1aa8c02be35c86a17d324c4>@@U__crt_win32_buffer_internal_dynamic_resizing@@@@YAHQEB_WAEAV?$__crt_win32_buffer@DU__crt_win32_buffer_internal_dynamic_resizing@@@@AEBV<lambda_d8593a27d1aa8c02be35c86a17d324c4>@@I@Z 000000014000a018 f i libucrt:argv_wildcards.obj
 0001:000098bc       ??0_LocaleUpdate@@QEAA@QEAU__crt_locale_pointers@@@Z 000000014000a8bc f i libucrt:argv_wildcards.obj
 0001:00009958       __acrt_expand_narrow_argv_wildcards 000000014000a958 f   libucrt:argv_wildcards.obj
 0001:00009960       ??$__acrt_convert_wcs_mbs_cp@_WDV<lambda_f788ae46380686e8b737efdd8c720d07>@@U__crt_win32_buffer_no_resizing@@@@YAHQEB_WAEAV?$__crt_win32_buffer@DU__crt_win32_buffer_no_resizing@@@@AEBV<lambda_f788ae46380686e8b737efdd8c720d07>@@I@Z 000000014000a960 f i libucrt:getmodulefilenamea.obj
 0001:00009a7c       __acrt_GetModuleFileNameA  000000014000aa7c f   libucrt:getmodulefilenamea.obj
 0001:0000a398       __acrt_initialize_multibyte 000000014000b398 f   libucrt:mbctype.obj
 0001:0000a3f8       __acrt_update_thread_multibyte_data 000000014000b3f8 f   libucrt:mbctype.obj
 0001:0000a414       _setmbcp_nolock            000000014000b414 f   libucrt:mbctype.obj
 0001:0000a748       _ismbblead                 000000014000b748 f   libucrt:ismbbyte.obj
 0001:0000a75c       __acrt_initialize_command_line 000000014000b75c f   libucrt:argv_data.obj
 0001:0000a784       __acrt_MultiByteToWideChar 000000014000b784 f   libucrt:multibytetowidechar.obj
 0001:0000a814       __acrt_WideCharToMultiByte 000000014000b814 f   libucrt:widechartomultibyte.obj
 0001:0000a8f4       __dcrt_get_narrow_environment_from_os 000000014000b8f4 f   libucrt:get_environment_from_os.obj
 0001:0000aa04       __acrt_initialize_locks    000000014000ba04 f   libucrt:locks.obj
 0001:0000aa4c       __acrt_lock                000000014000ba4c f   libucrt:locks.obj
 0001:0000aa68       __acrt_uninitialize_locks  000000014000ba68 f   libucrt:locks.obj
 0001:0000aaa0       __acrt_unlock              000000014000baa0 f   libucrt:locks.obj
 0001:0000aabc       __acrt_app_verifier_enabled 000000014000babc f   libucrt:peb_access.obj
 0001:0000aad8       __acrt_is_secure_process   000000014000bad8 f   libucrt:peb_access.obj
 0001:0000aaf0       __acrt_get_process_end_policy 000000014000baf0 f   libucrt:win_policies.obj
 0001:0000ab20       __acrt_lowio_create_handle_array 000000014000bb20 f   libucrt:osfinfo.obj
 0001:0000abc8       __acrt_lowio_destroy_handle_array 000000014000bbc8 f   libucrt:osfinfo.obj
 0001:0000ac18       __acrt_lowio_ensure_fh_exists 000000014000bc18 f   libucrt:osfinfo.obj
 0001:0000acc0       __acrt_lowio_lock_fh       000000014000bcc0 f   libucrt:osfinfo.obj
 0001:0000ace8       __acrt_lowio_unlock_fh     000000014000bce8 f   libucrt:osfinfo.obj
 0001:0000ad10       _free_osfhnd               000000014000bd10 f   libucrt:osfinfo.obj
 0001:0000adcc       _get_osfhandle             000000014000bdcc f   libucrt:osfinfo.obj
 0001:0000ae44       __acrt_initialize_fmode    000000014000be44 f   libucrt:txtmode.obj
 0001:0000b058       __acrt_initialize_lowio    000000014000c058 f   libucrt:ioinit.obj
 0001:0000b094       __acrt_uninitialize_lowio  000000014000c094 f   libucrt:ioinit.obj
 0001:0000b0d4       __acrt_locale_free_monetary 000000014000c0d4 f   libucrt:initmon.obj
 0001:0000b1e0       __acrt_locale_free_numeric 000000014000c1e0 f   libucrt:initnum.obj
 0001:0000b280       __acrt_locale_free_time    000000014000c280 f   libucrt:inittime.obj
 0001:0000b388       _malloc_base               000000014000c388 f   libucrt:malloc_base.obj
 0001:0000b3e8       __acrt_GetStringTypeA      000000014000c3e8 f   libucrt:getstringtypea.obj
 0001:0000b578       __acrt_add_locale_ref      000000014000c578 f   libucrt:locale_refcounting.obj
 0001:0000b604       __acrt_free_locale         000000014000c604 f   libucrt:locale_refcounting.obj
 0001:0000b77c       __acrt_locale_add_lc_time_reference 000000014000c77c f   libucrt:locale_refcounting.obj
 0001:0000b7a4       __acrt_locale_free_lc_time_if_unreferenced 000000014000c7a4 f   libucrt:locale_refcounting.obj
 0001:0000b7dc       __acrt_locale_release_lc_time_reference 000000014000c7dc f   libucrt:locale_refcounting.obj
 0001:0000b804       __acrt_release_locale_ref  000000014000c804 f   libucrt:locale_refcounting.obj
 0001:0000b8ac       __acrt_update_thread_locale_data 000000014000c8ac f   libucrt:locale_refcounting.obj
 0001:0000b91c       _updatetlocinfoEx_nolock   000000014000c91c f   libucrt:locale_refcounting.obj
 0001:0000bb40       __acrt_AppPolicyGetProcessTerminationMethodInternal 000000014000cb40 f   libucrt:winapi_thunks.obj
 0001:0000bb98       __acrt_AreFileApisANSI     000000014000cb98 f   libucrt:winapi_thunks.obj
 0001:0000bbdc       __acrt_FlsAlloc            000000014000cbdc f   libucrt:winapi_thunks.obj
 0001:0000bbe4       __acrt_FlsFree             000000014000cbe4 f   libucrt:winapi_thunks.obj
 0001:0000bbec       __acrt_FlsGetValue         000000014000cbec f   libucrt:winapi_thunks.obj
 0001:0000bbf4       __acrt_FlsSetValue         000000014000cbf4 f   libucrt:winapi_thunks.obj
 0001:0000bbfc       __acrt_InitializeCriticalSectionEx 000000014000cbfc f   libucrt:winapi_thunks.obj
 0001:0000bc6c       __acrt_LCMapStringEx       000000014000cc6c f   libucrt:winapi_thunks.obj
 0001:0000bd58       __acrt_LocaleNameToLCID    000000014000cd58 f   libucrt:winapi_thunks.obj
 0001:0000bdb8       __acrt_initialize_winapi_thunks 000000014000cdb8 f   libucrt:winapi_thunks.obj
 0001:0000bddc       __acrt_uninitialize_winapi_thunks 000000014000cddc f   libucrt:winapi_thunks.obj
 0001:0000be20       _recalloc_base             000000014000ce20 f   libucrt:recalloc.obj
 0001:0000beb8       __acrt_initialize_heap     000000014000ceb8 f   libucrt:heap_handle.obj
 0001:0000bed4       __acrt_uninitialize_heap   000000014000ced4 f   libucrt:heap_handle.obj
 0001:0000bee0       __acrt_execute_initializers 000000014000cee0 f   libucrt:shared_initialization.obj
 0001:0000bf74       __acrt_execute_uninitializers 000000014000cf74 f   libucrt:shared_initialization.obj
 0001:0000bfbc       __acrt_initialize_new_handler 000000014000cfbc f   libucrt:new_handler.obj
 0001:0000bfc4       _callnewh                  000000014000cfc4 f   libucrt:new_handler.obj
 0001:0000c004       _query_new_handler         000000014000d004 f   libucrt:new_handler.obj
 0001:0000c084       __acrt_get_sigabrt_handler 000000014000d084 f   libucrt:signal.obj
 0001:0000c0b4       __acrt_initialize_signal_handlers 000000014000d0b4 f   libucrt:signal.obj
 0001:0000c0d4       raise                      000000014000d0d4 f   libucrt:signal.obj
 0001:0000c530       __acrt_stdio_flush_nolock  000000014000d530 f   libucrt:fflush.obj
 0001:0000c5bc       _fflush_nolock             000000014000d5bc f   libucrt:fflush.obj
 0001:0000c690       _flushall                  000000014000d690 f   libucrt:fflush.obj
 0001:0000c698       __acrt_initialize_stdio    000000014000d698 f   libucrt:_file.obj
 0001:0000c7b8       __acrt_uninitialize_stdio  000000014000d7b8 f   libucrt:_file.obj
 0001:0000c814       _lock_file                 000000014000d814 f   libucrt:_file.obj
 0001:0000c820       _unlock_file               000000014000d820 f   libucrt:_file.obj
 0001:0000c82c       __acrt_update_locale_info  000000014000d82c f   libucrt:locale_update.obj
 0001:0000c860       __acrt_update_locale_info_explicit 000000014000d860 f   libucrt:locale_update.obj
 0001:0000c898       __acrt_update_multibyte_info 000000014000d898 f   libucrt:locale_update.obj
 0001:0000c8cc       __acrt_update_multibyte_info_explicit 000000014000d8cc f   libucrt:locale_update.obj
 0001:0000c904       _mbtowc_internal           000000014000d904 f   libucrt:mbtowc.obj
 0001:0000ca7c       _fileno                    000000014000da7c f   libucrt:fileno.obj
 0001:0000cbc8       _handle_error              000000014000dbc8 f   libucrt:libm_error.obj
 0001:0000ccf0       _handle_errorf             000000014000dcf0 f   libucrt:libm_error.obj
 0001:0000ce30       qsort                      000000014000de30 f   libucrt:qsort.obj
 0001:0000d240       strncpy_s                  000000014000e240 f   libucrt:strncpy_s.obj
 0001:0000d3d0       strpbrk                    000000014000e3d0 f   libucrt:strpbrk.obj
 0001:0000d798       _mbsdec                    000000014000e798 f   libucrt:mbsdec.obj
 0001:0000d7a0       _mbsdec_l                  000000014000e7a0 f   libucrt:mbsdec.obj
 0001:0000db68       __acrt_LCMapStringA        000000014000eb68 f   libucrt:lcmapstringa.obj
 0001:0000dc18       __ascii_wcsnicmp           000000014000ec18 f   libucrt:wcsnicmp.obj
 0001:0000dc64       __acrt_DownlevelLocaleNameToLCID 000000014000ec64 f   libucrt:lcidtoname_downlevel.obj
 0001:0000dd08       _msize_base                000000014000ed08 f   libucrt:msize.obj
 0001:0000dd44       _realloc_base              000000014000ed44 f   libucrt:realloc_base.obj
 0001:0000de4c       _commit                    000000014000ee4c f   libucrt:commit.obj
 0001:0000e6e8       _write_internal            000000014000f6e8 f   libucrt:write.obj
 0001:0000e808       _write_nolock              000000014000f808 f   libucrt:write.obj
 0001:0000eb10       _fcloseall                 000000014000fb10 f   libucrt:closeall.obj
 0001:0000ebc4       __acrt_stdio_free_buffer_nolock 000000014000fbc4 f   libucrt:_freebuf.obj
 0001:0000ec08       _isatty                    000000014000fc08 f   libucrt:isatty.obj
 0001:0000ec68       ?__mbrtowc_utf8@__crt_mbstring@@YA_KPEA_WPEBD_KPEAU_Mbstatet@@AEAV__crt_cached_ptd_host@@@Z 000000014000fc68 f   libucrt:mbrtowc.obj
 0001:0000ecac       ?__mbsrtowcs_utf8@__crt_mbstring@@YA_KPEA_WPEAPEBD_KPEAU_Mbstatet@@AEAV__crt_cached_ptd_host@@@Z 000000014000fcac f   libucrt:mbrtowc.obj
 0001:0000ee50       _raise_exc                 000000014000fe50 f   libucrt:fpexcept.obj
 0001:0000ee78       _raise_exc_ex              000000014000fe78 f   libucrt:fpexcept.obj
 0001:0000f180       _raise_excf                0000000140010180 f   libucrt:fpexcept.obj
 0001:0000f1ac       _set_errno_from_matherr    00000001400101ac f   libucrt:fpexcept.obj
 0001:0000f1dc       _clrfp                     00000001400101dc f   libucrt:fpctrl.obj
 0001:0000f1fc       _ctrlfp                    00000001400101fc f   libucrt:fpctrl.obj
 0001:0000f278       _set_statfp                0000000140010278 f   libucrt:fpctrl.obj
 0001:0000f298       _statfp                    0000000140010298 f   libucrt:fpctrl.obj
 0001:0000f2ac       __strncnt                  00000001400102ac f   libucrt:strncnt.obj
 0001:0000f370       _lseeki64_nolock_internal  0000000140010370 f   libucrt:lseek.obj
 0001:0000f378       _putwch_nolock             0000000140010378 f   libucrt:putwch.obj
 0001:0000f4d8       fclose                     00000001400104d8 f   libucrt:fclose.obj
 0001:0000f570       log10                      0000000140010570 f   libucrt:log10.obj
 0001:0000fb1c       ?reset_and_return@__crt_mbstring@@YA_K_KPEAU_Mbstatet@@@Z 0000000140010b1c f   libucrt:common_utf8.obj
 0001:0000fb24       ?return_illegal_sequence@__crt_mbstring@@YA_KPEAU_Mbstatet@@AEAV__crt_cached_ptd_host@@@Z 0000000140010b24 f   libucrt:common_utf8.obj
 0001:0000fb38       ?__mbrtoc32_utf8@__crt_mbstring@@YA_KPEA_UPEBD_KPEAU_Mbstatet@@AEAV__crt_cached_ptd_host@@@Z 0000000140010b38 f   libucrt:mbrtoc32.obj
 0001:0000fd30       _get_fpsr                  0000000140010d30 f   libucrt:fpsr.obj
 0001:0000fd40       _set_fpsr                  0000000140010d40 f   libucrt:fpsr.obj
 0001:0000fd4a       _fclrf                     0000000140010d4a f   libucrt:fpsr.obj
 0001:0000fd5e       _frnd                      0000000140010d5e f   libucrt:fpsr.obj
 0001:0000fd80       __dcrt_lowio_ensure_console_output_initialized 0000000140010d80 f   libucrt:initcon.obj
 0001:0000fdd4       __dcrt_terminate_console_output 0000000140010dd4 f   libucrt:initcon.obj
 0001:0000fdf0       __dcrt_write_console       0000000140010df0 f   libucrt:initcon.obj
 0001:0000ff28       _close_internal            0000000140010f28 f   libucrt:close.obj
 0001:0000ffec       _close_nolock_internal     0000000140010fec f   libucrt:close.obj
 0001:000100bc       ?__acrt_stdio_free_stream@@YAXV__crt_stdio_stream@@@Z 00000001400110bc f   libucrt:stream.obj
 0001:000100e0       _log10_special             00000001400110e0 f   libucrt:log_special.obj
 0001:000101a0       _FindPESection             00000001400111a0 f   LIBCMT:pesect.obj
 0001:000101f0       _IsNonwritableInCurrentImage 00000001400111f0 f   LIBCMT:pesect.obj
 0001:00010240       _ValidateImageBase         0000000140011240 f   LIBCMT:pesect.obj
 0001:0001026c       ??_Etype_info@@UEAAPEAXI@Z 000000014001126c f i LIBCMT:std_type_info_static.obj
 0001:0001026c       ??_Gtype_info@@UEAAPEAXI@Z 000000014001126c f i LIBCMT:std_type_info_static.obj
 0001:00010298       ??3@YAXPEAX_K@Z            0000000140011298 f   LIBCMT:delete_scalar_size.obj
 0001:000102b0       __chkstk                   00000001400112b0 f   LIBCMT:chkstk.obj
 0001:000102b0       _alloca_probe              00000001400112b0 f   LIBCMT:chkstk.obj
 0001:00010300       __GSHandlerCheck_EH        0000000140011300 f   LIBCMT:gshandlereh.obj
 0001:00010380       ??3@YAXPEAX@Z              0000000140011380 f   LIBCMT:delete_scalar.obj
 0001:000103a0       memcmp                     00000001400113a0 f   libvcruntime:memcmp.obj
 0001:00010468       __C_specific_handler_noexcept 0000000140011468 f   libvcruntime:chandler_noexcept.obj
 0001:000104d0       _guard_dispatch_icall_nop  00000001400114d0 f   LIBCMT:guard_dispatch.obj
 0001:000104f0       _guard_xfg_dispatch_icall_nop 00000001400114f0 f   LIBCMT:guard_xfg_dispatch.obj
 0002:00000000       __imp_StretchDIBits        0000000140012000     gdi32:GDI32.dll
 0002:00000008       \177GDI32_NULL_THUNK_DATA  0000000140012008     gdi32:GDI32.dll
 0002:00000010       __imp_SetFilePointerEx     0000000140012010     kernel32:KERNEL32.dll
 0002:00000018       __imp_GetConsoleMode       0000000140012018     kernel32:KERNEL32.dll
 0002:00000020       __imp_GetConsoleOutputCP   0000000140012020     kernel32:KERNEL32.dll
 0002:00000028       __imp_CreateFileW          0000000140012028     kernel32:KERNEL32.dll
 0002:00000030       __imp_HeapReAlloc          0000000140012030     kernel32:KERNEL32.dll
 0002:00000038       __imp_HeapSize             0000000140012038     kernel32:KERNEL32.dll
 0002:00000040       __imp_GetProcessHeap       0000000140012040     kernel32:KERNEL32.dll
 0002:00000048       __imp_FlushFileBuffers     0000000140012048     kernel32:KERNEL32.dll
 0002:00000050       __imp_FreeLibrary          0000000140012050     kernel32:KERNEL32.dll
 0002:00000058       __imp_CreateFileA          0000000140012058     kernel32:KERNEL32.dll
 0002:00000060       __imp_GetFileSizeEx        0000000140012060     kernel32:KERNEL32.dll
 0002:00000068       __imp_ReadFile             0000000140012068     kernel32:KERNEL32.dll
 0002:00000070       __imp_WriteFile            0000000140012070     kernel32:KERNEL32.dll
 0002:00000078       __imp_OutputDebugStringA   0000000140012078     kernel32:KERNEL32.dll
 0002:00000080       __imp_CloseHandle          0000000140012080     kernel32:KERNEL32.dll
 0002:00000088       __imp_QueryPerformanceCounter 0000000140012088     kernel32:KERNEL32.dll
 0002:00000090       __imp_QueryPerformanceFrequency 0000000140012090     kernel32:KERNEL32.dll
 0002:00000098       __imp_VirtualAlloc         0000000140012098     kernel32:KERNEL32.dll
 0002:000000a0       __imp_VirtualFree          00000001400120a0     kernel32:KERNEL32.dll
 0002:000000a8       __imp_GetProcAddress       00000001400120a8     kernel32:KERNEL32.dll
 0002:000000b0       __imp_LoadLibraryA         00000001400120b0     kernel32:KERNEL32.dll
 0002:000000b8       __imp_RtlCaptureContext    00000001400120b8     kernel32:KERNEL32.dll
 0002:000000c0       __imp_RtlLookupFunctionEntry 00000001400120c0     kernel32:KERNEL32.dll
 0002:000000c8       __imp_RtlVirtualUnwind     00000001400120c8     kernel32:KERNEL32.dll
 0002:000000d0       __imp_UnhandledExceptionFilter 00000001400120d0     kernel32:KERNEL32.dll
 0002:000000d8       __imp_SetUnhandledExceptionFilter 00000001400120d8     kernel32:KERNEL32.dll
 0002:000000e0       __imp_GetCurrentProcess    00000001400120e0     kernel32:KERNEL32.dll
 0002:000000e8       __imp_TerminateProcess     00000001400120e8     kernel32:KERNEL32.dll
 0002:000000f0       __imp_IsProcessorFeaturePresent 00000001400120f0     kernel32:KERNEL32.dll
 0002:000000f8       __imp_GetCurrentProcessId  00000001400120f8     kernel32:KERNEL32.dll
 0002:00000100       __imp_GetCurrentThreadId   0000000140012100     kernel32:KERNEL32.dll
 0002:00000108       __imp_GetSystemTimeAsFileTime 0000000140012108     kernel32:KERNEL32.dll
 0002:00000110       __imp_InitializeSListHead  0000000140012110     kernel32:KERNEL32.dll
 0002:00000118       __imp_IsDebuggerPresent    0000000140012118     kernel32:KERNEL32.dll
 0002:00000120       __imp_GetStartupInfoW      0000000140012120     kernel32:KERNEL32.dll
 0002:00000128       __imp_GetModuleHandleW     0000000140012128     kernel32:KERNEL32.dll
 0002:00000130       __imp_LCMapStringW         0000000140012130     kernel32:KERNEL32.dll
 0002:00000138       __imp_RtlUnwindEx          0000000140012138     kernel32:KERNEL32.dll
 0002:00000140       __imp_GetLastError         0000000140012140     kernel32:KERNEL32.dll
 0002:00000148       __imp_SetLastError         0000000140012148     kernel32:KERNEL32.dll
 0002:00000150       __imp_EnterCriticalSection 0000000140012150     kernel32:KERNEL32.dll
 0002:00000158       __imp_LeaveCriticalSection 0000000140012158     kernel32:KERNEL32.dll
 0002:00000160       __imp_DeleteCriticalSection 0000000140012160     kernel32:KERNEL32.dll
 0002:00000168       __imp_InitializeCriticalSectionAndSpinCount 0000000140012168     kernel32:KERNEL32.dll
 0002:00000170       __imp_TlsAlloc             0000000140012170     kernel32:KERNEL32.dll
 0002:00000178       __imp_TlsGetValue          0000000140012178     kernel32:KERNEL32.dll
 0002:00000180       __imp_TlsSetValue          0000000140012180     kernel32:KERNEL32.dll
 0002:00000188       __imp_TlsFree              0000000140012188     kernel32:KERNEL32.dll
 0002:00000190       __imp_WriteConsoleW        0000000140012190     kernel32:KERNEL32.dll
 0002:00000198       __imp_LoadLibraryExW       0000000140012198     kernel32:KERNEL32.dll
 0002:000001a0       __imp_EncodePointer        00000001400121a0     kernel32:KERNEL32.dll
 0002:000001a8       __imp_RaiseException       00000001400121a8     kernel32:KERNEL32.dll
 0002:000001b0       __imp_RtlPcToFileHeader    00000001400121b0     kernel32:KERNEL32.dll
 0002:000001b8       __imp_GetStdHandle         00000001400121b8     kernel32:KERNEL32.dll
 0002:000001c0       __imp_GetModuleFileNameW   00000001400121c0     kernel32:KERNEL32.dll
 0002:000001c8       __imp_ExitProcess          00000001400121c8     kernel32:KERNEL32.dll
 0002:000001d0       __imp_GetModuleHandleExW   00000001400121d0     kernel32:KERNEL32.dll
 0002:000001d8       __imp_HeapAlloc            00000001400121d8     kernel32:KERNEL32.dll
 0002:000001e0       __imp_HeapFree             00000001400121e0     kernel32:KERNEL32.dll
 0002:000001e8       __imp_FindClose            00000001400121e8     kernel32:KERNEL32.dll
 0002:000001f0       __imp_FindFirstFileExW     00000001400121f0     kernel32:KERNEL32.dll
 0002:000001f8       __imp_FindNextFileW        00000001400121f8     kernel32:KERNEL32.dll
 0002:00000200       __imp_IsValidCodePage      0000000140012200     kernel32:KERNEL32.dll
 0002:00000208       __imp_GetACP               0000000140012208     kernel32:KERNEL32.dll
 0002:00000210       __imp_GetOEMCP             0000000140012210     kernel32:KERNEL32.dll
 0002:00000218       __imp_GetCPInfo            0000000140012218     kernel32:KERNEL32.dll
 0002:00000220       __imp_GetCommandLineA      0000000140012220     kernel32:KERNEL32.dll
 0002:00000228       __imp_GetCommandLineW      0000000140012228     kernel32:KERNEL32.dll
 0002:00000230       __imp_MultiByteToWideChar  0000000140012230     kernel32:KERNEL32.dll
 0002:00000238       __imp_WideCharToMultiByte  0000000140012238     kernel32:KERNEL32.dll
 0002:00000240       __imp_GetEnvironmentStringsW 0000000140012240     kernel32:KERNEL32.dll
 0002:00000248       __imp_FreeEnvironmentStringsW 0000000140012248     kernel32:KERNEL32.dll
 0002:00000250       __imp_SetStdHandle         0000000140012250     kernel32:KERNEL32.dll
 0002:00000258       __imp_GetFileType          0000000140012258     kernel32:KERNEL32.dll
 0002:00000260       __imp_GetStringTypeW       0000000140012260     kernel32:KERNEL32.dll
 0002:00000268       __imp_FlsAlloc             0000000140012268     kernel32:KERNEL32.dll
 0002:00000270       __imp_FlsGetValue          0000000140012270     kernel32:KERNEL32.dll
 0002:00000278       __imp_FlsSetValue          0000000140012278     kernel32:KERNEL32.dll
 0002:00000280       __imp_FlsFree              0000000140012280     kernel32:KERNEL32.dll
 0002:00000288       \177KERNEL32_NULL_THUNK_DATA 0000000140012288     kernel32:KERNEL32.dll
 0002:00000290       __imp_DispatchMessageA     0000000140012290     user32:USER32.dll
 0002:00000298       __imp_GetClientRect        0000000140012298     user32:USER32.dll
 0002:000002a0       __imp_EndPaint             00000001400122a0     user32:USER32.dll
 0002:000002a8       __imp_BeginPaint           00000001400122a8     user32:USER32.dll
 0002:000002b0       __imp_GetDC                00000001400122b0     user32:USER32.dll
 0002:000002b8       __imp_CreateWindowExA      00000001400122b8     user32:USER32.dll
 0002:000002c0       __imp_RegisterClassA       00000001400122c0     user32:USER32.dll
 0002:000002c8       __imp_DefWindowProcA       00000001400122c8     user32:USER32.dll
 0002:000002d0       __imp_PeekMessageA         00000001400122d0     user32:USER32.dll
 0002:000002d8       __imp_TranslateMessage     00000001400122d8     user32:USER32.dll
 0002:000002e0       \177USER32_NULL_THUNK_DATA 00000001400122e0     user32:USER32.dll
 0002:000002e8       __guard_check_icall_fptr   00000001400122e8     LIBCMT:guard_support.obj
 0002:000002f0       __guard_xfg_check_icall_fptr 00000001400122f0     LIBCMT:guard_support.obj
 0002:000002f8       __guard_dispatch_icall_fptr 00000001400122f8     LIBCMT:guard_support.obj
 0002:00000300       __guard_xfg_dispatch_icall_fptr 0000000140012300     LIBCMT:guard_support.obj
 0002:00000308       __guard_xfg_table_dispatch_icall_fptr 0000000140012308     LIBCMT:guard_support.obj
 0002:00000310       __castguard_check_failure_os_handled_fptr 0000000140012310     LIBCMT:guard_support.obj
 0002:00000318       __guard_memcpy_fptr        0000000140012318     libvcruntime:softmemtag.obj
 0002:00000320       __xc_a                     0000000140012320     LIBCMT:initializers.obj
 0002:00000330       __xc_z                     0000000140012330     LIBCMT:initializers.obj
 0002:00000338       __xi_a                     0000000140012338     LIBCMT:initializers.obj
 0002:00000350       __acrt_tran_fma3_initializer 0000000140012350     libucrt:fma3_initializer.obj
 0002:00000358       __acrt_multibyte_initializer 0000000140012358     libucrt:multibyte_initializer.obj
 0002:00000360       __acrt_fmode_initializer   0000000140012360     libucrt:fmode_initializer.obj
 0002:00000368       __acrt_stdio_initializer   0000000140012368     libucrt:stdio_initializer.obj
 0002:00000370       __xi_z                     0000000140012370     LIBCMT:initializers.obj
 0002:00000378       __xp_a                     0000000140012378     LIBCMT:initializers.obj
 0002:00000380       __acrt_locale_terminator   0000000140012380     libucrt:locale_initializer.obj
 0002:00000388       __dcrt_console_output_terminator 0000000140012388     libucrt:console_output_initializer.obj
 0002:00000390       __acrt_stdio_terminator    0000000140012390     libucrt:stdio_initializer.obj
 0002:00000398       __xp_z                     0000000140012398     LIBCMT:initializers.obj
 0002:000003a0       __xt_a                     00000001400123a0     LIBCMT:initializers.obj
 0002:000003a8       __xt_z                     00000001400123a8     LIBCMT:initializers.obj
 0002:00000530       __real@3f000000            0000000140012530     win32_handmade.obj
 0002:00000534       __real@3f800000            0000000140012534     win32_handmade.obj
 0002:00000538       __real@40800000            0000000140012538     win32_handmade.obj
 0002:0000053c       __real@40c90fdb            000000014001253c     win32_handmade.obj
 0002:00000540       __real@43000000            0000000140012540     win32_handmade.obj
 0002:00000544       __real@46fffe00            0000000140012544     win32_handmade.obj
 0002:00000548       __real@47000000            0000000140012548     win32_handmade.obj
 0002:0000054c       __real@bf800000            000000014001254c     win32_handmade.obj
 0002:00000550       __xmm@80000000800000008000000080000000 0000000140012550     win32_handmade.obj
 0002:00000570       __xmm@ffffffffffffffffffffffffffffffff 0000000140012570     LIBCMT:utility.obj
 0002:00000580       _pDestructExceptionObject  0000000140012580     libvcruntime:ehhelpers.obj
 0002:00000ca0       ??_C@_08EHJDFFNH@__based?$CI@ 0000000140012ca0     libvcruntime:undname.obj
 0002:00000cb0       ??_C@_07KOLFKCDI@__cdecl@  0000000140012cb0     libvcruntime:undname.obj
 0002:00000cb8       ??_C@_08GHMPAG@__pascal@   0000000140012cb8     libvcruntime:undname.obj
 0002:00000cc8       ??_C@_09IFJBGAPI@__stdcall@ 0000000140012cc8     libvcruntime:undname.obj
 0002:00000cd8       ??_C@_0L@NPHFGOKO@__thiscall@ 0000000140012cd8     libvcruntime:undname.obj
 0002:00000ce8       ??_C@_0L@JMKHOMEK@__fastcall@ 0000000140012ce8     libvcruntime:undname.obj
 0002:00000cf8       ??_C@_0N@BCKKPABJ@__vectorcall@ 0000000140012cf8     libvcruntime:undname.obj
 0002:00000d08       ??_C@_09HIJEGCPM@__clrcall@ 0000000140012d08     libvcruntime:undname.obj
 0002:00000d14       ??_C@_06GHPCKEAG@__eabi@   0000000140012d14     libvcruntime:undname.obj
 0002:00000d20       ??_C@_09IOPIDJLG@__swift_1@ 0000000140012d20     libvcruntime:undname.obj
 0002:00000d30       ??_C@_09KFNFGKHF@__swift_2@ 0000000140012d30     libvcruntime:undname.obj
 0002:00000d40       ??_C@_09LMMOFLDE@__swift_3@ 0000000140012d40     libvcruntime:undname.obj
 0002:00000d50       ??_C@_07JOMMBBKO@__ptr64@  0000000140012d50     libvcruntime:undname.obj
 0002:00000d58       ??_C@_0L@PILCLIHE@__restrict@ 0000000140012d58     libvcruntime:undname.obj
 0002:00000d68       ??_C@_0M@GFIIJFMG@__unaligned@ 0000000140012d68     libvcruntime:undname.obj
 0002:00000d78       ??_C@_09DHDLOLLB@restrict?$CI@ 0000000140012d78     libvcruntime:undname.obj
 0002:00000d82       ??_C@_00CNPNBAHC@@         0000000140012d82     libvcruntime:undname.obj
 0002:00000d84       ??_C@_04NIHEBCM@?5new@     0000000140012d84     libvcruntime:undname.obj
 0002:00000d90       ??_C@_07FPCDHGMM@?5delete@ 0000000140012d90     libvcruntime:undname.obj
 0002:00000d98       ??_C@_01NEMOKFLO@?$DN@     0000000140012d98     libvcruntime:undname.obj
 0002:00000d9c       ??_C@_02GPIOPFAK@?$DO?$DO@ 0000000140012d9c     libvcruntime:undname.obj
 0002:00000da0       ??_C@_02FODMEDOG@?$DM?$DM@ 0000000140012da0     libvcruntime:undname.obj
 0002:00000da4       ??_C@_01DCLJPIOD@?$CB@     0000000140012da4     libvcruntime:undname.obj
 0002:00000da8       ??_C@_02EGOFBIJA@?$DN?$DN@ 0000000140012da8     libvcruntime:undname.obj
 0002:00000dac       ??_C@_02FDNJECIE@?$CB?$DN@ 0000000140012dac     libvcruntime:undname.obj
 0002:00000db0       ??_C@_02GPECMEKF@?$FL?$FN@ 0000000140012db0     libvcruntime:undname.obj
 0002:00000db8       ??_C@_08LHJFAFGD@operator@ 0000000140012db8     libvcruntime:undname.obj
 0002:00000dc4       ??_C@_02HBOOOICD@?9?$DO@   0000000140012dc4     libvcruntime:undname.obj
 0002:00000dc8       ??_C@_01NBENCBCI@?$CK@     0000000140012dc8     libvcruntime:undname.obj
 0002:00000dcc       ??_C@_02ECNGHCIF@?$CL?$CL@ 0000000140012dcc     libvcruntime:undname.obj
 0002:00000dd0       ??_C@_02BAABKJLB@?9?9@     0000000140012dd0     libvcruntime:undname.obj
 0002:00000dd4       ??_C@_01JOAMLHOP@?9@       0000000140012dd4     libvcruntime:undname.obj
 0002:00000dd8       ??_C@_01MIFGBAGJ@?$CL@     0000000140012dd8     libvcruntime:undname.obj
 0002:00000ddc       ??_C@_01HNPIGOCE@?$CG@     0000000140012ddc     libvcruntime:undname.obj
 0002:00000de0       ??_C@_03MNHNFDLC@?9?$DO?$CK@ 0000000140012de0     libvcruntime:undname.obj
 0002:00000de4       ??_C@_01KMDKNFGN@?1@       0000000140012de4     libvcruntime:undname.obj
 0002:00000de8       ??_C@_01FGNFDNOH@?$CF@     0000000140012de8     libvcruntime:undname.obj
 0002:00000dec       ??_C@_01MNNFJEPP@?$DM@     0000000140012dec     libvcruntime:undname.obj
 0002:00000df0       ??_C@_02EHCHHCKH@?$DM?$DN@ 0000000140012df0     libvcruntime:undname.obj
 0002:00000df4       ??_C@_01PPODPGHN@?$DO@     0000000140012df4     libvcruntime:undname.obj
 0002:00000df8       ??_C@_02EEKDKGMJ@?$DO?$DN@ 0000000140012df8     libvcruntime:undname.obj
 0002:00000dfc       ??_C@_01IHBHIGKO@?0@       0000000140012dfc     libvcruntime:undname.obj
 0002:00000e00       ??_C@_02HCKGKOFO@?$CI?$CJ@ 0000000140012e00     libvcruntime:undname.obj
 0002:00000e04       ??_C@_01PJKLJHI@?$HO@      0000000140012e04     libvcruntime:undname.obj
 0002:00000e08       ??_C@_01JKBOJNNK@?$FO@     0000000140012e08     libvcruntime:undname.obj
 0002:00000e0c       ??_C@_01DNKMNLPK@?$HM@     0000000140012e0c     libvcruntime:undname.obj
 0002:00000e10       ??_C@_02PPKAJPJL@?$CG?$CG@ 0000000140012e10     libvcruntime:undname.obj
 0002:00000e14       ??_C@_02NONPIBCD@?$HM?$HM@ 0000000140012e14     libvcruntime:undname.obj
 0002:00000e18       ??_C@_02FPIMKNGF@?$CK?$DN@ 0000000140012e18     libvcruntime:undname.obj
 0002:00000e1c       ??_C@_02FOEOMHFC@?$CL?$DN@ 0000000140012e1c     libvcruntime:undname.obj
 0002:00000e20       ??_C@_02FKMDLLOA@?9?$DN@   0000000140012e20     libvcruntime:undname.obj
 0002:00000e24       ??_C@_02FJEHGPIO@?1?$DN@   0000000140012e24     libvcruntime:undname.obj
 0002:00000e28       ??_C@_02FENAOKFI@?$CF?$DN@ 0000000140012e28     libvcruntime:undname.obj
 0002:00000e2c       ??_C@_03IKFCCPFF@?$DO?$DO?$DN@ 0000000140012e2c     libvcruntime:undname.obj
 0002:00000e30       ??_C@_03CDNPDDLA@?$DM?$DM?$DN@ 0000000140012e30     libvcruntime:undname.obj
 0002:00000e34       ??_C@_02FGJGFEAB@?$CG?$DN@ 0000000140012e34     libvcruntime:undname.obj
 0002:00000e38       ??_C@_02DHLNPPGH@?$HM?$DN@ 0000000140012e38     libvcruntime:undname.obj
 0002:00000e3c       ??_C@_02MHEGNOJ@?$FO?$DN@  0000000140012e3c     libvcruntime:undname.obj
 0002:00000e40       ??_C@_09IFPLHPGF@?$GAvftable?8@ 0000000140012e40     libvcruntime:undname.obj
 0002:00000e50       ??_C@_09BLBHBJP@?$GAvbtable?8@ 0000000140012e50     libvcruntime:undname.obj
 0002:00000e60       ??_C@_07FEEIOKP@?$GAvcall?8@ 0000000140012e60     libvcruntime:undname.obj
 0002:00000e68       ??_C@_08LLFFHHDJ@?$GAtypeof?8@ 0000000140012e68     libvcruntime:undname.obj
 0002:00000e78       ??_C@_0BF@KDPPACIK@?$GAlocal?5static?5guard?8@ 0000000140012e78     libvcruntime:undname.obj
 0002:00000e90       ??_C@_08OBABFOLI@?$GAstring?8@ 0000000140012e90     libvcruntime:undname.obj
 0002:00000ea0       ??_C@_0BD@JDLKDPAB@?$GAvbase?5destructor?8@ 0000000140012ea0     libvcruntime:undname.obj
 0002:00000eb8       ??_C@_0BN@DEGPLNFK@?$GAvector?5deleting?5destructor?8@ 0000000140012eb8     libvcruntime:undname.obj
 0002:00000ed8       ??_C@_0BO@OBMKPJIG@?$GAdefault?5constructor?5closure?8@ 0000000140012ed8     libvcruntime:undname.obj
 0002:00000ef8       ??_C@_0BN@IMDCHIKM@?$GAscalar?5deleting?5destructor?8@ 0000000140012ef8     libvcruntime:undname.obj
 0002:00000f18       ??_C@_0BO@PFGOCPJJ@?$GAvector?5constructor?5iterator?8@ 0000000140012f18     libvcruntime:undname.obj
 0002:00000f38       ??_C@_0BN@LFPFMEDL@?$GAvector?5destructor?5iterator?8@ 0000000140012f38     libvcruntime:undname.obj
 0002:00000f58       ??_C@_0CE@IKBNEHA@?$GAvector?5vbase?5constructor?5itera@ 0000000140012f58     libvcruntime:undname.obj
 0002:00000f80       ??_C@_0BL@NILFHHPC@?$GAvirtual?5displacement?5map?8@ 0000000140012f80     libvcruntime:undname.obj
 0002:00000fa0       ??_C@_0CB@JONCMFFK@?$GAeh?5vector?5constructor?5iterator@ 0000000140012fa0     libvcruntime:undname.obj
 0002:00000fc8       ??_C@_0CA@GCEOPDGL@?$GAeh?5vector?5destructor?5iterator?8@ 0000000140012fc8     libvcruntime:undname.obj
 0002:00000fe8       ??_C@_0CH@OOJPLCPH@?$GAeh?5vector?5vbase?5constructor?5it@ 0000000140012fe8     libvcruntime:undname.obj
 0002:00001010       ??_C@_0BL@LLKPOHJI@?$GAcopy?5constructor?5closure?8@ 0000000140013010     libvcruntime:undname.obj
 0002:00001030       ??_C@_0BA@KBCDOMBN@?$GAudt?5returning?8@ 0000000140013030     libvcruntime:undname.obj
 0002:00001040       ??_C@_03KLGMFNMG@?$GAEH@   0000000140013040     libvcruntime:undname.obj
 0002:00001044       ??_C@_05KHLCHHI@?$GARTTI@  0000000140013044     libvcruntime:undname.obj
 0002:00001050       ??_C@_0BA@KKLDJDLB@?$GAlocal?5vftable?8@ 0000000140013050     libvcruntime:undname.obj
 0002:00001060       ??_C@_0CE@IIHCMGGL@?$GAlocal?5vftable?5constructor?5clos@ 0000000140013060     libvcruntime:undname.obj
 0002:00001084       ??_C@_06FHBGPFGH@?5new?$FL?$FN@ 0000000140013084     libvcruntime:undname.obj
 0002:00001090       ??_C@_09LBNFPBCA@?5delete?$FL?$FN@ 0000000140013090     libvcruntime:undname.obj
 0002:000010a0       ??_C@_0P@HJKNJFNN@?$GAomni?5callsig?8@ 00000001400130a0     libvcruntime:undname.obj
 0002:000010b0       ??_C@_0BL@CNOONJFP@?$GAplacement?5delete?5closure?8@ 00000001400130b0     libvcruntime:undname.obj
 0002:000010d0       ??_C@_0BN@CKNJLHMB@?$GAplacement?5delete?$FL?$FN?5closure?8@ 00000001400130d0     libvcruntime:undname.obj
 0002:000010f0       ??_C@_0CG@CFDHKGGD@?$GAmanaged?5vector?5constructor?5ite@ 00000001400130f0     libvcruntime:undname.obj
 0002:00001118       ??_C@_0CF@IMGKMJNO@?$GAmanaged?5vector?5destructor?5iter@ 0000000140013118     libvcruntime:undname.obj
 0002:00001140       ??_C@_0CG@HLDDJMAG@?$GAeh?5vector?5copy?5constructor?5ite@ 0000000140013140     libvcruntime:undname.obj
 0002:00001168       ??_C@_0CM@FCBBDIGB@?$GAeh?5vector?5vbase?5copy?5construct@ 0000000140013168     libvcruntime:undname.obj
 0002:00001198       ??_C@_0BL@CLIPGLGB@?$GAdynamic?5initializer?5for?5?8@ 0000000140013198     libvcruntime:undname.obj
 0002:000011b8       ??_C@_0CB@PDBIFEP@?$GAdynamic?5atexit?5destructor?5for?5@ 00000001400131b8     libvcruntime:undname.obj
 0002:000011e0       ??_C@_0CD@CGAJBKEJ@?$GAvector?5copy?5constructor?5iterat@ 00000001400131e0     libvcruntime:undname.obj
 0002:00001208       ??_C@_0CJ@GJELGAMM@?$GAvector?5vbase?5copy?5constructor?5@ 0000000140013208     libvcruntime:undname.obj
 0002:00001238       ??_C@_0CL@FGIJHLCE@?$GAmanaged?5vector?5copy?5constructo@ 0000000140013238     libvcruntime:undname.obj
 0002:00001268       ??_C@_0BM@PMGGMLDN@?$GAlocal?5static?5thread?5guard?8@ 0000000140013268     libvcruntime:undname.obj
 0002:00001288       ??_C@_0N@BDNMDMOL@operator?5?$CC?$CC?5@ 0000000140013288     libvcruntime:undname.obj
 0002:00001298       ??_C@_0BC@GGEBGALA@operator?5co_await@ 0000000140013298     libvcruntime:undname.obj
 0002:000012b0       ??_C@_0M@GAAIMMOH@operator?$DM?$DN?$DO@ 00000001400132b0     libvcruntime:undname.obj
 0002:000012c0       ??_C@_0BC@DAFEJGAK@?5Type?5Descriptor?8@ 00000001400132c0     libvcruntime:undname.obj
 0002:000012d8       ??_C@_0BM@LDKODKLH@?5Base?5Class?5Descriptor?5at?5?$CI@ 00000001400132d8     libvcruntime:undname.obj
 0002:000012f8       ??_C@_0BD@LGICGFMM@?5Base?5Class?5Array?8@ 00000001400132f8     libvcruntime:undname.obj
 0002:00001310       ??_C@_0BN@MECKDCOJ@?5Class?5Hierarchy?5Descriptor?8@ 0000000140013310     libvcruntime:undname.obj
 0002:00001330       ??_C@_0BK@CFCOFLF@?5Complete?5Object?5Locator?8@ 0000000140013330     libvcruntime:undname.obj
 0002:00001350       ??_C@_0BG@JNJLAMPM@?$GAanonymous?5namespace?8@ 0000000140013350     libvcruntime:undname.obj
 0002:00001380       ??_C@_1DM@KHCHBNEB@?$AAa?$AAp?$AAi?$AA?9?$AAm?$AAs?$AA?9?$AAw?$AAi?$AAn?$AA?9?$AAc?$AAo?$AAr?$AAe@ 0000000140013380     libvcruntime:winapi_downlevel.obj
 0002:000013c0       ??_C@_1DK@LPPGFMPP@?$AAa?$AAp?$AAi?$AA?9?$AAm?$AAs?$AA?9?$AAw?$AAi?$AAn?$AA?9?$AAc?$AAo?$AAr?$AAe@ 00000001400133c0     libvcruntime:winapi_downlevel.obj
 0002:00001400       ??_C@_1BC@GDMECMAK@?$AAk?$AAe?$AAr?$AAn?$AAe?$AAl?$AA3?$AA2@ 0000000140013400     libvcruntime:winapi_downlevel.obj
 0002:00001418       ??_C@_1BA@PFFKHIOG@?$AAa?$AAp?$AAi?$AA?9?$AAm?$AAs?$AA?9@ 0000000140013418     libvcruntime:winapi_downlevel.obj
 0002:00001430       ??_C@_08KNHFBNJ@FlsAlloc@  0000000140013430     libvcruntime:winapi_downlevel.obj
 0002:00001448       ??_C@_07PEJMOBNF@FlsFree@  0000000140013448     libvcruntime:winapi_downlevel.obj
 0002:00001458       ??_C@_0M@GDNOONDI@FlsGetValue@ 0000000140013458     libvcruntime:winapi_downlevel.obj
 0002:00001470       ??_C@_0M@JCPCPOEF@FlsSetValue@ 0000000140013470     libvcruntime:winapi_downlevel.obj
 0002:00001488       ??_C@_0BM@HCFOFFN@InitializeCriticalSectionEx@ 0000000140013488     libvcruntime:winapi_downlevel.obj
 0002:00001550       ??_7exception@std@@6B@     0000000140013550     libvcruntime:frame.obj
 0002:00001560       ??_C@_0BC@EOODALEL@Unknown?5exception@ 0000000140013560     libvcruntime:frame.obj
 0002:00001580       ??_7bad_exception@std@@6B@ 0000000140013580     libvcruntime:frame.obj
 0002:00001590       ??_C@_0O@DPKOEFFH@bad?5exception@ 0000000140013590     libvcruntime:frame.obj
 0002:000016d0       __acrt_exception_action_table 00000001400136d0     libucrt:exception_filter.obj
 0002:00001790       __acrt_signal_action_table_count 0000000140013790     libucrt:exception_filter.obj
 0002:00001798       __acrt_signal_action_first_fpe_index 0000000140013798     libucrt:exception_filter.obj
 0002:000017a0       __acrt_signal_action_fpe_count 00000001400137a0     libucrt:exception_filter.obj
 0002:00001820       ??_C@_1BI@BGOHAHKC@?$AAm?$AAs?$AAc?$AAo?$AAr?$AAe?$AAe?$AA?4?$AAd?$AAl?$AAl@ 0000000140013820     libucrt:exit.obj
 0002:00001838       ??_C@_0P@MIGLKIOC@CorExitProcess@ 0000000140013838     libucrt:exit.obj
 0002:00001970       __Lcosfarray               0000000140013970     libucrt:lsincosf_array.obj
 0002:000019a0       __Lsinfarray               00000001400139a0     libucrt:lsincosf_array.obj
 0002:000019c0       __L_2_by_pi_bits           00000001400139c0     libucrt:l2_by_pi_bits.obj
 0002:00001b10       ??_C@_04LAGPAAHP@sinf@     0000000140013b10     libucrt:sincos_special.obj
 0002:00001ca8       ??_C@_1M@HPNHIDJI@?$AAj?$AAa?$AA?9?$AAJ?$AAP@ 0000000140013ca8     libucrt:mbctype.obj
 0002:00001cb8       ??_C@_1M@BIBDDEMK@?$AAz?$AAh?$AA?9?$AAC?$AAN@ 0000000140013cb8     libucrt:mbctype.obj
 0002:00001cc8       ??_C@_1M@JLOOOEGK@?$AAk?$AAo?$AA?9?$AAK?$AAR@ 0000000140013cc8     libucrt:mbctype.obj
 0002:00001cd8       ??_C@_1M@CLNBBOPM@?$AAz?$AAh?$AA?9?$AAT?$AAW@ 0000000140013cd8     libucrt:mbctype.obj
 0002:00001cf0       __lc_time_c                0000000140013cf0     libucrt:nlsdata.obj
 0002:00001fb0       ??_C@_03KOEHGMDN@Sun@      0000000140013fb0     libucrt:nlsdata.obj
 0002:00001fb4       ??_C@_03PDAGKDH@Mon@       0000000140013fb4     libucrt:nlsdata.obj
 0002:00001fb8       ??_C@_03NAGEINEP@Tue@      0000000140013fb8     libucrt:nlsdata.obj
 0002:00001fbc       ??_C@_03MHOMLAJA@Wed@      0000000140013fbc     libucrt:nlsdata.obj
 0002:00001fc0       ??_C@_03IOFIKPDN@Thu@      0000000140013fc0     libucrt:nlsdata.obj
 0002:00001fc4       ??_C@_03IDIOELNC@Fri@      0000000140013fc4     libucrt:nlsdata.obj
 0002:00001fc8       ??_C@_03FEFJNEK@Sat@       0000000140013fc8     libucrt:nlsdata.obj
 0002:00001fcc       ??_C@_06OOPIFAJ@Sunday@    0000000140013fcc     libucrt:nlsdata.obj
 0002:00001fd4       ??_C@_06JLEDEDGH@Monday@   0000000140013fd4     libucrt:nlsdata.obj
 0002:00001fe0       ??_C@_07BAAGCFCM@Tuesday@  0000000140013fe0     libucrt:nlsdata.obj
 0002:00001fe8       ??_C@_09DLIGFAKA@Wednesday@ 0000000140013fe8     libucrt:nlsdata.obj
 0002:00001ff8       ??_C@_08HACCIKIA@Thursday@ 0000000140013ff8     libucrt:nlsdata.obj
 0002:00002004       ??_C@_06JECMNKMI@Friday@   0000000140014004     libucrt:nlsdata.obj
 0002:00002010       ??_C@_08INBOOONO@Saturday@ 0000000140014010     libucrt:nlsdata.obj
 0002:0000201c       ??_C@_03JIHJHPIE@Jan@      000000014001401c     libucrt:nlsdata.obj
 0002:00002020       ??_C@_03HJBDCHOM@Feb@      0000000140014020     libucrt:nlsdata.obj
 0002:00002024       ??_C@_03ODNJBKGA@Mar@      0000000140014024     libucrt:nlsdata.obj
 0002:00002028       ??_C@_03LEOLGMJP@Apr@      0000000140014028     libucrt:nlsdata.obj
 0002:0000202c       ??_C@_03CNMDKL@May@        000000014001402c     libucrt:nlsdata.obj
 0002:00002030       ??_C@_03IDFGHECI@Jun@      0000000140014030     libucrt:nlsdata.obj
 0002:00002034       ??_C@_03LBGABGKK@Jul@      0000000140014034     libucrt:nlsdata.obj
 0002:00002038       ??_C@_03IFJFEIGA@Aug@      0000000140014038     libucrt:nlsdata.obj
 0002:0000203c       ??_C@_03GGCAPAJC@Sep@      000000014001403c     libucrt:nlsdata.obj
 0002:00002040       ??_C@_03BMAOKBAD@Oct@      0000000140014040     libucrt:nlsdata.obj
 0002:00002044       ??_C@_03JPJOFNIA@Nov@      0000000140014044     libucrt:nlsdata.obj
 0002:00002048       ??_C@_03MKABNOCG@Dec@      0000000140014048     libucrt:nlsdata.obj
 0002:00002050       ??_C@_07CGJPFGJA@January@  0000000140014050     libucrt:nlsdata.obj
 0002:00002058       ??_C@_08GNJGEPFN@February@ 0000000140014058     libucrt:nlsdata.obj
 0002:00002064       ??_C@_05HPCKOFNC@March@    0000000140014064     libucrt:nlsdata.obj
 0002:0000206c       ??_C@_05DMJDNLEJ@April@    000000014001406c     libucrt:nlsdata.obj
 0002:00002074       ??_C@_04CNLMGBGM@June@     0000000140014074     libucrt:nlsdata.obj
 0002:0000207c       ??_C@_04MIEPOIFP@July@     000000014001407c     libucrt:nlsdata.obj
 0002:00002084       ??_C@_06LBBHFDDG@August@   0000000140014084     libucrt:nlsdata.obj
 0002:00002090       ??_C@_09BHHEALKD@September@ 0000000140014090     libucrt:nlsdata.obj
 0002:000020a0       ??_C@_07JJNFCEND@October@  00000001400140a0     libucrt:nlsdata.obj
 0002:000020a8       ??_C@_08HCHEGEOA@November@ 00000001400140a8     libucrt:nlsdata.obj
 0002:000020b8       ??_C@_08EDHMEBNP@December@ 00000001400140b8     libucrt:nlsdata.obj
 0002:000020c4       ??_C@_02DEDBPAFC@AM@       00000001400140c4     libucrt:nlsdata.obj
 0002:000020c8       ??_C@_02CJNFDJBF@PM@       00000001400140c8     libucrt:nlsdata.obj
 0002:000020d0       ??_C@_08BPBNCDIB@MM?1dd?1yy@ 00000001400140d0     libucrt:nlsdata.obj
 0002:000020e0       ??_C@_0BE@CKGJFCPC@dddd?0?5MMMM?5dd?0?5yyyy@ 00000001400140e0     libucrt:nlsdata.obj
 0002:000020f8       ??_C@_08JCCMCCIL@HH?3mm?3ss@ 00000001400140f8     libucrt:nlsdata.obj
 0002:00002108       ??_C@_17MBGCMIPB@?$AAS?$AAu?$AAn@ 0000000140014108     libucrt:nlsdata.obj
 0002:00002110       ??_C@_17KBOMKBF@?$AAM?$AAo?$AAn@ 0000000140014110     libucrt:nlsdata.obj
 0002:00002118       ??_C@_17BMKGEGOJ@?$AAT?$AAu?$AAe@ 0000000140014118     libucrt:nlsdata.obj
 0002:00002120       ??_C@_17CJEDCEPE@?$AAW?$AAe?$AAd@ 0000000140014120     libucrt:nlsdata.obj
 0002:00002128       ??_C@_17PDPHAADD@?$AAT?$AAh?$AAu@ 0000000140014128     libucrt:nlsdata.obj
 0002:00002130       ??_C@_17HFOLPPLP@?$AAF?$AAr?$AAi@ 0000000140014130     libucrt:nlsdata.obj
 0002:00002138       ??_C@_17GGIBDPIH@?$AAS?$AAa?$AAt@ 0000000140014138     libucrt:nlsdata.obj
 0002:00002140       ??_C@_1O@IHNHDHPB@?$AAS?$AAu?$AAn?$AAd?$AAa?$AAy@ 0000000140014140     libucrt:nlsdata.obj
 0002:00002150       ??_C@_1O@MMNBFLIA@?$AAM?$AAo?$AAn?$AAd?$AAa?$AAy@ 0000000140014150     libucrt:nlsdata.obj
 0002:00002160       ??_C@_1BA@ENFBFFEK@?$AAT?$AAu?$AAe?$AAs?$AAd?$AAa?$AAy@ 0000000140014160     libucrt:nlsdata.obj
 0002:00002170       ??_C@_1BE@EBOGMDOH@?$AAW?$AAe?$AAd?$AAn?$AAe?$AAs?$AAd?$AAa?$AAy@ 0000000140014170     libucrt:nlsdata.obj
 0002:00002188       ??_C@_1BC@HHMNLIHE@?$AAT?$AAh?$AAu?$AAr?$AAs?$AAd?$AAa?$AAy@ 0000000140014188     libucrt:nlsdata.obj
 0002:000021a0       ??_C@_1O@PDICJHAG@?$AAF?$AAr?$AAi?$AAd?$AAa?$AAy@ 00000001400141a0     libucrt:nlsdata.obj
 0002:000021b0       ??_C@_1BC@ENMNNPAJ@?$AAS?$AAa?$AAt?$AAu?$AAr?$AAd?$AAa?$AAy@ 00000001400141b0     libucrt:nlsdata.obj
 0002:000021c8       ??_C@_17DKNBKCHM@?$AAJ?$AAa?$AAn@ 00000001400141c8     libucrt:nlsdata.obj
 0002:000021d0       ??_C@_17LMDJEKJN@?$AAF?$AAe?$AAb@ 00000001400141d0     libucrt:nlsdata.obj
 0002:000021d8       ??_C@_17CKNLEDEC@?$AAM?$AAa?$AAr@ 00000001400141d8     libucrt:nlsdata.obj
 0002:000021e0       ??_C@_17LFPOIHDD@?$AAA?$AAp?$AAr@ 00000001400141e0     libucrt:nlsdata.obj
 0002:000021e8       ??_C@_17PNNKMEED@?$AAM?$AAa?$AAy@ 00000001400141e8     libucrt:nlsdata.obj
 0002:000021f0       ??_C@_17KCJGOCPB@?$AAJ?$AAu?$AAn@ 00000001400141f0     libucrt:nlsdata.obj
 0002:000021f8       ??_C@_17IJPCKHK@?$AAJ?$AAu?$AAl@ 00000001400141f8     libucrt:nlsdata.obj
 0002:00002200       ??_C@_17ICPELBCN@?$AAA?$AAu?$AAg@ 0000000140014200     libucrt:nlsdata.obj
 0002:00002208       ??_C@_17HCHCOKMG@?$AAS?$AAe?$AAp@ 0000000140014208     libucrt:nlsdata.obj
 0002:00002210       ??_C@_17FNLKOI@?$AAO?$AAc?$AAt@ 0000000140014210     libucrt:nlsdata.obj
 0002:00002218       ??_C@_17BBDMLCIG@?$AAN?$AAo?$AAv@ 0000000140014218     libucrt:nlsdata.obj
 0002:00002220       ??_C@_17EGKACKIF@?$AAD?$AAe?$AAc@ 0000000140014220     libucrt:nlsdata.obj
 0002:00002228       ??_C@_1BA@EFMEIEBA@?$AAJ?$AAa?$AAn?$AAu?$AAa?$AAr?$AAy@ 0000000140014228     libucrt:nlsdata.obj
 0002:00002238       ??_C@_1BC@JGDDFFAM@?$AAF?$AAe?$AAb?$AAr?$AAu?$AAa?$AAr?$AAy@ 0000000140014238     libucrt:nlsdata.obj
 0002:00002250       ??_C@_1M@IKEENEDF@?$AAM?$AAa?$AAr?$AAc?$AAh@ 0000000140014250     libucrt:nlsdata.obj
 0002:00002260       ??_C@_1M@GJNLMHFD@?$AAA?$AAp?$AAr?$AAi?$AAl@ 0000000140014260     libucrt:nlsdata.obj
 0002:00002270       ??_C@_19EPFLPGAP@?$AAJ?$AAu?$AAn?$AAe@ 0000000140014270     libucrt:nlsdata.obj
 0002:00002280       ??_C@_19BIFMLPCD@?$AAJ?$AAu?$AAl?$AAy@ 0000000140014280     libucrt:nlsdata.obj
 0002:00002290       ??_C@_1O@PAHLKOAC@?$AAA?$AAu?$AAg?$AAu?$AAs?$AAt@ 0000000140014290     libucrt:nlsdata.obj
 0002:000022a0       ??_C@_1BE@DKAAMBJL@?$AAS?$AAe?$AAp?$AAt?$AAe?$AAm?$AAb?$AAe?$AAr@ 00000001400142a0     libucrt:nlsdata.obj
 0002:000022b8       ??_C@_1BA@EPANDLNG@?$AAO?$AAc?$AAt?$AAo?$AAb?$AAe?$AAr@ 00000001400142b8     libucrt:nlsdata.obj
 0002:000022c8       ??_C@_1BC@BGLIFPF@?$AAN?$AAo?$AAv?$AAe?$AAm?$AAb?$AAe?$AAr@ 00000001400142c8     libucrt:nlsdata.obj
 0002:000022e0       ??_C@_1BC@FEMKIFH@?$AAD?$AAe?$AAc?$AAe?$AAm?$AAb?$AAe?$AAr@ 00000001400142e0     libucrt:nlsdata.obj
 0002:000022f4       ??_C@_15ODEHAHHF@?$AAA?$AAM@ 00000001400142f4     libucrt:nlsdata.obj
 0002:000022fc       ??_C@_15CLMNNGEL@?$AAP?$AAM@ 00000001400142fc     libucrt:nlsdata.obj
 0002:00002308       ??_C@_1BC@IEBCMHCM@?$AAM?$AAM?$AA?1?$AAd?$AAd?$AA?1?$AAy?$AAy@ 0000000140014308     libucrt:nlsdata.obj
 0002:00002320       ??_C@_1CI@KNAKOEBC@?$AAd?$AAd?$AAd?$AAd?$AA?0?$AA?5?$AAM?$AAM?$AAM?$AAM?$AA?5?$AAd?$AAd?$AA?0?$AA?5@ 0000000140014320     libucrt:nlsdata.obj
 0002:00002348       ??_C@_1BC@GDGBMEMK@?$AAH?$AAH?$AA?3?$AAm?$AAm?$AA?3?$AAs?$AAs@ 0000000140014348     libucrt:nlsdata.obj
 0002:00002360       ??_C@_1M@BMHNFIME@?$AAe?$AAn?$AA?9?$AAU?$AAS@ 0000000140014360     libucrt:nlsdata.obj
 0002:00002370       __newctype                 0000000140014370     libucrt:ctype.obj
 0002:00002670       __newclmap                 0000000140014670     libucrt:ctype.obj
 0002:000027f0       __newcumap                 00000001400147f0     libucrt:ctype.obj
 0002:00002970       ??_C@_15PJPFLCCM@?$AAu?$AAk@ 0000000140014970     libucrt:get_qualified_locale.obj
 0002:00002a30       ??_C@_1EA@JGEFHKEI@?$AAa?$AAp?$AAi?$AA?9?$AAm?$AAs?$AA?9?$AAw?$AAi?$AAn?$AA?9?$AAc?$AAo?$AAr?$AAe@ 0000000140014a30     libucrt:winapi_thunks.obj
 0002:00002a70       ??_C@_1DI@KMEPCBPN@?$AAa?$AAp?$AAi?$AA?9?$AAm?$AAs?$AA?9?$AAw?$AAi?$AAn?$AA?9?$AAc?$AAo?$AAr?$AAe@ 0000000140014a70     libucrt:winapi_thunks.obj
 0002:00002aa8       ??_C@_1DI@IJCEHOCB@?$AAa?$AAp?$AAi?$AA?9?$AAm?$AAs?$AA?9?$AAw?$AAi?$AAn?$AA?9?$AAc?$AAo?$AAr?$AAe@ 0000000140014aa8     libucrt:winapi_thunks.obj
 0002:00002ae0       ??_C@_1EI@MPIAOHOC@?$AAa?$AAp?$AAi?$AA?9?$AAm?$AAs?$AA?9?$AAw?$AAi?$AAn?$AA?9?$AAc?$AAo?$AAr?$AAe@ 0000000140014ae0     libucrt:winapi_thunks.obj
 0002:00002b30       ??_C@_1FK@FPHCKFIE@?$AAa?$AAp?$AAi?$AA?9?$AAm?$AAs?$AA?9?$AAw?$AAi?$AAn?$AA?9?$AAc?$AAo?$AAr?$AAe@ 0000000140014b30     libucrt:winapi_thunks.obj
 0002:00002b90       ??_C@_1EM@DILCGIIO@?$AAa?$AAp?$AAi?$AA?9?$AAm?$AAs?$AA?9?$AAw?$AAi?$AAn?$AA?9?$AAc?$AAo?$AAr?$AAe@ 0000000140014b90     libucrt:winapi_thunks.obj
 0002:00002be0       ??_C@_1DM@LNCGDDPN@?$AAa?$AAp?$AAi?$AA?9?$AAm?$AAs?$AA?9?$AAw?$AAi?$AAn?$AA?9?$AAc?$AAo?$AAr?$AAe@ 0000000140014be0     libucrt:winapi_thunks.obj
 0002:00002c20       ??_C@_1DO@FPAPJEMD@?$AAa?$AAp?$AAi?$AA?9?$AAm?$AAs?$AA?9?$AAw?$AAi?$AAn?$AA?9?$AAc?$AAo?$AAr?$AAe@ 0000000140014c20     libucrt:winapi_thunks.obj
 0002:00002c60       ??_C@_1DK@NDHNAHIO@?$AAa?$AAp?$AAi?$AA?9?$AAm?$AAs?$AA?9?$AAw?$AAi?$AAn?$AA?9?$AAc?$AAo?$AAr?$AAe@ 0000000140014c60     libucrt:winapi_thunks.obj
 0002:00002ca0       ??_C@_1DM@KGHDGBCM@?$AAa?$AAp?$AAi?$AA?9?$AAm?$AAs?$AA?9?$AAw?$AAi?$AAn?$AA?9?$AAc?$AAo?$AAr?$AAe@ 0000000140014ca0     libucrt:winapi_thunks.obj
 0002:00002ce0       ??_C@_1EO@IJIOEFOH@?$AAa?$AAp?$AAi?$AA?9?$AAm?$AAs?$AA?9?$AAw?$AAi?$AAn?$AA?9?$AAr?$AAt?$AAc?$AAo@ 0000000140014ce0     libucrt:winapi_thunks.obj
 0002:00002d30       ??_C@_1FG@HHGEKANL@?$AAa?$AAp?$AAi?$AA?9?$AAm?$AAs?$AA?9?$AAw?$AAi?$AAn?$AA?9?$AAs?$AAe?$AAc?$AAu@ 0000000140014d30     libucrt:winapi_thunks.obj
 0002:00002d90       ??_C@_1EG@DBIOJECG@?$AAe?$AAx?$AAt?$AA?9?$AAm?$AAs?$AA?9?$AAw?$AAi?$AAn?$AA?9?$AAn?$AAt?$AAu?$AAs@ 0000000140014d90     libucrt:winapi_thunks.obj
 0002:00002de0       ??_C@_1EO@FIHMJCLF@?$AAe?$AAx?$AAt?$AA?9?$AAm?$AAs?$AA?9?$AAw?$AAi?$AAn?$AA?9?$AAn?$AAt?$AAu?$AAs@ 0000000140014de0     libucrt:winapi_thunks.obj
 0002:00002e30       ??_C@_1BC@DNHGCMLG@?$AAa?$AAd?$AAv?$AAa?$AAp?$AAi?$AA3?$AA2@ 0000000140014e30     libucrt:winapi_thunks.obj
 0002:00002e48       ??_C@_1BG@CJPGBMEF@?$AAk?$AAe?$AAr?$AAn?$AAe?$AAl?$AAb?$AAa?$AAs?$AAe@ 0000000140014e48     libucrt:winapi_thunks.obj
 0002:00002e60       ??_C@_1M@OAIMIKLP@?$AAn?$AAt?$AAd?$AAl?$AAl@ 0000000140014e60     libucrt:winapi_thunks.obj
 0002:00002e70       ??_C@_1EG@DPGNFKGC@?$AAa?$AAp?$AAi?$AA?9?$AAm?$AAs?$AA?9?$AAw?$AAi?$AAn?$AA?9?$AAa?$AAp?$AAp?$AAm@ 0000000140014e70     libucrt:winapi_thunks.obj
 0002:00002eb8       ??_C@_1O@BCCLBEOE@?$AAu?$AAs?$AAe?$AAr?$AA3?$AA2@ 0000000140014eb8     libucrt:winapi_thunks.obj
 0002:00002ec8       ??_C@_1BA@IAIFMGEF@?$AAe?$AAx?$AAt?$AA?9?$AAm?$AAs?$AA?9@ 0000000140014ec8     libucrt:winapi_thunks.obj
 0002:00002ee0       ??_C@_0BA@FHFNEAED@AreFileApisANSI@ 0000000140014ee0     libucrt:winapi_thunks.obj
 0002:00002f00       ??_C@_0O@KKBNKAPF@LCMapStringEx@ 0000000140014f00     libucrt:winapi_thunks.obj
 0002:00002f18       ??_C@_0BB@HBDEELFH@LocaleNameToLCID@ 0000000140014f18     libucrt:winapi_thunks.obj
 0002:00002f30       ??_C@_0CF@OJOFEIGO@AppPolicyGetProcessTerminationM@ 0000000140014f30     libucrt:winapi_thunks.obj
 0002:00003da0       ??_C@_15EMKDOKLE@?$AAa?$AAr@ 0000000140015da0     libucrt:lcidtoname_downlevel.obj
 0002:00003da8       ??_C@_15KNPADPLH@?$AAb?$AAg@ 0000000140015da8     libucrt:lcidtoname_downlevel.obj
 0002:00003db0       ??_C@_15EDMHLDMO@?$AAc?$AAa@ 0000000140015db0     libucrt:lcidtoname_downlevel.obj
 0002:00003db8       ??_C@_1O@BPEAJADD@?$AAz?$AAh?$AA?9?$AAC?$AAH?$AAS@ 0000000140015db8     libucrt:lcidtoname_downlevel.obj
 0002:00003dc8       ??_C@_15LJNHCMNK@?$AAc?$AAs@ 0000000140015dc8     libucrt:lcidtoname_downlevel.obj
 0002:00003dd0       ??_C@_15FOMCIDHG@?$AAd?$AAa@ 0000000140015dd0     libucrt:lcidtoname_downlevel.obj
 0002:00003dd8       ??_C@_15NBKABECB@?$AAd?$AAe@ 0000000140015dd8     libucrt:lcidtoname_downlevel.obj
 0002:00003de0       ??_C@_15GHPEIIAO@?$AAe?$AAl@ 0000000140015de0     libucrt:lcidtoname_downlevel.obj
 0002:00003de8       ??_C@_15MNPNEAIF@?$AAe?$AAn@ 0000000140015de8     libucrt:lcidtoname_downlevel.obj
 0002:00003df0       ??_C@_15GPIOMPMH@?$AAe?$AAs@ 0000000140015df0     libucrt:lcidtoname_downlevel.obj
 0002:00003df8       ??_C@_15NGLOAKJC@?$AAf?$AAi@ 0000000140015df8     libucrt:lcidtoname_downlevel.obj
 0002:00003e00       ??_C@_15FBKGNKAM@?$AAf?$AAr@ 0000000140015e00     libucrt:lcidtoname_downlevel.obj
 0002:00003e08       ??_C@_15KGGCNEFK@?$AAh?$AAe@ 0000000140015e08     libucrt:lcidtoname_downlevel.obj
 0002:00003e10       ??_C@_15PGHLIDMF@?$AAh?$AAu@ 0000000140015e10     libucrt:lcidtoname_downlevel.obj
 0002:00003e18       ??_C@_15BIEMAPLM@?$AAi?$AAs@ 0000000140015e18     libucrt:lcidtoname_downlevel.obj
 0002:00003e20       ??_C@_15IFJLDHAF@?$AAi?$AAt@ 0000000140015e20     libucrt:lcidtoname_downlevel.obj
 0002:00003e28       ??_C@_15GEMIOCAG@?$AAj?$AAa@ 0000000140015e28     libucrt:lcidtoname_downlevel.obj
 0002:00003e30       ??_C@_15EPELEGJA@?$AAk?$AAo@ 0000000140015e30     libucrt:lcidtoname_downlevel.obj
 0002:00003e38       ??_C@_15NDDHIMN@?$AAn?$AAl@ 0000000140015e38     libucrt:lcidtoname_downlevel.obj
 0002:00003e40       ??_C@_15BPIGNHCD@?$AAn?$AAo@ 0000000140015e40     libucrt:lcidtoname_downlevel.obj
 0002:00003e48       ??_C@_15DEOPBLCG@?$AAp?$AAl@ 0000000140015e48     libucrt:lcidtoname_downlevel.obj
 0002:00003e50       ??_C@_15KBECGEFG@?$AAp?$AAt@ 0000000140015e50     libucrt:lcidtoname_downlevel.obj
[...]
 0002:00008cd0       $unwind$?destroy_fls@@YAXPEAX@Z 000000014001acd0     libucrt:per_thread_data.obj
 0002:00008cd0       $unwind$__acrt_locale_free_numeric 000000014001acd0     libucrt:initnum.obj
 0002:00008cd0       $unwind$__acrt_locale_free_lc_time_if_unreferenced 000000014001acd0     libucrt:locale_refcounting.obj
 0002:00008cd8       $unwind$?construct_ptd_array@@YAXQEAU__acrt_ptd@@@Z 000000014001acd8     libucrt:per_thread_data.obj
 0002:00008ce0       $unwind$?destroy_ptd_array@@YAXQEAU__acrt_ptd@@@Z 000000014001ace0     libucrt:per_thread_data.obj
 0002:00008ce8       $unwind$??$?RV<lambda_0ae27a3a962d80f24befdcbee591983d>@@AEAV<lambda_8d0ee55de4b1038c4002e0adecdf1839>@@V<lambda_dc504788e8f1664fe9b84e20bfb512f2>@@@?$__crt_seh_guarded_call@X@@QEAAX$$QEAV<lambda_0ae27a3a962d80f24befdcbee591983d>@@AEAV<lambda_8d0ee55de4b1038c4002e0adecdf1839>@@$$QEAV<lambda_dc504788e8f1664fe9b84e20bfb512f2>@@@Z 000000014001ace8     libucrt:per_thread_data.obj
 0002:00008d0c       $unwind$??$?RV<lambda_aa87e3671a710a21b5dc78c0bdf72e11>@@AEAV<lambda_92619d2358a28f41a33ba319515a20b9>@@V<lambda_6992ecaafeb10aed2b74cb1fae11a551>@@@?$__crt_seh_guarded_call@X@@QEAAX$$QEAV<lambda_aa87e3671a710a21b5dc78c0bdf72e11>@@AEAV<lambda_92619d2358a28f41a33ba319515a20b9>@@$$QEAV<lambda_6992ecaafeb10aed2b74cb1fae11a551>@@@Z 000000014001ad0c     libucrt:per_thread_data.obj
 0002:00008d30       $unwind$??$?RV<lambda_f2e299630e499de9f9a165e60fcd3db5>@@AEAV<lambda_2ae9d31cdba2644fcbeaf08da7c24588>@@V<lambda_40d01ff24d0e7b3814fdbdcee8eab3c7>@@@?$__crt_seh_guarded_call@X@@QEAAX$$QEAV<lambda_f2e299630e499de9f9a165e60fcd3db5>@@AEAV<lambda_2ae9d31cdba2644fcbeaf08da7c24588>@@$$QEAV<lambda_40d01ff24d0e7b3814fdbdcee8eab3c7>@@@Z 000000014001ad30     libucrt:per_thread_data.obj
 0002:00008d54       $unwind$??$?RV<lambda_2d41944a1d46af3157314b8a01080d33>@@AEAV<lambda_8f455de75cd7d7f24b4096f044d8b9e6>@@V<lambda_aa500f224e6afead328df44964fe2772>@@@?$__crt_seh_guarded_call@X@@QEAAX$$QEAV<lambda_2d41944a1d46af3157314b8a01080d33>@@AEAV<lambda_8f455de75cd7d7f24b4096f044d8b9e6>@@$$QEAV<lambda_aa500f224e6afead328df44964fe2772>@@@Z 000000014001ad54     libucrt:per_thread_data.obj
 0002:00008d78       $unwind$_invalid_parameter_noinfo 000000014001ad78     libucrt:invalid_parameter.obj
 0002:00008d78       $unwind$_log10_special     000000014001ad78     libucrt:log_special.obj
 0002:00008d80       $unwind$__acrt_call_reportfault 000000014001ad80     libucrt:invalid_parameter.obj
 0002:00008da0       $unwind$??$common_lseek_nolock@_J@@YA_JH_JHAEAV__crt_cached_ptd_host@@@Z 000000014001ada0     libucrt:lseek.obj
 0002:00008da0       $unwind$_invalid_parameter_internal 000000014001ada0     libucrt:invalid_parameter.obj
 0002:00008db4       $unwind$?get_raw_ptd_noexit@__crt_cached_ptd_host@@QEAAPEAU__acrt_ptd@@XZ 000000014001adb4     libucrt:invalid_parameter.obj
 0002:00008dc4       $unwind$_invalid_parameter 000000014001adc4     libucrt:invalid_parameter.obj
 0002:00008dd0       $unwind$??$common_expand_argv_wildcards@D@@YAHQEAPEADQEAPEAPEAD@Z 000000014001add0     libucrt:argv_wildcards.obj
 0002:00008de8       $unwind$__dcrt_get_narrow_environment_from_os 000000014001ade8     libucrt:get_environment_from_os.obj
 0002:00008de8       $unwind$??$__acrt_convert_wcs_mbs_cp@_WDV<lambda_d8593a27d1aa8c02be35c86a17d324c4>@@U__crt_win32_buffer_internal_dynamic_resizing@@@@YAHQEB_WAEAV?$__crt_win32_buffer@DU__crt_win32_buffer_internal_dynamic_resizing@@@@AEBV<lambda_d8593a27d1aa8c02be35c86a17d324c4>@@I@Z 000000014001ade8     libucrt:argv_wildcards.obj
 0002:00008e00       $unwind$??$copy_and_add_argument_to_buffer@D@@YAHQEBD0_KAEAV?$argument_list@D@?A0x5f5c8891@@@Z 000000014001ae00     libucrt:argv_wildcards.obj
 0002:00008e1c       $unwind$??$expand_argument_wildcards@D@@YAHQEAD0AEAV?$argument_list@D@?A0x5f5c8891@@@Z 000000014001ae1c     libucrt:argv_wildcards.obj
 0002:00008e3c       $unwind$__acrt_GetModuleFileNameA 000000014001ae3c     libucrt:getmodulefilenamea.obj
 0002:00008e58       $unwind$__dcrt_write_console 000000014001ae58     libucrt:initcon.obj
 0002:00008e58       $unwind$??$__acrt_convert_wcs_mbs_cp@_WDV<lambda_f788ae46380686e8b737efdd8c720d07>@@U__crt_win32_buffer_no_resizing@@@@YAHQEB_WAEAV?$__crt_win32_buffer@DU__crt_win32_buffer_no_resizing@@@@AEBV<lambda_f788ae46380686e8b737efdd8c720d07>@@I@Z 000000014001ae58     libucrt:getmodulefilenamea.obj
 0002:00008e6c       $unwind$_setmbcp_nolock    000000014001ae6c     libucrt:mbctype.obj
 0002:00008e8c       $unwind$__dcrt_lowio_ensure_console_output_initialized 000000014001ae8c     libucrt:initcon.obj
 0002:00008e8c       $unwind$?__mbrtowc_utf8@__crt_mbstring@@YA_KPEA_WPEBD_KPEAU_Mbstatet@@AEAV__crt_cached_ptd_host@@@Z 000000014001ae8c     libucrt:mbrtowc.obj
 0002:00008e8c       $unwind$?getSystemCP@@YAHH@Z 000000014001ae8c     libucrt:mbctype.obj
 0002:00008e94       $unwind$?update_thread_multibyte_data_internal@@YAPEAU__crt_multibyte_data@@QEAU__acrt_ptd@@QEAPEAU1@@Z 000000014001ae94     libucrt:mbctype.obj
 0002:00008ebc       $unwind$?setmbcp_internal@@YAHH_NQEAU__acrt_ptd@@QEAPEAU__crt_multibyte_data@@@Z 000000014001aebc     libucrt:mbctype.obj
 0002:00008ed4       $unwind$?setSBUpLow@@YAXPEAU__crt_multibyte_data@@@Z 000000014001aed4     libucrt:mbctype.obj
 0002:00008ef0       $unwind$??$?RV<lambda_efdfa57d1f175319df784efa44bb7b81>@@AEAV<lambda_5f0a4c1567f8adc6734073e5d1e1b35c>@@V<lambda_2e8a7d3640ea6ccb4c2413664c2db6fd>@@@?$__crt_seh_guarded_call@X@@QEAAX$$QEAV<lambda_efdfa57d1f175319df784efa44bb7b81>@@AEAV<lambda_5f0a4c1567f8adc6734073e5d1e1b35c>@@$$QEAV<lambda_2e8a7d3640ea6ccb4c2413664c2db6fd>@@@Z 000000014001aef0     libucrt:mbctype.obj
 0002:00008f14       $unwind$?x_ismbbtype_l@@YAHPEAU__crt_locale_pointers@@IHH@Z 000000014001af14     libucrt:ismbbyte.obj
 0002:00008f24       $unwind$__acrt_WideCharToMultiByte 000000014001af24     libucrt:widechartomultibyte.obj
 0002:00008f30       $unwind$__acrt_lowio_destroy_handle_array 000000014001af30     libucrt:osfinfo.obj
 0002:00008f40       $unwind$__acrt_lowio_ensure_fh_exists 000000014001af40     libucrt:osfinfo.obj
 0002:00008f6c       $unwind$__acrt_initialize_lowio 000000014001af6c     libucrt:ioinit.obj
 0002:00008f8c       $unwind$?initialize_inherited_file_handles_nolock@@YAXXZ 000000014001af8c     libucrt:ioinit.obj
 0002:00008fa8       $unwind$__acrt_locale_free_monetary 000000014001afa8     libucrt:initmon.obj
 0002:00008fb0       $unwind$__acrt_locale_free_time 000000014001afb0     libucrt:inittime.obj
 0002:00008fc0       $unwind$__acrt_GetStringTypeA 000000014001afc0     libucrt:getstringtypea.obj
 0002:00008fe8       $unwind$__acrt_update_thread_locale_data 000000014001afe8     libucrt:locale_refcounting.obj
 0002:0000900c       $unwind$__acrt_initialize_winapi_thunks 000000014001b00c     libucrt:winapi_thunks.obj
 0002:00009014       $unwind$__acrt_LCMapStringEx 000000014001b014     libucrt:winapi_thunks.obj
 0002:00009028       $unwind$_query_new_handler 000000014001b028     libucrt:new_handler.obj
 0002:00009048       $unwind$raise              000000014001b048     libucrt:signal.obj
 0002:00009088       $unwind$??$?RV<lambda_450d765d439847d4c735a33c368b5fc0>@@AEAV<lambda_44731a7d0e6d81c3e6aa82d741081786>@@V<lambda_601a2a7da3b7a96e9554ac7215c4b07c>@@@?$__crt_seh_guarded_call@P6AXH@Z@@QEAAP6AXH@Z$$QEAV<lambda_450d765d439847d4c735a33c368b5fc0>@@AEAV<lambda_44731a7d0e6d81c3e6aa82d741081786>@@$$QEAV<lambda_601a2a7da3b7a96e9554ac7215c4b07c>@@@Z 000000014001b088     libucrt:signal.obj
 0002:000090ac       $unwind$fclose             000000014001b0ac     libucrt:fclose.obj
 0002:000090ac       $unwind$_fflush_nolock     000000014001b0ac     libucrt:fflush.obj
 0002:000090bc       $unwind$?common_flush_all@@YAH_N@Z 000000014001b0bc     libucrt:fflush.obj
 0002:000090c4       $unwind$??$?RV<lambda_842d9ff0dc9ef11c61343bbaebe7f885>@@AEAV<lambda_c5860995281e5c4ce005b3de8f5874ee>@@V<lambda_d90129c13df834fdcbf8d2b88dafcf2d>@@@?$__crt_seh_guarded_call@X@@QEAAX$$QEAV<lambda_842d9ff0dc9ef11c61343bbaebe7f885>@@AEAV<lambda_c5860995281e5c4ce005b3de8f5874ee>@@$$QEAV<lambda_d90129c13df834fdcbf8d2b88dafcf2d>@@@Z 000000014001b0c4     libucrt:fflush.obj
 0002:000090e8       $unwind$??$?RV<lambda_886d6c58226a84441f68b9f2b8217b83>@@AEAV<lambda_ab61a845afdef5b7c387490eaf3616ee>@@V<lambda_f7f22ab5edc0698d5f6905b0d3f44752>@@@?$__crt_seh_guarded_call@X@@QEAAX$$QEAV<lambda_886d6c58226a84441f68b9f2b8217b83>@@AEAV<lambda_ab61a845afdef5b7c387490eaf3616ee>@@$$QEAV<lambda_f7f22ab5edc0698d5f6905b0d3f44752>@@@Z 000000014001b0e8     libucrt:fflush.obj
 0002:00009110       $unwind$_call_matherr      000000014001b110     libucrt:libm_error.obj
 0002:00009118       $unwind$_handle_error      000000014001b118     libucrt:libm_error.obj
 0002:00009118       $unwind$_handle_errorf     000000014001b118     libucrt:libm_error.obj
 0002:00009138       $unwind$qsort              000000014001b138     libucrt:qsort.obj
 0002:00009150       $chain$4$qsort             000000014001b150     libucrt:qsort.obj
 0002:00009174       $chain$5$qsort             000000014001b174     libucrt:qsort.obj
 0002:00009184       $unwind$strpbrk            000000014001b184     libucrt:strpbrk.obj
 0002:00009194       $unwind$fallbackMethod     000000014001b194     libucrt:strpbrk.obj
 0002:000091a4       $unwind$_mbsdec_l          000000014001b1a4     libucrt:mbsdec.obj
 0002:000091b0       $unwind$__acrt_LCMapStringA 000000014001b1b0     libucrt:lcmapstringa.obj
 0002:000091c0       $unwind$?__acrt_LCMapStringA_stat@@YAHPEAU__crt_locale_pointers@@PEB_WKPEBDHPEADHHH@Z 000000014001b1c0     libucrt:lcmapstringa.obj
 0002:000091e8       $unwind$_commit            000000014001b1e8     libucrt:commit.obj
 0002:000091f0       $unwind$??$?RV<lambda_a37b2b86f63e897a80ea819b0eb08c01>@@AEAV<lambda_38ce7e780aa69e748d6df282ebc68efe>@@V<lambda_99fb1378e971ab6e7edea83e3a7a83a2>@@@?$__crt_seh_guarded_call@H@@QEAAH$$QEAV<lambda_a37b2b86f63e897a80ea819b0eb08c01>@@AEAV<lambda_38ce7e780aa69e748d6df282ebc68efe>@@$$QEAV<lambda_99fb1378e971ab6e7edea83e3a7a83a2>@@@Z 000000014001b1f0     libucrt:commit.obj
 0002:00009214       $unwind$_write_nolock      000000014001b214     libucrt:write.obj
 0002:0000922c       $unwind$_write_internal    000000014001b22c     libucrt:write.obj
 0002:00009258       $unwind$_write_internal$fin$0 000000014001b258     libucrt:write.obj
 0002:00009258       $unwind$?fin$0@?0??_fclose_internal@@YAHQEAU_iobuf@@AEAV__crt_cached_ptd_host@@@Z@4HA 000000014001b258     libucrt:fclose.obj
 0002:00009260       $unwind$?write_double_translated_ansi_nolock@@YA?AUwrite_result@?A0x17268360@@HQEBDIAEAV__crt_cached_ptd_host@@@Z 000000014001b260     libucrt:write.obj
 0002:00009288       $ip2state$?write_double_translated_ansi_nolock@@YA?AUwrite_result@?A0x17268360@@HQEBDIAEAV__crt_cached_ptd_host@@@Z 000000014001b288     libucrt:write.obj
 0002:00009290       $unwind$?write_text_ansi_nolock@@YA?AUwrite_result@?A0x17268360@@HQEBDI@Z 000000014001b290     libucrt:write.obj
 0002:00009290       $unwind$?write_text_utf16le_nolock@@YA?AUwrite_result@?A0x17268360@@HQEBDI@Z 000000014001b290     libucrt:write.obj
 0002:000092b0       $unwind$?write_text_utf8_nolock@@YA?AUwrite_result@?A0x17268360@@HQEBDI@Z 000000014001b2b0     libucrt:write.obj
 0002:000092d4       $unwind$_fcloseall         000000014001b2d4     libucrt:closeall.obj
 0002:000092f8       $unwind$?__mbsrtowcs_utf8@__crt_mbstring@@YA_KPEA_WPEAPEBD_KPEAU_Mbstatet@@AEAV__crt_cached_ptd_host@@@Z 000000014001b2f8     libucrt:mbrtowc.obj
 0002:00009310       $unwind$_raise_exc         000000014001b310     libucrt:fpexcept.obj
 0002:00009310       $unwind$_raise_excf        000000014001b310     libucrt:fpexcept.obj
 0002:00009318       $unwind$_raise_exc_ex      000000014001b318     libucrt:fpexcept.obj
 0002:0000932c       $unwind$_ctrlfp            000000014001b32c     libucrt:fpctrl.obj
 0002:00009354       $unwind$_putwch_nolock     000000014001b354     libucrt:putwch.obj
 0002:0000935c       $unwind$?_fclose_nolock_internal@@YAHQEAU_iobuf@@AEAV__crt_cached_ptd_host@@@Z 000000014001b35c     libucrt:fclose.obj
 0002:0000936c       $unwind$?_fclose_internal@@YAHQEAU_iobuf@@AEAV__crt_cached_ptd_host@@@Z 000000014001b36c     libucrt:fclose.obj
 0002:00009390       $xdatasym                  000000014001b390     libucrt:log10.obj
 0002:0000939c       $unwind$?__mbrtoc32_utf8@__crt_mbstring@@YA_KPEA_UPEBD_KPEAU_Mbstatet@@AEAV__crt_cached_ptd_host@@@Z 000000014001b39c     libucrt:mbrtoc32.obj
 0002:000093b8       $xdatasym                  000000014001b3b8     libucrt:fpsr.obj
 0002:000093c0       $unwind$_close_internal    000000014001b3c0     libucrt:close.obj
 0002:000093c8       $unwind$??$?RV<lambda_ad8af0d99a0adf03d037d7dffe354bb5>@@AEAV<lambda_c9ba49e555ba839a7b07aa3fbecb7617>@@V<lambda_2f1ebd5d68526518146ae959c9e734c8>@@@?$__crt_seh_guarded_call@H@@QEAAH$$QEAV<lambda_ad8af0d99a0adf03d037d7dffe354bb5>@@AEAV<lambda_c9ba49e555ba839a7b07aa3fbecb7617>@@$$QEAV<lambda_2f1ebd5d68526518146ae959c9e734c8>@@@Z 000000014001b3c8     libucrt:close.obj
 0002:000093ec       $unwind$_log_special_common 000000014001b3ec     libucrt:log_special.obj
 0002:000093f8       $unwind$_IsNonwritableInCurrentImage 000000014001b3f8     LIBCMT:pesect.obj
 0002:00009420       $xdatasym                  000000014001b420     LIBCMT:chkstk.obj
 0002:00009428       $xdatasym                  000000014001b428     libvcruntime:memcmp.obj
 0002:00009890       .idata$6                   000000014001b890     user32:USER32.dll
 0002:000098ac       .idata$6                   000000014001b8ac     gdi32:GDI32.dll
 0002:00009adc       .idata$6                   000000014001badc     kernel32:KERNEL32.dll
 0003:00000000       ?XInputGetState_@@3P6AKKPEAU_XINPUT_STATE@@@ZEA 000000014001c000     win32_handmade.obj
 0003:00000008       ?XInputSetState_@@3P6AKKPEAU_XINPUT_VIBRATION@@@ZEA 000000014001c008     win32_handmade.obj
 0003:00000050       ?__vcrt_flsindex@@3KA      000000014001c050     libvcruntime:per_thread_data.obj
 0003:00000070       ?__acrt_flsindex@@3KA      000000014001c070     libucrt:per_thread_data.obj
 0003:00000074       ?errno_no_memory@@3HA      000000014001c074     libucrt:errno.obj
 0003:00000078       ?doserrno_no_memory@@3KA   000000014001c078     libucrt:errno.obj
 0003:000002b0       _mbctypes                  000000014001c2b0     libucrt:mbctype.obj
 0003:000003c0       _mbcasemaps                000000014001c3c0     libucrt:mbctype.obj
 0003:000004c0       ?__rgctypeflag@@3PADA      000000014001c4c0     libucrt:mbctype.obj
 0003:000004d0       ?__rgcode_page_info@@3PAUcode_page_info@@A 000000014001c4d0     libucrt:mbctype.obj
 0003:000008e8       ?dazSupported@?1??_ctrlfp@@9@9 000000014001c8e8     libucrt:fpctrl.obj
 0003:000009f0       ?__dcrt_lowio_console_output_handle@@3PEAXEA 000000014001c9f0     libucrt:initcon.obj
 0003:00000a70       ?t_sine@?1??GameOutputSound@@YAXPEAUgame_sound_output_buffer@@H@Z@4MA 000000014001ca70     win32_handmade.obj
 0003:00000a80       ?global_running@@3HA       000000014001ca80     win32_handmade.obj
 0003:00000a90       ?global_backbuffer@@3Uwin32_offscreen_buffer@@A 000000014001ca90     win32_handmade.obj
 0003:00000ad8       ?global_secondary_buffer@@3PEAUIDirectSoundBuffer@@EA 000000014001cad8     win32_handmade.obj
 0003:00000ae0       GS_ExceptionRecord         000000014001cae0     LIBCMT:gs_report.obj
 0003:00000b80       GS_ContextRecord           000000014001cb80     LIBCMT:gs_report.obj
 0003:00001060       ?is_initialized_as_dll@@3_NA 000000014001d060     LIBCMT:utility.obj
 0003:00001061       ?module_local_atexit_table_initialized@@3_NA 000000014001d061     LIBCMT:utility.obj
 0003:00001068       ?module_local_atexit_table@@3U_onexit_table_t@@A 000000014001d068     LIBCMT:utility.obj
 0003:00001080       ?module_local_at_quick_exit_table@@3U_onexit_table_t@@A 000000014001d080     LIBCMT:utility.obj
 0003:000010d0       ?__vcrt_startup_thread_ptd@@3U__vcrt_ptd@@A 000000014001d0d0     libvcruntime:per_thread_data.obj
 0003:00001150       __vcrt_lock_table          000000014001d150     libvcruntime:locks.obj
 0003:00001178       __vcrt_locks_initialized   000000014001d178     libvcruntime:locks.obj
 0003:000011c0       ?heap@@3V_HeapManager@@A   000000014001d1c0     libvcruntime:undname.obj
 0003:000011e8       ?module_handles@@3PAPEAUHINSTANCE__@@A 000000014001d1e8     libvcruntime:winapi_downlevel.obj
 0003:00001200       ?function_pointers@@3PAPEAXA 000000014001d200     libvcruntime:winapi_downlevel.obj
 0003:00001230       ?__acrt_app_type@@3W4_crt_app_type@@A 000000014001d230     libucrt:report_runtime_error.obj
 0003:00001238       ?user_matherr@@3V?$dual_state_global@P6AHPEAU_exception@@@Z@__crt_state_management@@A 000000014001d238     libucrt:matherr.obj
 0003:00001240       ?program_name@?1???$common_configure_argv@D@@YAHW4_crt_argv_mode@@@Z@4PADA 000000014001d240     libucrt:argv_parsing.obj
 0003:00001368       ?empty_string@?1???$common_wincmdln@E@@YAPEAEXZ@4PAEA 000000014001d368     libucrt:argv_winmain.obj
 0003:0000136c       ?c_termination_complete@@3JA 000000014001d36c     libucrt:exit.obj
 0003:00001370       ?thread_local_exit_callback_func@@3P6AXPEAXK0@ZEA 000000014001d370     libucrt:exit.obj
 0003:00001378       ?c_exit_complete@?1???R<lambda_6e4b09c48022b2350581041d5f6b0c4c>@@QEBA@XZ@4_NA 000000014001d378     libucrt:exit.obj
 0003:00001380       ?__acrt_global_new_mode@@3V?$dual_state_global@J@__crt_state_management@@A 000000014001d380     libucrt:new_mode.obj
 0003:000013c0       ?__acrt_invalid_parameter_handler@@3V?$dual_state_global@P6AXPEB_W00I_K@Z@__crt_state_management@@A 000000014001d3c0     libucrt:invalid_parameter.obj
 0003:000013e0       ?fSystemSet@@3HA           000000014001d3e0     libucrt:mbctype.obj
 0003:000013e4       ?initialized@?1??__acrt_initialize_multibyte@@9@4_NA 000000014001d3e4     libucrt:mbctype.obj
 0003:00001420       ?__acrt_lock_table@@3PAU_RTL_CRITICAL_SECTION@@A 000000014001d420     libucrt:locks.obj
 0003:00001650       ?__acrt_locks_initialized@@3IA 000000014001d650     libucrt:locks.obj
 0003:00001a70       ?module_handles@@3PAPEAUHINSTANCE__@@A 000000014001da70     libucrt:winapi_thunks.obj
 0003:00001b20       ?encoded_function_pointers@@3PAPEAXA 000000014001db20     libucrt:winapi_thunks.obj
 0003:00001c28       ?__acrt_new_handler@@3V?$dual_state_global@P6AH_K@Z@__crt_state_management@@A 000000014001dc28     libucrt:new_handler.obj
 0003:00001c30       ?ctrlc_action@@3V?$dual_state_global@P6AXH@Z@__crt_state_management@@A 000000014001dc30     libucrt:signal.obj
 0003:00001c38       ?ctrlbreak_action@@3V?$dual_state_global@P6AXH@Z@__crt_state_management@@A 000000014001dc38     libucrt:signal.obj
 0003:00001c40       ?abort_action@@3V?$dual_state_global@P6AXH@Z@__crt_state_management@@A 000000014001dc40     libucrt:signal.obj
 0003:00001c48       ?term_action@@3V?$dual_state_global@P6AXH@Z@__crt_state_management@@A 000000014001dc48     libucrt:signal.obj
 0003:00001c70       ?internal_state@?1??_mbtowc_internal@@9@4U_Mbstatet@@A 000000014001dc70     libucrt:mbtowc.obj
 0003:00001c78       ?internal_pst@?1??__mbrtoc32_utf8@__crt_mbstring@@YA_KPEA_UPEBD_KPEAU_Mbstatet@@AEAV__crt_cached_ptd_host@@@Z@4U3@A 000000014001dc78     libucrt:mbrtoc32.obj
 0005:00000000       SetSmall                   0000000140020000     libvcruntime:memset.obj
 0005:00000040       SetSmallYmm                0000000140020040     libvcruntime:memset.obj
 0005:00000064       SetSmallYmmNT              0000000140020064     libvcruntime:memset.obj
 0005:00000088       SetSmallXmm                0000000140020088     libvcruntime:memset.obj
 0005:000000b0       MoveSmall                  00000001400200b0     libvcruntime:memcpy.obj
 0005:000000f0       MoveSmallYmm               00000001400200f0     libvcruntime:memcpy.obj
 0005:00000114       MoveSmallYmmNT             0000000140020114     libvcruntime:memcpy.obj
 0005:00000138       MoveSmallXmm               0000000140020138     libvcruntime:memcpy.obj
