 win32_handmade

 Timestamp is 64b00149 (Thu Jul 13 16:51:05 2023)

 Preferred load address is 0000000140000000

 Start         Length     Name                   Class
 0001:00000000 000101b0H .text$mn                CODE
 0001:000101b0 00000040H .text$mn$00             CODE
 0001:000101f0 00000440H .text$x                 CODE
 0002:00000000 000002e8H .idata$5                DATA
 0002:000002e8 00000038H .00cfg                  DATA
 0002:00000320 00000008H .CRT$XCA                DATA
 0002:00000328 00000008H .CRT$XCAA               DATA
 0002:00000330 00000008H .CRT$XCZ                DATA
 0002:00000338 00000008H .CRT$XIA                DATA
 0002:00000340 00000008H .CRT$XIAA               DATA
 0002:00000348 00000008H .CRT$XIAC               DATA
 0002:00000350 00000020H .CRT$XIC                DATA
 0002:00000370 00000008H .CRT$XIZ                DATA
 0002:00000378 00000008H .CRT$XPA                DATA
 0002:00000380 00000010H .CRT$XPX                DATA
 0002:00000390 00000008H .CRT$XPXA               DATA
 0002:00000398 00000008H .CRT$XPZ                DATA
 0002:000003a0 00000008H .CRT$XTA                DATA
 0002:000003a8 00000008H .CRT$XTZ                DATA
 0002:000003b0 00000000H .gehcont$y              DATA
 0002:000003b0 00000000H .gfids$y                DATA
 0002:000003b0 00007b50H .rdata                  DATA
 0002:00007f00 00000000H .rdata$CastGuardVftablesA DATA
 0002:00007f00 00000000H .rdata$CastGuardVftablesC DATA
 0002:00007f00 0000016cH .rdata$r                DATA
 0002:0000806c 00000240H .rdata$voltmd           DATA
 0002:000082ac 0000033cH .rdata$zzzdbg           DATA
 0002:000085e8 00000008H .rtc$IAA                DATA
 0002:000085f0 00000008H .rtc$IZZ                DATA
 0002:000085f8 00000008H .rtc$TAA                DATA
 0002:00008600 00000008H .rtc$TZZ                DATA
 0002:00008608 00000e10H .xdata                  DATA
 0002:00009418 00000084H .xdata$x                DATA
 0002:0000949c 00000000H .edata                  DATA
 0002:0000949c 0000003cH .idata$2                DATA
 0002:000094d8 00000018H .idata$3                DATA
 0002:000094f0 000002e8H .idata$4                DATA
 0002:000097d8 00000676H .idata$6                DATA
 0003:00000000 00000a00H .data                   DATA
 0003:00000a00 00000050H .data$r                 DATA
 0003:00000a50 00000020H .data$rs                DATA
 0003:00000a70 00001228H .bss                    DATA
 0004:00000000 000010a4H .pdata                  DATA
 0005:00000000 0000015cH _RDATA                  DATA

  Address         Publics by Value              Rva+Base               Lib:Object

 0000:00000000       __AbsoluteZero             0000000000000000     <absolute>
 0000:00000000       ___safe_se_handler_count   0000000000000000     <absolute>
 0000:00000000       ___safe_se_handler_table   0000000000000000     <absolute>
 0000:00000000       __arm64x_extra_rfe_table   0000000000000000     <absolute>
 0000:00000000       __arm64x_extra_rfe_table_size 0000000000000000     <absolute>
 0000:00000000       __arm64x_native_entrypoint 0000000000000000     <absolute>
 0000:00000000       __arm64x_redirection_metadata 0000000000000000     <absolute>
 0000:00000000       __arm64x_redirection_metadata_count 0000000000000000     <absolute>
 0000:00000000       __dynamic_value_reloc_table 0000000000000000     <absolute>
 0000:00000000       __enclave_config           0000000000000000     <absolute>
 0000:00000000       __guard_check_icall_a64n_fptr 0000000000000000     <absolute>
 0000:00000000       __guard_eh_cont_count      0000000000000000     <absolute>
 0000:00000000       __guard_eh_cont_table      0000000000000000     <absolute>
 0000:00000000       __guard_fids_count         0000000000000000     <absolute>
 0000:00000000       __guard_fids_table         0000000000000000     <absolute>
 0000:00000000       __guard_iat_count          0000000000000000     <absolute>
 0000:00000000       __guard_iat_table          0000000000000000     <absolute>
 0000:00000000       __guard_longjmp_count      0000000000000000     <absolute>
 0000:00000000       __guard_longjmp_table      0000000000000000     <absolute>
 0000:00000000       __hybrid_auxiliary_iat     0000000000000000     <absolute>
 0000:00000000       __hybrid_auxiliary_iat_copy 0000000000000000     <absolute>
 0000:00000000       __hybrid_code_map          0000000000000000     <absolute>
 0000:00000000       __hybrid_code_map_count    0000000000000000     <absolute>
 0000:00000000       __x64_code_ranges_to_entry_points 0000000000000000     <absolute>
 0000:00000000       __x64_code_ranges_to_entry_points_count 0000000000000000     <absolute>
 0000:00000100       __guard_flags              0000000000000100     <absolute>
 0000:00000000       __ImageBase                0000000140000000     <linker-defined>
 0001:00000000       WinMain                    0000000140001000 f   win32_handmade.obj
 0001:000013f0       ?XInputGetStateStub@@YAKKPEAU_XINPUT_STATE@@@Z 00000001400023f0 f   win32_handmade.obj
 0001:00001410       ?XInputSetStateStub@@YAKKPEAU_XINPUT_VIBRATION@@@Z 0000000140002410 f   win32_handmade.obj
 0001:00001fa0       ?SafeTruncateUInt64@@YAI_K@Z 0000000140002fa0 f i win32_handmade.obj
 0001:00001fd0       __GSHandlerCheck           0000000140002fd0 f   LIBCMT:gshandler.obj
 0001:00001ff0       __GSHandlerCheckCommon     0000000140002ff0 f   LIBCMT:gshandler.obj
 0001:00002060       __security_check_cookie    0000000140003060 f   LIBCMT:amdsecgs.obj
 0001:000022d8       WinMainCRTStartup          00000001400032d8 f   LIBCMT:exe_winmain.obj
 0001:000022ec       __raise_securityfailure    00000001400032ec f   LIBCMT:gs_report.obj
 0001:00002320       __report_gsfailure         0000000140003320 f   LIBCMT:gs_report.obj
 0001:000023f4       __report_rangecheckfailure 00000001400033f4 f   LIBCMT:gs_report.obj
 0001:00002408       __report_securityfailure   0000000140003408 f   LIBCMT:gs_report.obj
 0001:00002588       __scrt_acquire_startup_lock 0000000140003588 f   LIBCMT:utility.obj
 0001:000025c4       __scrt_initialize_crt      00000001400035c4 f   LIBCMT:utility.obj
 0001:00002610       __scrt_initialize_onexit_tables 0000000140003610 f   LIBCMT:utility.obj
 0001:0000269c       __scrt_is_nonwritable_in_current_image 000000014000369c f   LIBCMT:utility.obj
 0001:00002734       __scrt_release_startup_lock 0000000140003734 f   LIBCMT:utility.obj
 0001:00002758       __scrt_uninitialize_crt    0000000140003758 f   LIBCMT:utility.obj
 0001:00002784       _onexit                    0000000140003784 f   LIBCMT:utility.obj
 0001:000027c0       atexit                     00000001400037c0 f   LIBCMT:utility.obj
 0001:000027d8       __security_init_cookie     00000001400037d8 f   LIBCMT:gs_support.obj
 0001:00002884       __scrt_exe_initialize_mta  0000000140003884 f   LIBCMT:utility_desktop.obj
 0001:00002884       __scrt_initialize_winrt    0000000140003884 f   LIBCMT:utility_desktop.obj
 0001:00002884       __scrt_stub_for_initialize_mta 0000000140003884 f   LIBCMT:utility_desktop.obj
 0001:00002884       _get_startup_commit_mode   0000000140003884 f   LIBCMT:commit_mode.obj
 0001:00002884       _get_startup_new_mode      0000000140003884 f   LIBCMT:new_mode.obj
 0001:00002884       _get_startup_thread_locale_mode 0000000140003884 f   LIBCMT:thread_locale.obj
 0001:00002884       _matherr                   0000000140003884 f   LIBCMT:matherr.obj
 0001:00002888       _get_startup_argv_mode     0000000140003888 f   LIBCMT:argv_mode.obj
 0001:00002890       _get_startup_file_mode     0000000140003890 f   LIBCMT:file_mode.obj
 0001:00002898       ?__scrt_initialize_type_info@@YAXXZ 0000000140003898 f   LIBCMT:tncleanup.obj
 0001:000028a8       __acrt_uninitialize_command_line 00000001400038a8 f   libucrt:argv_data.obj
 0001:000028a8       _should_initialize_environment 00000001400038a8 f   LIBCMT:env_mode.obj
 0001:000028ac       _guard_check_icall_nop     00000001400038ac f   LIBCMT:guard_support.obj
 0001:000028ac       _initialize_denormal_control 00000001400038ac f   LIBCMT:denormal_control.obj
 0001:000028ac       _initialize_invalid_parameter_handler 00000001400038ac f   LIBCMT:invalid_parameter_handler.obj
 0001:000028b0       __local_stdio_printf_options 00000001400038b0 f i LIBCMT:default_local_stdio_options.obj
 0001:000028b8       __local_stdio_scanf_options 00000001400038b8 f i LIBCMT:default_local_stdio_options.obj
 0001:000028c0       __scrt_initialize_default_local_stdio_options 00000001400038c0 f   LIBCMT:default_local_stdio_options.obj
 0001:000028dc       __scrt_is_user_matherr_present 00000001400038dc f   LIBCMT:matherr_detection.obj
 0001:000028e8       __scrt_get_dyn_tls_init_callback 00000001400038e8 f   LIBCMT:dyn_tls_init.obj
 0001:000028f0       __scrt_get_dyn_tls_dtor_callback 00000001400038f0 f   LIBCMT:dyn_tls_dtor.obj
 0001:000028f8       __crt_debugger_hook        00000001400038f8 f   LIBCMT:utility_desktop.obj
 0001:00002900       __scrt_fastfail            0000000140003900 f   LIBCMT:utility_desktop.obj
 0001:00002a4c       __scrt_get_show_window_mode 0000000140003a4c f   LIBCMT:utility_desktop.obj
 0001:00002a88       __scrt_initialize_mta      0000000140003a88 f   LIBCMT:utility_desktop.obj
 0001:00002a90       __scrt_is_managed_app      0000000140003a90 f   LIBCMT:utility_desktop.obj
 0001:00002ae4       __scrt_set_unhandled_exception_filter 0000000140003ae4 f   LIBCMT:utility_desktop.obj
 0001:00002af4       __scrt_unhandled_exception_filter 0000000140003af4 f   LIBCMT:utility_desktop.obj
 0001:00002b50       _RTC_Initialize            0000000140003b50 f   LIBCMT:initsect.obj
 0001:00002b8c       _RTC_Terminate             0000000140003b8c f   LIBCMT:initsect.obj
 0001:00002bc8       __isa_available_init       0000000140003bc8 f   LIBCMT:cpu_disp.obj
 0001:00002d74       __scrt_is_ucrt_dll_in_use  0000000140003d74 f   LIBCMT:ucrt_detection.obj
 0001:00002d80       __C_specific_handler       0000000140003d80 f   libvcruntime:riscchandler.obj
 0001:00002f78       __vcrt_initialize          0000000140003f78 f   libvcruntime:initialization.obj
 0001:00002fa0       __vcrt_uninitialize        0000000140003fa0 f   libvcruntime:initialization.obj
 0001:00002fbc       __std_type_info_compare    0000000140003fbc f   libvcruntime:std_type_info.obj
 0001:00002fe4       __DestructExceptionObject  0000000140003fe4 f   libvcruntime:ehhelpers.obj
 0001:00003054       ?_CallMemberFunction0@@YAXQEAX0@Z 0000000140004054 f i libvcruntime:ehhelpers.obj
 0001:00003058       _IsExceptionObjectToBeDestroyed 0000000140004058 f   libvcruntime:ehhelpers.obj
 0001:00003088       __AdjustPointer            0000000140004088 f   libvcruntime:ehhelpers.obj
 0001:000030ac       __FrameUnwindFilter        00000001400040ac f   libvcruntime:ehhelpers.obj
 0001:00003114       __current_exception        0000000140004114 f   libvcruntime:ehhelpers.obj
 0001:00003128       __current_exception_context 0000000140004128 f   libvcruntime:ehhelpers.obj
 0001:0000313c       __std_terminate            000000014000413c f   libvcruntime:ehhelpers.obj
 0001:00003160       memset_repstos             0000000140004160 f   libvcruntime:memset.obj
 0001:00003180       memset                     0000000140004180 f   libvcruntime:memset.obj
 0001:00003520       _NLG_Notify                0000000140004520 f   libvcruntime:notify.obj
 0001:00003540       __NLG_Dispatch2            0000000140004540 f   libvcruntime:notify.obj
 0001:00003550       __NLG_Return2              0000000140004550 f   libvcruntime:notify.obj
 0001:00003554       __except_validate_context_record 0000000140004554 f   libvcruntime:jbcxrval.obj
 0001:0000358c       __vcrt_freefls             000000014000458c f   libvcruntime:per_thread_data.obj
 0001:000035ac       __vcrt_getptd              00000001400045ac f   libvcruntime:per_thread_data.obj
 0001:000035c8       __vcrt_getptd_noexit       00000001400045c8 f   libvcruntime:per_thread_data.obj
 0001:00003688       __vcrt_initialize_ptd      0000000140004688 f   libvcruntime:per_thread_data.obj
 0001:000036d0       __vcrt_uninitialize_ptd    00000001400046d0 f   libvcruntime:per_thread_data.obj
 0001:000036f4       __vcrt_initialize_locks    00000001400046f4 f   libvcruntime:locks.obj
 0001:0000373c       __vcrt_uninitialize_locks  000000014000473c f   libvcruntime:locks.obj
 0001:000038c4       __vcrt_FlsAlloc            00000001400048c4 f   libvcruntime:winapi_downlevel.obj
 0001:0000390c       __vcrt_FlsFree             000000014000490c f   libvcruntime:winapi_downlevel.obj
 0001:00003954       __vcrt_FlsGetValue         0000000140004954 f   libvcruntime:winapi_downlevel.obj
 0001:0000399c       __vcrt_FlsSetValue         000000014000499c f   libvcruntime:winapi_downlevel.obj
 0001:000039f0       __vcrt_InitializeCriticalSectionEx 00000001400049f0 f   libvcruntime:winapi_downlevel.obj
 0001:00003a54       ??$_CallSETranslator@V__FrameHandler3@@@@YAHPEAUEHExceptionRecord@@PEA_KPEAU_CONTEXT@@PEAU_xDISPATCHER_CONTEXT@@PEBU_s_FuncInfo@@K1H@Z 0000000140004a54 f i libvcruntime:risctrnsctrl.obj
 0001:00003aa8       ?CatchTryBlock@__FrameHandler3@@SAPEBU_s_TryBlockMapEntry@@PEBU_s_FuncInfo@@H@Z 0000000140004aa8 f   libvcruntime:risctrnsctrl.obj
 0001:00003b0c       ?ExecutionInCatch@__FrameHandler3@@SA_NPEAU_xDISPATCHER_CONTEXT@@PEBU_s_FuncInfo@@@Z 0000000140004b0c f   libvcruntime:risctrnsctrl.obj
 0001:00003b38       ?FrameUnwindToEmptyState@__FrameHandler3@@SAXPEA_KPEAU_xDISPATCHER_CONTEXT@@PEBU_s_FuncInfo@@@Z 0000000140004b38 f   libvcruntime:risctrnsctrl.obj
 0001:00003b9c       ?GetEstablisherFrame@__FrameHandler3@@SAPEA_KPEA_KPEAU_xDISPATCHER_CONTEXT@@PEBU_s_FuncInfo@@0@Z 0000000140004b9c f   libvcruntime:risctrnsctrl.obj
 0001:00003c68       ?GetRangeOfTrysToCheck@__FrameHandler3@@SA?AU?$pair@Viterator@TryBlockMap@__FrameHandler3@@V123@@std@@AEAVTryBlockMap@1@HPEAU_xDISPATCHER_CONTEXT@@PEBU_s_FuncInfo@@H@Z 0000000140004c68 f   libvcruntime:risctrnsctrl.obj
 0001:00003da8       ?UnwindNestedFrames@__FrameHandler3@@SAXPEA_KPEAUEHExceptionRecord@@PEAU_CONTEXT@@0PEAXPEBU_s_FuncInfo@@HHPEBU_s_HandlerType@@PEAU_xDISPATCHER_CONTEXT@@E@Z 0000000140004da8 f   libvcruntime:risctrnsctrl.obj
 0001:00003eac       _CreateFrameInfo           0000000140004eac f   libvcruntime:risctrnsctrl.obj
 0001:00003ee8       _FindAndUnlinkFrame        0000000140004ee8 f   libvcruntime:risctrnsctrl.obj
 0001:00003f3c       _GetImageBase              0000000140004f3c f   libvcruntime:risctrnsctrl.obj
 0001:00003f50       _GetThrowImageBase         0000000140004f50 f   libvcruntime:risctrnsctrl.obj
 0001:00003f64       _SetImageBase              0000000140004f64 f   libvcruntime:risctrnsctrl.obj
 0001:00003f7c       _SetThrowImageBase         0000000140004f7c f   libvcruntime:risctrnsctrl.obj
 0001:00003f94       __CxxFrameHandler3         0000000140004f94 f   libvcruntime:risctrnsctrl.obj
 0001:00004030       memcpy_repmovs             0000000140005030 f   libvcruntime:memcpy.obj
 0001:00004050       memcpy                     0000000140005050 f   libvcruntime:memcpy.obj
 0001:00004050       memmove                    0000000140005050 f   libvcruntime:memcpy.obj
 0001:000046c8       ?GetCurrentState@__FrameHandler3@@SAHPEA_KPEAU_xDISPATCHER_CONTEXT@@PEBU_s_FuncInfo@@@Z 00000001400056c8 f   libvcruntime:ehstate.obj
 0001:000046f0       ?GetUnwindTryBlock@__FrameHandler3@@SAHPEA_KPEAU_xDISPATCHER_CONTEXT@@PEBU_s_FuncInfo@@@Z 00000001400056f0 f   libvcruntime:ehstate.obj
 0001:0000471c       ?SetState@__FrameHandler3@@SAXPEA_KPEBU_s_FuncInfo@@H@Z 000000014000571c f   libvcruntime:ehstate.obj
 0001:00004728       ?SetUnwindTryBlock@__FrameHandler3@@SAXPEA_KPEAU_xDISPATCHER_CONTEXT@@PEBU_s_FuncInfo@@H@Z 0000000140005728 f   libvcruntime:ehstate.obj
 0001:00004764       ?StateFromControlPc@__FrameHandler3@@SAHPEBU_s_FuncInfo@@PEAU_xDISPATCHER_CONTEXT@@@Z 0000000140005764 f   libvcruntime:ehstate.obj
 0001:0000476c       ?StateFromIp@__FrameHandler3@@SAHPEBU_s_FuncInfo@@PEAU_xDISPATCHER_CONTEXT@@_K@Z 000000014000576c f   libvcruntime:ehstate.obj
 0001:0000525c       ??$TypeMatchHelper@V__FrameHandler3@@@@YAHPEBU_s_HandlerType@@PEBU_s_CatchableType@@PEBU_s_ThrowInfo@@@Z 000000014000625c f i libvcruntime:frame.obj
 0001:0000539c       ??$__InternalCxxFrameHandler@V__FrameHandler3@@@@YA?AW4_EXCEPTION_DISPOSITION@@PEAUEHExceptionRecord@@PEA_KPEAU_CONTEXT@@PEAU_xDISPATCHER_CONTEXT@@PEBU_s_FuncInfo@@H1E@Z 000000014000639c f i libvcruntime:frame.obj
 0001:000055d4       ??$__InternalCxxFrameHandlerWrapper@V__FrameHandler3@@@@YA?AW4_EXCEPTION_DISPOSITION@@PEAUEHExceptionRecord@@PEA_KPEAU_CONTEXT@@PEAU_xDISPATCHER_CONTEXT@@PEBU_s_FuncInfo@@H1E@Z 00000001400065d4 f i libvcruntime:frame.obj
 0001:000055dc       ??0bad_exception@std@@QEAA@AEBV01@@Z 00000001400065dc f i libvcruntime:frame.obj
 0001:00005618       ??0bad_exception@std@@QEAA@XZ 0000000140006618 f i libvcruntime:frame.obj
 0001:00005638       ??0exception@std@@QEAA@AEBV01@@Z 0000000140006638 f i libvcruntime:frame.obj
 0001:0000566c       ??1bad_exception@std@@UEAA@XZ 000000014000666c f i libvcruntime:frame.obj
 0001:00005680       ??_Ebad_exception@std@@UEAAPEAXI@Z 0000000140006680 f i libvcruntime:frame.obj
 0001:00005680       ??_Eexception@std@@UEAAPEAXI@Z 0000000140006680 f i libvcruntime:frame.obj
 0001:00005680       ??_Gbad_exception@std@@UEAAPEAXI@Z 0000000140006680 f i libvcruntime:frame.obj
 0001:00005680       ??_Gexception@std@@UEAAPEAXI@Z 0000000140006680 f i libvcruntime:frame.obj
 0001:000056c4       ?CxxCallCatchBlock@__FrameHandler3@@SAPEAXPEAU_EXCEPTION_RECORD@@@Z 00000001400066c4 f   libvcruntime:frame.obj
 0001:00005938       ?FrameUnwindToState@__FrameHandler3@@SAXPEA_KPEAU_xDISPATCHER_CONTEXT@@PEBU_s_FuncInfo@@H@Z 0000000140006938 f   libvcruntime:frame.obj
 0001:00005ac4       ?GetHandlerSearchState@__FrameHandler3@@SAHPEA_KPEAU_xDISPATCHER_CONTEXT@@PEBU_s_FuncInfo@@@Z 0000000140006ac4 f i libvcruntime:frame.obj
 0001:00005cd4       ?_CallMemberFunction1@@YAXQEAX00@Z 0000000140006cd4 f i libvcruntime:frame.obj
 0001:00005ce0       ?_CallMemberFunction2@@YAXQEAX00H@Z 0000000140006ce0 f i libvcruntime:frame.obj
 0001:00005cf0       ?what@exception@std@@UEBAPEBDXZ 0000000140006cf0 f i libvcruntime:frame.obj
 0001:00005d20       _CallSettingFrame          0000000140006d20 f   libvcruntime:handlers.obj
 0001:00005d70       _CallSettingFrame_LookupContinuationIndex 0000000140006d70 f   libvcruntime:handlers.obj
 0001:00005da0       _CallSettingFrame_NotifyContinuationAddr 0000000140006da0 f   libvcruntime:handlers.obj
 0001:00005dd0       _CallSettingFrameEncoded   0000000140006dd0 f   libvcruntime:handlers.obj
 0001:00005e18       __std_exception_copy       0000000140006e18 f   libvcruntime:std_exception.obj
 0001:00005ea8       __std_exception_destroy    0000000140006ea8 f   libvcruntime:std_exception.obj
 0001:00005ed0       _CxxThrowException         0000000140006ed0 f   libvcruntime:throw.obj
 0001:00005f70       sinf                       0000000140006f70 f   libucrt:sinf.obj
 0001:00006668       _seh_filter_exe            0000000140007668 f   libucrt:exception_filter.obj
 0001:000067ec       _query_app_type            00000001400077ec f   libucrt:report_runtime_error.obj
 0001:000067f4       _set_app_type              00000001400077f4 f   libucrt:report_runtime_error.obj
 0001:000067fc       __acrt_has_user_matherr    00000001400077fc f   libucrt:matherr.obj
 0001:0000681c       __acrt_initialize_user_matherr 000000014000781c f   libucrt:matherr.obj
 0001:00006824       __acrt_invoke_user_matherr 0000000140007824 f   libucrt:matherr.obj
 0001:00006860       __setusermatherr           0000000140007860 f   libucrt:matherr.obj
 0001:00006a50       __acrt_allocate_buffer_for_argv 0000000140007a50 f   libucrt:argv_parsing.obj
 0001:00006ab0       _configure_narrow_argv     0000000140007ab0 f   libucrt:argv_parsing.obj
 0001:00006e38       __dcrt_uninitialize_environments_nolock 0000000140007e38 f   libucrt:environment_initialization.obj
 0001:00006e7c       _initialize_narrow_environment 0000000140007e7c f   libucrt:environment_initialization.obj
 0001:00006e84       _get_narrow_winmain_command_line 0000000140007e84 f   libucrt:argv_winmain.obj
 0001:00006ef4       _initterm                  0000000140007ef4 f   libucrt:initterm.obj
 0001:00006f38       _initterm_e                0000000140007f38 f   libucrt:initterm.obj
 0001:00007214       __acrt_initialize_thread_local_exit_callback 0000000140008214 f   libucrt:exit.obj
 0001:0000721c       _c_exit                    000000014000821c f   libucrt:exit.obj
 0001:0000722c       _cexit                     000000014000822c f   libucrt:exit.obj
 0001:0000723c       _exit                      000000014000823c f   libucrt:exit.obj
 0001:00007248       _register_thread_local_exe_atexit_callback 0000000140008248 f   libucrt:exit.obj
 0001:00007288       exit                       0000000140008288 f   libucrt:exit.obj
 0001:00007294       _set_fmode                 0000000140008294 f   libucrt:setmode.obj
 0001:00007344       __acrt_set_locale_changed  0000000140008344 f   libucrt:wsetlocale.obj
 0001:00007350       __acrt_uninitialize_locale 0000000140008350 f   libucrt:wsetlocale.obj
 0001:00007380       _configthreadlocale        0000000140008380 f   libucrt:wsetlocale.obj
 0001:000073ec       _query_new_mode            00000001400083ec f   libucrt:new_mode.obj
 0001:000073f4       _set_new_mode              00000001400083f4 f   libucrt:new_mode.obj
 0001:00007420       __p__commode               0000000140008420 f   libucrt:ncommode.obj
 0001:00007770       _crt_atexit                0000000140008770 f   libucrt:onexit.obj
 0001:00007780       _execute_onexit_table      0000000140008780 f   libucrt:onexit.obj
 0001:000077c4       _initialize_onexit_table   00000001400087c4 f   libucrt:onexit.obj
 0001:000077ec       _register_onexit_function  00000001400087ec f   libucrt:onexit.obj
 0001:00007960       __acrt_initialize          0000000140008960 f   libucrt:initialization.obj
 0001:00007974       __acrt_uninitialize        0000000140008974 f   libucrt:initialization.obj
 0001:000079ac       terminate                  00000001400089ac f   libucrt:terminate.obj
 0001:000079d8       free                       00000001400089d8 f   libucrt:free.obj
 0001:000079ec       malloc                     00000001400089ec f   libucrt:malloc.obj
 0001:000079f4       strcpy_s                   00000001400089f4 f   libucrt:strcpy_s.obj
 0001:00007a54       abort                      0000000140008a54 f   libucrt:abort.obj
 0001:00007aac       calloc                     0000000140008aac f   libucrt:calloc.obj
 0001:00007ac0       ?get_raw_ptd@__crt_cached_ptd_host@@QEAAPEAU__acrt_ptd@@XZ 0000000140008ac0 f i libucrt:output.obj
 0001:00007b30       ?update_locale_slow@__crt_cached_ptd_host@@AEAAXXZ 0000000140008b30 f i libucrt:output.obj
 0001:00007bc0       strncmp                    0000000140008bc0 f   libucrt:strncmp.obj
 0001:00007c40       wcsncmp                    0000000140008c40 f   libucrt:wcsncmp.obj
 0001:00007c70       __acrt_initialize_fma3     0000000140008c70 f   libucrt:fma3_available.obj
 0001:00007ce0       __remainder_piby2d2f_forC  0000000140008ce0 f   libucrt:remainder_piby2f_forc.obj
 0001:00007ef8       _sinf_special              0000000140008ef8 f   libucrt:sincos_special.obj
 0001:00008284       __acrt_getptd              0000000140009284 f   libucrt:per_thread_data.obj
 0001:00008358       __acrt_getptd_head         0000000140009358 f   libucrt:per_thread_data.obj
 0001:000083fc       __acrt_getptd_noexit       00000001400093fc f   libucrt:per_thread_data.obj
 0001:000084c4       __acrt_getptd_noexit_explicit 00000001400094c4 f   libucrt:per_thread_data.obj
 0001:00008584       __acrt_initialize_ptd      0000000140009584 f   libucrt:per_thread_data.obj
 0001:000085c0       __acrt_uninitialize_ptd    00000001400095c0 f   libucrt:per_thread_data.obj
 0001:000085e4       ?get_raw_ptd_noexit@__crt_cached_ptd_host@@QEAAPEAU__acrt_ptd@@XZ 00000001400095e4 f i libucrt:invalid_parameter.obj
 0001:00008650       ?value@?$dual_state_global@P6AXPEB_W00I_K@Z@__crt_state_management@@QEAAAEAP6AXPEB_W00I_K@ZAEAV__crt_cached_ptd_host@@@Z 0000000140009650 f i libucrt:invalid_parameter.obj
 0001:0000869c       __acrt_call_reportfault    000000014000969c f   libucrt:invalid_parameter.obj
 0001:000087f8       __acrt_initialize_invalid_parameter_handler 00000001400097f8 f   libucrt:invalid_parameter.obj
 0001:00008800       _invalid_parameter         0000000140009800 f   libucrt:invalid_parameter.obj
 0001:0000889c       _invalid_parameter_internal 000000014000989c f   libucrt:invalid_parameter.obj
 0001:00008968       _invalid_parameter_noinfo  0000000140009968 f   libucrt:invalid_parameter.obj
 0001:00008988       _invoke_watson             0000000140009988 f   libucrt:invalid_parameter.obj
 0001:000089d0       __acrt_errno_from_os_error 00000001400099d0 f   libucrt:errno.obj
 0001:00008a18       __acrt_errno_map_os_error  0000000140009a18 f   libucrt:errno.obj
 0001:00008a60       __acrt_errno_map_os_error_ptd 0000000140009a60 f   libucrt:errno.obj
 0001:00008a84       __doserrno                 0000000140009a84 f   libucrt:errno.obj
 0001:00008aa4       _errno                     0000000140009aa4 f   libucrt:errno.obj
 0001:00008ac4       _calloc_base               0000000140009ac4 f   libucrt:calloc_base.obj
 0001:00008b3c       _free_base                 0000000140009b3c f   libucrt:free_base.obj
 0001:00008b8c       ??$__acrt_convert_wcs_mbs_cp@D_WV<lambda_7c9dea7b4ca7285d2cdb541a38da6275>@@U__crt_win32_buffer_internal_dynamic_resizing@@@@YAHQEBDAEAV?$__crt_win32_buffer@_WU__crt_win32_buffer_internal_dynamic_resizing@@@@AEBV<lambda_7c9dea7b4ca7285d2cdb541a38da6275>@@I@Z 0000000140009b8c f i libucrt:argv_wildcards.obj
 0001:00008d08       ??$__acrt_convert_wcs_mbs_cp@_WDV<lambda_d8593a27d1aa8c02be35c86a17d324c4>@@U__crt_win32_buffer_internal_dynamic_resizing@@@@YAHQEB_WAEAV?$__crt_win32_buffer@DU__crt_win32_buffer_internal_dynamic_resizing@@@@AEBV<lambda_d8593a27d1aa8c02be35c86a17d324c4>@@I@Z 0000000140009d08 f i libucrt:argv_wildcards.obj
 0001:000095ac       ??0_LocaleUpdate@@QEAA@QEAU__crt_locale_pointers@@@Z 000000014000a5ac f i libucrt:argv_wildcards.obj
 0001:00009648       __acrt_expand_narrow_argv_wildcards 000000014000a648 f   libucrt:argv_wildcards.obj
 0001:00009650       ??$__acrt_convert_wcs_mbs_cp@_WDV<lambda_f788ae46380686e8b737efdd8c720d07>@@U__crt_win32_buffer_no_resizing@@@@YAHQEB_WAEAV?$__crt_win32_buffer@DU__crt_win32_buffer_no_resizing@@@@AEBV<lambda_f788ae46380686e8b737efdd8c720d07>@@I@Z 000000014000a650 f i libucrt:getmodulefilenamea.obj
 0001:0000976c       __acrt_GetModuleFileNameA  000000014000a76c f   libucrt:getmodulefilenamea.obj
 0001:0000a088       __acrt_initialize_multibyte 000000014000b088 f   libucrt:mbctype.obj
 0001:0000a0e8       __acrt_update_thread_multibyte_data 000000014000b0e8 f   libucrt:mbctype.obj
 0001:0000a104       _setmbcp_nolock            000000014000b104 f   libucrt:mbctype.obj
 0001:0000a438       _ismbblead                 000000014000b438 f   libucrt:ismbbyte.obj
 0001:0000a44c       __acrt_initialize_command_line 000000014000b44c f   libucrt:argv_data.obj
 0001:0000a474       __acrt_MultiByteToWideChar 000000014000b474 f   libucrt:multibytetowidechar.obj
 0001:0000a504       __acrt_WideCharToMultiByte 000000014000b504 f   libucrt:widechartomultibyte.obj
 0001:0000a5e4       __dcrt_get_narrow_environment_from_os 000000014000b5e4 f   libucrt:get_environment_from_os.obj
 0001:0000a6f4       __acrt_initialize_locks    000000014000b6f4 f   libucrt:locks.obj
 0001:0000a73c       __acrt_lock                000000014000b73c f   libucrt:locks.obj
 0001:0000a758       __acrt_uninitialize_locks  000000014000b758 f   libucrt:locks.obj
 0001:0000a790       __acrt_unlock              000000014000b790 f   libucrt:locks.obj
 0001:0000a7ac       __acrt_app_verifier_enabled 000000014000b7ac f   libucrt:peb_access.obj
 0001:0000a7c8       __acrt_is_secure_process   000000014000b7c8 f   libucrt:peb_access.obj
 0001:0000a7e0       __acrt_get_process_end_policy 000000014000b7e0 f   libucrt:win_policies.obj
 0001:0000a810       __acrt_lowio_create_handle_array 000000014000b810 f   libucrt:osfinfo.obj
 0001:0000a8b8       __acrt_lowio_destroy_handle_array 000000014000b8b8 f   libucrt:osfinfo.obj
 0001:0000a908       __acrt_lowio_ensure_fh_exists 000000014000b908 f   libucrt:osfinfo.obj
 0001:0000a9b0       __acrt_lowio_lock_fh       000000014000b9b0 f   libucrt:osfinfo.obj
 0001:0000a9d8       __acrt_lowio_unlock_fh     000000014000b9d8 f   libucrt:osfinfo.obj
 0001:0000aa00       _free_osfhnd               000000014000ba00 f   libucrt:osfinfo.obj
 0001:0000aabc       _get_osfhandle             000000014000babc f   libucrt:osfinfo.obj
 0001:0000ab34       __acrt_initialize_fmode    000000014000bb34 f   libucrt:txtmode.obj
 0001:0000ad48       __acrt_initialize_lowio    000000014000bd48 f   libucrt:ioinit.obj
 0001:0000ad84       __acrt_uninitialize_lowio  000000014000bd84 f   libucrt:ioinit.obj
 0001:0000adc4       __acrt_locale_free_monetary 000000014000bdc4 f   libucrt:initmon.obj
 0001:0000aed0       __acrt_locale_free_numeric 000000014000bed0 f   libucrt:initnum.obj
 0001:0000af70       __acrt_locale_free_time    000000014000bf70 f   libucrt:inittime.obj
 0001:0000b078       _malloc_base               000000014000c078 f   libucrt:malloc_base.obj
 0001:0000b0d8       __acrt_GetStringTypeA      000000014000c0d8 f   libucrt:getstringtypea.obj
 0001:0000b268       __acrt_add_locale_ref      000000014000c268 f   libucrt:locale_refcounting.obj
 0001:0000b2f4       __acrt_free_locale         000000014000c2f4 f   libucrt:locale_refcounting.obj
 0001:0000b46c       __acrt_locale_add_lc_time_reference 000000014000c46c f   libucrt:locale_refcounting.obj
 0001:0000b494       __acrt_locale_free_lc_time_if_unreferenced 000000014000c494 f   libucrt:locale_refcounting.obj
 0001:0000b4cc       __acrt_locale_release_lc_time_reference 000000014000c4cc f   libucrt:locale_refcounting.obj
 0001:0000b4f4       __acrt_release_locale_ref  000000014000c4f4 f   libucrt:locale_refcounting.obj
 0001:0000b59c       __acrt_update_thread_locale_data 000000014000c59c f   libucrt:locale_refcounting.obj
 0001:0000b60c       _updatetlocinfoEx_nolock   000000014000c60c f   libucrt:locale_refcounting.obj
 0001:0000b830       __acrt_AppPolicyGetProcessTerminationMethodInternal 000000014000c830 f   libucrt:winapi_thunks.obj
 0001:0000b888       __acrt_AreFileApisANSI     000000014000c888 f   libucrt:winapi_thunks.obj
 0001:0000b8cc       __acrt_FlsAlloc            000000014000c8cc f   libucrt:winapi_thunks.obj
 0001:0000b8d4       __acrt_FlsFree             000000014000c8d4 f   libucrt:winapi_thunks.obj
 0001:0000b8dc       __acrt_FlsGetValue         000000014000c8dc f   libucrt:winapi_thunks.obj
 0001:0000b8e4       __acrt_FlsSetValue         000000014000c8e4 f   libucrt:winapi_thunks.obj
 0001:0000b8ec       __acrt_InitializeCriticalSectionEx 000000014000c8ec f   libucrt:winapi_thunks.obj
 0001:0000b95c       __acrt_LCMapStringEx       000000014000c95c f   libucrt:winapi_thunks.obj
 0001:0000ba48       __acrt_LocaleNameToLCID    000000014000ca48 f   libucrt:winapi_thunks.obj
 0001:0000baa8       __acrt_initialize_winapi_thunks 000000014000caa8 f   libucrt:winapi_thunks.obj
 0001:0000bacc       __acrt_uninitialize_winapi_thunks 000000014000cacc f   libucrt:winapi_thunks.obj
 0001:0000bb10       _recalloc_base             000000014000cb10 f   libucrt:recalloc.obj
 0001:0000bba8       __acrt_initialize_heap     000000014000cba8 f   libucrt:heap_handle.obj
 0001:0000bbc4       __acrt_uninitialize_heap   000000014000cbc4 f   libucrt:heap_handle.obj
 0001:0000bbd0       __acrt_execute_initializers 000000014000cbd0 f   libucrt:shared_initialization.obj
 0001:0000bc64       __acrt_execute_uninitializers 000000014000cc64 f   libucrt:shared_initialization.obj
 0001:0000bcac       __acrt_initialize_new_handler 000000014000ccac f   libucrt:new_handler.obj
 0001:0000bcb4       _callnewh                  000000014000ccb4 f   libucrt:new_handler.obj
 0001:0000bcf4       _query_new_handler         000000014000ccf4 f   libucrt:new_handler.obj
 0001:0000bd74       __acrt_get_sigabrt_handler 000000014000cd74 f   libucrt:signal.obj
 0001:0000bda4       __acrt_initialize_signal_handlers 000000014000cda4 f   libucrt:signal.obj
 0001:0000bdc4       raise                      000000014000cdc4 f   libucrt:signal.obj
 0001:0000c220       __acrt_stdio_flush_nolock  000000014000d220 f   libucrt:fflush.obj
 0001:0000c2ac       _fflush_nolock             000000014000d2ac f   libucrt:fflush.obj
 0001:0000c380       _flushall                  000000014000d380 f   libucrt:fflush.obj
 0001:0000c388       __acrt_initialize_stdio    000000014000d388 f   libucrt:_file.obj
 0001:0000c4a8       __acrt_uninitialize_stdio  000000014000d4a8 f   libucrt:_file.obj
 0001:0000c504       _lock_file                 000000014000d504 f   libucrt:_file.obj
 0001:0000c510       _unlock_file               000000014000d510 f   libucrt:_file.obj
 0001:0000c51c       __acrt_update_locale_info  000000014000d51c f   libucrt:locale_update.obj
 0001:0000c550       __acrt_update_locale_info_explicit 000000014000d550 f   libucrt:locale_update.obj
 0001:0000c588       __acrt_update_multibyte_info 000000014000d588 f   libucrt:locale_update.obj
 0001:0000c5bc       __acrt_update_multibyte_info_explicit 000000014000d5bc f   libucrt:locale_update.obj
 0001:0000c5f4       _mbtowc_internal           000000014000d5f4 f   libucrt:mbtowc.obj
 0001:0000c76c       _fileno                    000000014000d76c f   libucrt:fileno.obj
 0001:0000c8b8       _handle_error              000000014000d8b8 f   libucrt:libm_error.obj
 0001:0000c9e0       _handle_errorf             000000014000d9e0 f   libucrt:libm_error.obj
 0001:0000cb20       qsort                      000000014000db20 f   libucrt:qsort.obj
 0001:0000cf30       strncpy_s                  000000014000df30 f   libucrt:strncpy_s.obj
 0001:0000d0c0       strpbrk                    000000014000e0c0 f   libucrt:strpbrk.obj
 0001:0000d488       _mbsdec                    000000014000e488 f   libucrt:mbsdec.obj
 0001:0000d490       _mbsdec_l                  000000014000e490 f   libucrt:mbsdec.obj
 0001:0000d858       __acrt_LCMapStringA        000000014000e858 f   libucrt:lcmapstringa.obj
 0001:0000d908       __ascii_wcsnicmp           000000014000e908 f   libucrt:wcsnicmp.obj
 0001:0000d954       __acrt_DownlevelLocaleNameToLCID 000000014000e954 f   libucrt:lcidtoname_downlevel.obj
 0001:0000d9f8       _msize_base                000000014000e9f8 f   libucrt:msize.obj
 0001:0000da34       _realloc_base              000000014000ea34 f   libucrt:realloc_base.obj
 0001:0000db3c       _commit                    000000014000eb3c f   libucrt:commit.obj
 0001:0000e3d8       _write_internal            000000014000f3d8 f   libucrt:write.obj
 0001:0000e4f8       _write_nolock              000000014000f4f8 f   libucrt:write.obj
 0001:0000e800       _fcloseall                 000000014000f800 f   libucrt:closeall.obj
 0001:0000e8b4       __acrt_stdio_free_buffer_nolock 000000014000f8b4 f   libucrt:_freebuf.obj
 0001:0000e8f8       _isatty                    000000014000f8f8 f   libucrt:isatty.obj
 0001:0000e958       ?__mbrtowc_utf8@__crt_mbstring@@YA_KPEA_WPEBD_KPEAU_Mbstatet@@AEAV__crt_cached_ptd_host@@@Z 000000014000f958 f   libucrt:mbrtowc.obj
 0001:0000e99c       ?__mbsrtowcs_utf8@__crt_mbstring@@YA_KPEA_WPEAPEBD_KPEAU_Mbstatet@@AEAV__crt_cached_ptd_host@@@Z 000000014000f99c f   libucrt:mbrtowc.obj
 0001:0000eb40       _raise_exc                 000000014000fb40 f   libucrt:fpexcept.obj
 0001:0000eb68       _raise_exc_ex              000000014000fb68 f   libucrt:fpexcept.obj
 0001:0000ee70       _raise_excf                000000014000fe70 f   libucrt:fpexcept.obj
 0001:0000ee9c       _set_errno_from_matherr    000000014000fe9c f   libucrt:fpexcept.obj
 0001:0000eecc       _clrfp                     000000014000fecc f   libucrt:fpctrl.obj
 0001:0000eeec       _ctrlfp                    000000014000feec f   libucrt:fpctrl.obj
 0001:0000ef68       _set_statfp                000000014000ff68 f   libucrt:fpctrl.obj
 0001:0000ef88       _statfp                    000000014000ff88 f   libucrt:fpctrl.obj
 0001:0000ef9c       __strncnt                  000000014000ff9c f   libucrt:strncnt.obj
 0001:0000f060       _lseeki64_nolock_internal  0000000140010060 f   libucrt:lseek.obj
 0001:0000f068       _putwch_nolock             0000000140010068 f   libucrt:putwch.obj
 0001:0000f1c8       fclose                     00000001400101c8 f   libucrt:fclose.obj
 0001:0000f260       log10                      0000000140010260 f   libucrt:log10.obj
 0001:0000f80c       ?reset_and_return@__crt_mbstring@@YA_K_KPEAU_Mbstatet@@@Z 000000014001080c f   libucrt:common_utf8.obj
 0001:0000f814       ?return_illegal_sequence@__crt_mbstring@@YA_KPEAU_Mbstatet@@AEAV__crt_cached_ptd_host@@@Z 0000000140010814 f   libucrt:common_utf8.obj
 0001:0000f828       ?__mbrtoc32_utf8@__crt_mbstring@@YA_KPEA_UPEBD_KPEAU_Mbstatet@@AEAV__crt_cached_ptd_host@@@Z 0000000140010828 f   libucrt:mbrtoc32.obj
 0001:0000fa20       _get_fpsr                  0000000140010a20 f   libucrt:fpsr.obj
 0001:0000fa30       _set_fpsr                  0000000140010a30 f   libucrt:fpsr.obj
 0001:0000fa3a       _fclrf                     0000000140010a3a f   libucrt:fpsr.obj
 0001:0000fa4e       _frnd                      0000000140010a4e f   libucrt:fpsr.obj
 0001:0000fa70       __dcrt_lowio_ensure_console_output_initialized 0000000140010a70 f   libucrt:initcon.obj
 0001:0000fac4       __dcrt_terminate_console_output 0000000140010ac4 f   libucrt:initcon.obj
 0001:0000fae0       __dcrt_write_console       0000000140010ae0 f   libucrt:initcon.obj
 0001:0000fc18       _close_internal            0000000140010c18 f   libucrt:close.obj
 0001:0000fcdc       _close_nolock_internal     0000000140010cdc f   libucrt:close.obj
 0001:0000fdac       ?__acrt_stdio_free_stream@@YAXV__crt_stdio_stream@@@Z 0000000140010dac f   libucrt:stream.obj
 0001:0000fdd0       _log10_special             0000000140010dd0 f   libucrt:log_special.obj
 0001:0000fe90       _FindPESection             0000000140010e90 f   LIBCMT:pesect.obj
 0001:0000fee0       _IsNonwritableInCurrentImage 0000000140010ee0 f   LIBCMT:pesect.obj
 0001:0000ff30       _ValidateImageBase         0000000140010f30 f   LIBCMT:pesect.obj
 0001:0000ff5c       ??_Etype_info@@UEAAPEAXI@Z 0000000140010f5c f i LIBCMT:std_type_info_static.obj
 0001:0000ff5c       ??_Gtype_info@@UEAAPEAXI@Z 0000000140010f5c f i LIBCMT:std_type_info_static.obj
 0001:0000ff88       ??3@YAXPEAX_K@Z            0000000140010f88 f   LIBCMT:delete_scalar_size.obj
 0001:0000ffa0       __chkstk                   0000000140010fa0 f   LIBCMT:chkstk.obj
 0001:0000ffa0       _alloca_probe              0000000140010fa0 f   LIBCMT:chkstk.obj
 0001:0000fff0       __GSHandlerCheck_EH        0000000140010ff0 f   LIBCMT:gshandlereh.obj
 0001:00010070       ??3@YAXPEAX@Z              0000000140011070 f   LIBCMT:delete_scalar.obj
 0001:00010090       memcmp                     0000000140011090 f   libvcruntime:memcmp.obj
 0001:00010158       __C_specific_handler_noexcept 0000000140011158 f   libvcruntime:chandler_noexcept.obj
 0001:000101c0       _guard_dispatch_icall_nop  00000001400111c0 f   LIBCMT:guard_dispatch.obj
 0001:000101e0       _guard_xfg_dispatch_icall_nop 00000001400111e0 f   LIBCMT:guard_xfg_dispatch.obj
 0002:00000000       __imp_StretchDIBits        0000000140012000     gdi32:GDI32.dll
 0002:00000008       \177GDI32_NULL_THUNK_DATA  0000000140012008     gdi32:GDI32.dll
 0002:00000010       __imp_SetFilePointerEx     0000000140012010     kernel32:KERNEL32.dll
 0002:00000018       __imp_GetConsoleMode       0000000140012018     kernel32:KERNEL32.dll
 0002:00000020       __imp_GetConsoleOutputCP   0000000140012020     kernel32:KERNEL32.dll
 0002:00000028       __imp_CreateFileW          0000000140012028     kernel32:KERNEL32.dll
 0002:00000030       __imp_HeapReAlloc          0000000140012030     kernel32:KERNEL32.dll
 0002:00000038       __imp_HeapSize             0000000140012038     kernel32:KERNEL32.dll
 0002:00000040       __imp_GetProcessHeap       0000000140012040     kernel32:KERNEL32.dll
 0002:00000048       __imp_FlushFileBuffers     0000000140012048     kernel32:KERNEL32.dll
 0002:00000050       __imp_FreeLibrary          0000000140012050     kernel32:KERNEL32.dll
 0002:00000058       __imp_CreateFileA          0000000140012058     kernel32:KERNEL32.dll
 0002:00000060       __imp_GetFileSizeEx        0000000140012060     kernel32:KERNEL32.dll
 0002:00000068       __imp_ReadFile             0000000140012068     kernel32:KERNEL32.dll
 0002:00000070       __imp_WriteFile            0000000140012070     kernel32:KERNEL32.dll
 0002:00000078       __imp_OutputDebugStringA   0000000140012078     kernel32:KERNEL32.dll
 0002:00000080       __imp_CloseHandle          0000000140012080     kernel32:KERNEL32.dll
 0002:00000088       __imp_QueryPerformanceCounter 0000000140012088     kernel32:KERNEL32.dll
 0002:00000090       __imp_QueryPerformanceFrequency 0000000140012090     kernel32:KERNEL32.dll
 0002:00000098       __imp_VirtualAlloc         0000000140012098     kernel32:KERNEL32.dll
 0002:000000a0       __imp_VirtualFree          00000001400120a0     kernel32:KERNEL32.dll
 0002:000000a8       __imp_GetProcAddress       00000001400120a8     kernel32:KERNEL32.dll
 0002:000000b0       __imp_LoadLibraryA         00000001400120b0     kernel32:KERNEL32.dll
 0002:000000b8       __imp_RtlCaptureContext    00000001400120b8     kernel32:KERNEL32.dll
 0002:000000c0       __imp_RtlLookupFunctionEntry 00000001400120c0     kernel32:KERNEL32.dll
 0002:000000c8       __imp_RtlVirtualUnwind     00000001400120c8     kernel32:KERNEL32.dll
 0002:000000d0       __imp_UnhandledExceptionFilter 00000001400120d0     kernel32:KERNEL32.dll
 0002:000000d8       __imp_SetUnhandledExceptionFilter 00000001400120d8     kernel32:KERNEL32.dll
 0002:000000e0       __imp_GetCurrentProcess    00000001400120e0     kernel32:KERNEL32.dll
 0002:000000e8       __imp_TerminateProcess     00000001400120e8     kernel32:KERNEL32.dll
 0002:000000f0       __imp_IsProcessorFeaturePresent 00000001400120f0     kernel32:KERNEL32.dll
 0002:000000f8       __imp_GetCurrentProcessId  00000001400120f8     kernel32:KERNEL32.dll
 0002:00000100       __imp_GetCurrentThreadId   0000000140012100     kernel32:KERNEL32.dll
 0002:00000108       __imp_GetSystemTimeAsFileTime 0000000140012108     kernel32:KERNEL32.dll
 0002:00000110       __imp_InitializeSListHead  0000000140012110     kernel32:KERNEL32.dll
 0002:00000118       __imp_IsDebuggerPresent    0000000140012118     kernel32:KERNEL32.dll
 0002:00000120       __imp_GetStartupInfoW      0000000140012120     kernel32:KERNEL32.dll
 0002:00000128       __imp_GetModuleHandleW     0000000140012128     kernel32:KERNEL32.dll
 0002:00000130       __imp_LCMapStringW         0000000140012130     kernel32:KERNEL32.dll
 0002:00000138       __imp_RtlUnwindEx          0000000140012138     kernel32:KERNEL32.dll
 0002:00000140       __imp_GetLastError         0000000140012140     kernel32:KERNEL32.dll
 0002:00000148       __imp_SetLastError         0000000140012148     kernel32:KERNEL32.dll
 0002:00000150       __imp_EnterCriticalSection 0000000140012150     kernel32:KERNEL32.dll
 0002:00000158       __imp_LeaveCriticalSection 0000000140012158     kernel32:KERNEL32.dll
 0002:00000160       __imp_DeleteCriticalSection 0000000140012160     kernel32:KERNEL32.dll
 0002:00000168       __imp_InitializeCriticalSectionAndSpinCount 0000000140012168     kernel32:KERNEL32.dll
 0002:00000170       __imp_TlsAlloc             0000000140012170     kernel32:KERNEL32.dll
 0002:00000178       __imp_TlsGetValue          0000000140012178     kernel32:KERNEL32.dll
 0002:00000180       __imp_TlsSetValue          0000000140012180     kernel32:KERNEL32.dll
 0002:00000188       __imp_TlsFree              0000000140012188     kernel32:KERNEL32.dll
 0002:00000190       __imp_WriteConsoleW        0000000140012190     kernel32:KERNEL32.dll
 0002:00000198       __imp_LoadLibraryExW       0000000140012198     kernel32:KERNEL32.dll
 0002:000001a0       __imp_EncodePointer        00000001400121a0     kernel32:KERNEL32.dll
 0002:000001a8       __imp_RaiseException       00000001400121a8     kernel32:KERNEL32.dll
 0002:000001b0       __imp_RtlPcToFileHeader    00000001400121b0     kernel32:KERNEL32.dll
 0002:000001b8       __imp_GetStdHandle         00000001400121b8     kernel32:KERNEL32.dll
 0002:000001c0       __imp_GetModuleFileNameW   00000001400121c0     kernel32:KERNEL32.dll
 0002:000001c8       __imp_ExitProcess          00000001400121c8     kernel32:KERNEL32.dll
 0002:000001d0       __imp_GetModuleHandleExW   00000001400121d0     kernel32:KERNEL32.dll
 0002:000001d8       __imp_HeapAlloc            00000001400121d8     kernel32:KERNEL32.dll
 0002:000001e0       __imp_HeapFree             00000001400121e0     kernel32:KERNEL32.dll
 0002:000001e8       __imp_FindClose            00000001400121e8     kernel32:KERNEL32.dll
 0002:000001f0       __imp_FindFirstFileExW     00000001400121f0     kernel32:KERNEL32.dll
 0002:000001f8       __imp_FindNextFileW        00000001400121f8     kernel32:KERNEL32.dll
 0002:00000200       __imp_IsValidCodePage      0000000140012200     kernel32:KERNEL32.dll
 0002:00000208       __imp_GetACP               0000000140012208     kernel32:KERNEL32.dll
 0002:00000210       __imp_GetOEMCP             0000000140012210     kernel32:KERNEL32.dll
 0002:00000218       __imp_GetCPInfo            0000000140012218     kernel32:KERNEL32.dll
 0002:00000220       __imp_GetCommandLineA      0000000140012220     kernel32:KERNEL32.dll
 0002:00000228       __imp_GetCommandLineW      0000000140012228     kernel32:KERNEL32.dll
 0002:00000230       __imp_MultiByteToWideChar  0000000140012230     kernel32:KERNEL32.dll
 0002:00000238       __imp_WideCharToMultiByte  0000000140012238     kernel32:KERNEL32.dll
 0002:00000240       __imp_GetEnvironmentStringsW 0000000140012240     kernel32:KERNEL32.dll
 0002:00000248       __imp_FreeEnvironmentStringsW 0000000140012248     kernel32:KERNEL32.dll
 0002:00000250       __imp_SetStdHandle         0000000140012250     kernel32:KERNEL32.dll
 0002:00000258       __imp_GetFileType          0000000140012258     kernel32:KERNEL32.dll
 0002:00000260       __imp_GetStringTypeW       0000000140012260     kernel32:KERNEL32.dll
 0002:00000268       __imp_FlsAlloc             0000000140012268     kernel32:KERNEL32.dll
 0002:00000270       __imp_FlsGetValue          0000000140012270     kernel32:KERNEL32.dll
 0002:00000278       __imp_FlsSetValue          0000000140012278     kernel32:KERNEL32.dll
 0002:00000280       __imp_FlsFree              0000000140012280     kernel32:KERNEL32.dll
 0002:00000288       \177KERNEL32_NULL_THUNK_DATA 0000000140012288     kernel32:KERNEL32.dll
 0002:00000290       __imp_DispatchMessageA     0000000140012290     user32:USER32.dll
 0002:00000298       __imp_GetClientRect        0000000140012298     user32:USER32.dll
 0002:000002a0       __imp_EndPaint             00000001400122a0     user32:USER32.dll
 0002:000002a8       __imp_BeginPaint           00000001400122a8     user32:USER32.dll
 0002:000002b0       __imp_GetDC                00000001400122b0     user32:USER32.dll
 0002:000002b8       __imp_CreateWindowExA      00000001400122b8     user32:USER32.dll
 0002:000002c0       __imp_RegisterClassA       00000001400122c0     user32:USER32.dll
 0002:000002c8       __imp_DefWindowProcA       00000001400122c8     user32:USER32.dll
 0002:000002d0       __imp_PeekMessageA         00000001400122d0     user32:USER32.dll
 0002:000002d8       __imp_TranslateMessage     00000001400122d8     user32:USER32.dll
 0002:000002e0       \177USER32_NULL_THUNK_DATA 00000001400122e0     user32:USER32.dll
 0002:000002e8       __guard_check_icall_fptr   00000001400122e8     LIBCMT:guard_support.obj
 0002:000002f0       __guard_xfg_check_icall_fptr 00000001400122f0     LIBCMT:guard_support.obj
 0002:000002f8       __guard_dispatch_icall_fptr 00000001400122f8     LIBCMT:guard_support.obj
 0002:00000300       __guard_xfg_dispatch_icall_fptr 0000000140012300     LIBCMT:guard_support.obj
 0002:00000308       __guard_xfg_table_dispatch_icall_fptr 0000000140012308     LIBCMT:guard_support.obj
 0002:00000310       __castguard_check_failure_os_handled_fptr 0000000140012310     LIBCMT:guard_support.obj
 0002:00000318       __guard_memcpy_fptr        0000000140012318     libvcruntime:softmemtag.obj
 0002:00000320       __xc_a                     0000000140012320     LIBCMT:initializers.obj
 0002:00000330       __xc_z                     0000000140012330     LIBCMT:initializers.obj
 0002:00000338       __xi_a                     0000000140012338     LIBCMT:initializers.obj
 0002:00000350       __acrt_tran_fma3_initializer 0000000140012350     libucrt:fma3_initializer.obj
 0002:00000358       __acrt_multibyte_initializer 0000000140012358     libucrt:multibyte_initializer.obj
 0002:00000360       __acrt_fmode_initializer   0000000140012360     libucrt:fmode_initializer.obj
 0002:00000368       __acrt_stdio_initializer   0000000140012368     libucrt:stdio_initializer.obj
 0002:00000370       __xi_z                     0000000140012370     LIBCMT:initializers.obj
 0002:00000378       __xp_a                     0000000140012378     LIBCMT:initializers.obj
 0002:00000380       __acrt_locale_terminator   0000000140012380     libucrt:locale_initializer.obj
 0002:00000388       __dcrt_console_output_terminator 0000000140012388     libucrt:console_output_initializer.obj
 0002:00000390       __acrt_stdio_terminator    0000000140012390     libucrt:stdio_initializer.obj
 0002:00000398       __xp_z                     0000000140012398     LIBCMT:initializers.obj
 0002:000003a0       __xt_a                     00000001400123a0     LIBCMT:initializers.obj
 0002:000003a8       __xt_z                     00000001400123a8     LIBCMT:initializers.obj
 0002:0000055c       __real@40800000            000000014001255c     win32_handmade.obj
 0002:00000560       __real@40c90fdb            0000000140012560     win32_handmade.obj
 0002:00000564       __real@43000000            0000000140012564     win32_handmade.obj
 0002:00000568       __real@46fffe00            0000000140012568     win32_handmade.obj
 0002:0000056c       __real@47000000            000000014001256c     win32_handmade.obj
 0002:00000580       __xmm@ffffffffffffffffffffffffffffffff 0000000140012580     LIBCMT:utility.obj
 0002:00000590       _pDestructExceptionObject  0000000140012590     libvcruntime:ehhelpers.obj
 0002:00000cb0       ??_C@_08EHJDFFNH@__based?$CI@ 0000000140012cb0     libvcruntime:undname.obj
 0002:00000cc0       ??_C@_07KOLFKCDI@__cdecl@  0000000140012cc0     libvcruntime:undname.obj
 0002:00000cc8       ??_C@_08GHMPAG@__pascal@   0000000140012cc8     libvcruntime:undname.obj
 0002:00000cd8       ??_C@_09IFJBGAPI@__stdcall@ 0000000140012cd8     libvcruntime:undname.obj
 0002:00000ce8       ??_C@_0L@NPHFGOKO@__thiscall@ 0000000140012ce8     libvcruntime:undname.obj
 0002:00000cf8       ??_C@_0L@JMKHOMEK@__fastcall@ 0000000140012cf8     libvcruntime:undname.obj
 0002:00000d08       ??_C@_0N@BCKKPABJ@__vectorcall@ 0000000140012d08     libvcruntime:undname.obj
 0002:00000d18       ??_C@_09HIJEGCPM@__clrcall@ 0000000140012d18     libvcruntime:undname.obj
 0002:00000d24       ??_C@_06GHPCKEAG@__eabi@   0000000140012d24     libvcruntime:undname.obj
 0002:00000d30       ??_C@_09IOPIDJLG@__swift_1@ 0000000140012d30     libvcruntime:undname.obj
 0002:00000d40       ??_C@_09KFNFGKHF@__swift_2@ 0000000140012d40     libvcruntime:undname.obj
 0002:00000d50       ??_C@_09LMMOFLDE@__swift_3@ 0000000140012d50     libvcruntime:undname.obj
 0002:00000d60       ??_C@_07JOMMBBKO@__ptr64@  0000000140012d60     libvcruntime:undname.obj
 0002:00000d68       ??_C@_0L@PILCLIHE@__restrict@ 0000000140012d68     libvcruntime:undname.obj
 0002:00000d78       ??_C@_0M@GFIIJFMG@__unaligned@ 0000000140012d78     libvcruntime:undname.obj
 0002:00000d88       ??_C@_09DHDLOLLB@restrict?$CI@ 0000000140012d88     libvcruntime:undname.obj
 0002:00000d92       ??_C@_00CNPNBAHC@@         0000000140012d92     libvcruntime:undname.obj
 0002:00000d94       ??_C@_04NIHEBCM@?5new@     0000000140012d94     libvcruntime:undname.obj
 0002:00000da0       ??_C@_07FPCDHGMM@?5delete@ 0000000140012da0     libvcruntime:undname.obj
 0002:00000da8       ??_C@_01NEMOKFLO@?$DN@     0000000140012da8     libvcruntime:undname.obj
 0002:00000dac       ??_C@_02GPIOPFAK@?$DO?$DO@ 0000000140012dac     libvcruntime:undname.obj
 0002:00000db0       ??_C@_02FODMEDOG@?$DM?$DM@ 0000000140012db0     libvcruntime:undname.obj
 0002:00000db4       ??_C@_01DCLJPIOD@?$CB@     0000000140012db4     libvcruntime:undname.obj
 0002:00000db8       ??_C@_02EGOFBIJA@?$DN?$DN@ 0000000140012db8     libvcruntime:undname.obj
 0002:00000dbc       ??_C@_02FDNJECIE@?$CB?$DN@ 0000000140012dbc     libvcruntime:undname.obj
 0002:00000dc0       ??_C@_02GPECMEKF@?$FL?$FN@ 0000000140012dc0     libvcruntime:undname.obj
 0002:00000dc8       ??_C@_08LHJFAFGD@operator@ 0000000140012dc8     libvcruntime:undname.obj
 0002:00000dd4       ??_C@_02HBOOOICD@?9?$DO@   0000000140012dd4     libvcruntime:undname.obj
 0002:00000dd8       ??_C@_01NBENCBCI@?$CK@     0000000140012dd8     libvcruntime:undname.obj
 0002:00000ddc       ??_C@_02ECNGHCIF@?$CL?$CL@ 0000000140012ddc     libvcruntime:undname.obj
 0002:00000de0       ??_C@_02BAABKJLB@?9?9@     0000000140012de0     libvcruntime:undname.obj
 0002:00000de4       ??_C@_01JOAMLHOP@?9@       0000000140012de4     libvcruntime:undname.obj
 0002:00000de8       ??_C@_01MIFGBAGJ@?$CL@     0000000140012de8     libvcruntime:undname.obj
 0002:00000dec       ??_C@_01HNPIGOCE@?$CG@     0000000140012dec     libvcruntime:undname.obj
 0002:00000df0       ??_C@_03MNHNFDLC@?9?$DO?$CK@ 0000000140012df0     libvcruntime:undname.obj
 0002:00000df4       ??_C@_01KMDKNFGN@?1@       0000000140012df4     libvcruntime:undname.obj
 0002:00000df8       ??_C@_01FGNFDNOH@?$CF@     0000000140012df8     libvcruntime:undname.obj
 0002:00000dfc       ??_C@_01MNNFJEPP@?$DM@     0000000140012dfc     libvcruntime:undname.obj
 0002:00000e00       ??_C@_02EHCHHCKH@?$DM?$DN@ 0000000140012e00     libvcruntime:undname.obj
 0002:00000e04       ??_C@_01PPODPGHN@?$DO@     0000000140012e04     libvcruntime:undname.obj
 0002:00000e08       ??_C@_02EEKDKGMJ@?$DO?$DN@ 0000000140012e08     libvcruntime:undname.obj
 0002:00000e0c       ??_C@_01IHBHIGKO@?0@       0000000140012e0c     libvcruntime:undname.obj
 0002:00000e10       ??_C@_02HCKGKOFO@?$CI?$CJ@ 0000000140012e10     libvcruntime:undname.obj
 0002:00000e14       ??_C@_01PJKLJHI@?$HO@      0000000140012e14     libvcruntime:undname.obj
 0002:00000e18       ??_C@_01JKBOJNNK@?$FO@     0000000140012e18     libvcruntime:undname.obj
 0002:00000e1c       ??_C@_01DNKMNLPK@?$HM@     0000000140012e1c     libvcruntime:undname.obj
 0002:00000e20       ??_C@_02PPKAJPJL@?$CG?$CG@ 0000000140012e20     libvcruntime:undname.obj
 0002:00000e24       ??_C@_02NONPIBCD@?$HM?$HM@ 0000000140012e24     libvcruntime:undname.obj
 0002:00000e28       ??_C@_02FPIMKNGF@?$CK?$DN@ 0000000140012e28     libvcruntime:undname.obj
 0002:00000e2c       ??_C@_02FOEOMHFC@?$CL?$DN@ 0000000140012e2c     libvcruntime:undname.obj
 0002:00000e30       ??_C@_02FKMDLLOA@?9?$DN@   0000000140012e30     libvcruntime:undname.obj
 0002:00000e34       ??_C@_02FJEHGPIO@?1?$DN@   0000000140012e34     libvcruntime:undname.obj
 0002:00000e38       ??_C@_02FENAOKFI@?$CF?$DN@ 0000000140012e38     libvcruntime:undname.obj
 0002:00000e3c       ??_C@_03IKFCCPFF@?$DO?$DO?$DN@ 0000000140012e3c     libvcruntime:undname.obj
 0002:00000e40       ??_C@_03CDNPDDLA@?$DM?$DM?$DN@ 0000000140012e40     libvcruntime:undname.obj
 0002:00000e44       ??_C@_02FGJGFEAB@?$CG?$DN@ 0000000140012e44     libvcruntime:undname.obj
 0002:00000e48       ??_C@_02DHLNPPGH@?$HM?$DN@ 0000000140012e48     libvcruntime:undname.obj
 0002:00000e4c       ??_C@_02MHEGNOJ@?$FO?$DN@  0000000140012e4c     libvcruntime:undname.obj
 0002:00000e50       ??_C@_09IFPLHPGF@?$GAvftable?8@ 0000000140012e50     libvcruntime:undname.obj
 0002:00000e60       ??_C@_09BLBHBJP@?$GAvbtable?8@ 0000000140012e60     libvcruntime:undname.obj
 0002:00000e70       ??_C@_07FEEIOKP@?$GAvcall?8@ 0000000140012e70     libvcruntime:undname.obj
 0002:00000e78       ??_C@_08LLFFHHDJ@?$GAtypeof?8@ 0000000140012e78     libvcruntime:undname.obj
 0002:00000e88       ??_C@_0BF@KDPPACIK@?$GAlocal?5static?5guard?8@ 0000000140012e88     libvcruntime:undname.obj
 0002:00000ea0       ??_C@_08OBABFOLI@?$GAstring?8@ 0000000140012ea0     libvcruntime:undname.obj
 0002:00000eb0       ??_C@_0BD@JDLKDPAB@?$GAvbase?5destructor?8@ 0000000140012eb0     libvcruntime:undname.obj
 0002:00000ec8       ??_C@_0BN@DEGPLNFK@?$GAvector?5deleting?5destructor?8@ 0000000140012ec8     libvcruntime:undname.obj
 0002:00000ee8       ??_C@_0BO@OBMKPJIG@?$GAdefault?5constructor?5closure?8@ 0000000140012ee8     libvcruntime:undname.obj
 0002:00000f08       ??_C@_0BN@IMDCHIKM@?$GAscalar?5deleting?5destructor?8@ 0000000140012f08     libvcruntime:undname.obj
 0002:00000f28       ??_C@_0BO@PFGOCPJJ@?$GAvector?5constructor?5iterator?8@ 0000000140012f28     libvcruntime:undname.obj
 0002:00000f48       ??_C@_0BN@LFPFMEDL@?$GAvector?5destructor?5iterator?8@ 0000000140012f48     libvcruntime:undname.obj
 0002:00000f68       ??_C@_0CE@IKBNEHA@?$GAvector?5vbase?5constructor?5itera@ 0000000140012f68     libvcruntime:undname.obj
 0002:00000f90       ??_C@_0BL@NILFHHPC@?$GAvirtual?5displacement?5map?8@ 0000000140012f90     libvcruntime:undname.obj
 0002:00000fb0       ??_C@_0CB@JONCMFFK@?$GAeh?5vector?5constructor?5iterator@ 0000000140012fb0     libvcruntime:undname.obj
 0002:00000fd8       ??_C@_0CA@GCEOPDGL@?$GAeh?5vector?5destructor?5iterator?8@ 0000000140012fd8     libvcruntime:undname.obj
 0002:00000ff8       ??_C@_0CH@OOJPLCPH@?$GAeh?5vector?5vbase?5constructor?5it@ 0000000140012ff8     libvcruntime:undname.obj
 0002:00001020       ??_C@_0BL@LLKPOHJI@?$GAcopy?5constructor?5closure?8@ 0000000140013020     libvcruntime:undname.obj
 0002:00001040       ??_C@_0BA@KBCDOMBN@?$GAudt?5returning?8@ 0000000140013040     libvcruntime:undname.obj
 0002:00001050       ??_C@_03KLGMFNMG@?$GAEH@   0000000140013050     libvcruntime:undname.obj
 0002:00001054       ??_C@_05KHLCHHI@?$GARTTI@  0000000140013054     libvcruntime:undname.obj
 0002:00001060       ??_C@_0BA@KKLDJDLB@?$GAlocal?5vftable?8@ 0000000140013060     libvcruntime:undname.obj
 0002:00001070       ??_C@_0CE@IIHCMGGL@?$GAlocal?5vftable?5constructor?5clos@ 0000000140013070     libvcruntime:undname.obj
 0002:00001094       ??_C@_06FHBGPFGH@?5new?$FL?$FN@ 0000000140013094     libvcruntime:undname.obj
 0002:000010a0       ??_C@_09LBNFPBCA@?5delete?$FL?$FN@ 00000001400130a0     libvcruntime:undname.obj
 0002:000010b0       ??_C@_0P@HJKNJFNN@?$GAomni?5callsig?8@ 00000001400130b0     libvcruntime:undname.obj
 0002:000010c0       ??_C@_0BL@CNOONJFP@?$GAplacement?5delete?5closure?8@ 00000001400130c0     libvcruntime:undname.obj
 0002:000010e0       ??_C@_0BN@CKNJLHMB@?$GAplacement?5delete?$FL?$FN?5closure?8@ 00000001400130e0     libvcruntime:undname.obj
 0002:00001100       ??_C@_0CG@CFDHKGGD@?$GAmanaged?5vector?5constructor?5ite@ 0000000140013100     libvcruntime:undname.obj
 0002:00001128       ??_C@_0CF@IMGKMJNO@?$GAmanaged?5vector?5destructor?5iter@ 0000000140013128     libvcruntime:undname.obj
 0002:00001150       ??_C@_0CG@HLDDJMAG@?$GAeh?5vector?5copy?5constructor?5ite@ 0000000140013150     libvcruntime:undname.obj
 0002:00001178       ??_C@_0CM@FCBBDIGB@?$GAeh?5vector?5vbase?5copy?5construct@ 0000000140013178     libvcruntime:undname.obj
 0002:000011a8       ??_C@_0BL@CLIPGLGB@?$GAdynamic?5initializer?5for?5?8@ 00000001400131a8     libvcruntime:undname.obj
 0002:000011c8       ??_C@_0CB@PDBIFEP@?$GAdynamic?5atexit?5destructor?5for?5@ 00000001400131c8     libvcruntime:undname.obj
 0002:000011f0       ??_C@_0CD@CGAJBKEJ@?$GAvector?5copy?5constructor?5iterat@ 00000001400131f0     libvcruntime:undname.obj
 0002:00001218       ??_C@_0CJ@GJELGAMM@?$GAvector?5vbase?5copy?5constructor?5@ 0000000140013218     libvcruntime:undname.obj
 0002:00001248       ??_C@_0CL@FGIJHLCE@?$GAmanaged?5vector?5copy?5constructo@ 0000000140013248     libvcruntime:undname.obj
 0002:00001278       ??_C@_0BM@PMGGMLDN@?$GAlocal?5static?5thread?5guard?8@ 0000000140013278     libvcruntime:undname.obj
 0002:00001298       ??_C@_0N@BDNMDMOL@operator?5?$CC?$CC?5@ 0000000140013298     libvcruntime:undname.obj
 0002:000012a8       ??_C@_0BC@GGEBGALA@operator?5co_await@ 00000001400132a8     libvcruntime:undname.obj
 0002:000012c0       ??_C@_0M@GAAIMMOH@operator?$DM?$DN?$DO@ 00000001400132c0     libvcruntime:undname.obj
 0002:000012d0       ??_C@_0BC@DAFEJGAK@?5Type?5Descriptor?8@ 00000001400132d0     libvcruntime:undname.obj
 0002:000012e8       ??_C@_0BM@LDKODKLH@?5Base?5Class?5Descriptor?5at?5?$CI@ 00000001400132e8     libvcruntime:undname.obj
 0002:00001308       ??_C@_0BD@LGICGFMM@?5Base?5Class?5Array?8@ 0000000140013308     libvcruntime:undname.obj
 0002:00001320       ??_C@_0BN@MECKDCOJ@?5Class?5Hierarchy?5Descriptor?8@ 0000000140013320     libvcruntime:undname.obj
 0002:00001340       ??_C@_0BK@CFCOFLF@?5Complete?5Object?5Locator?8@ 0000000140013340     libvcruntime:undname.obj
 0002:00001360       ??_C@_0BG@JNJLAMPM@?$GAanonymous?5namespace?8@ 0000000140013360     libvcruntime:undname.obj
 0002:00001390       ??_C@_1DM@KHCHBNEB@?$AAa?$AAp?$AAi?$AA?9?$AAm?$AAs?$AA?9?$AAw?$AAi?$AAn?$AA?9?$AAc?$AAo?$AAr?$AAe@ 0000000140013390     libvcruntime:winapi_downlevel.obj
 0002:000013d0       ??_C@_1DK@LPPGFMPP@?$AAa?$AAp?$AAi?$AA?9?$AAm?$AAs?$AA?9?$AAw?$AAi?$AAn?$AA?9?$AAc?$AAo?$AAr?$AAe@ 00000001400133d0     libvcruntime:winapi_downlevel.obj
 0002:00001410       ??_C@_1BC@GDMECMAK@?$AAk?$AAe?$AAr?$AAn?$AAe?$AAl?$AA3?$AA2@ 0000000140013410     libvcruntime:winapi_downlevel.obj
 0002:00001428       ??_C@_1BA@PFFKHIOG@?$AAa?$AAp?$AAi?$AA?9?$AAm?$AAs?$AA?9@ 0000000140013428     libvcruntime:winapi_downlevel.obj
 0002:00001440       ??_C@_08KNHFBNJ@FlsAlloc@  0000000140013440     libvcruntime:winapi_downlevel.obj
 0002:00001458       ??_C@_07PEJMOBNF@FlsFree@  0000000140013458     libvcruntime:winapi_downlevel.obj
 0002:00001468       ??_C@_0M@GDNOONDI@FlsGetValue@ 0000000140013468     libvcruntime:winapi_downlevel.obj
 0002:00001480       ??_C@_0M@JCPCPOEF@FlsSetValue@ 0000000140013480     libvcruntime:winapi_downlevel.obj
 0002:00001498       ??_C@_0BM@HCFOFFN@InitializeCriticalSectionEx@ 0000000140013498     libvcruntime:winapi_downlevel.obj
 0002:00001560       ??_7exception@std@@6B@     0000000140013560     libvcruntime:frame.obj
 0002:00001570       ??_C@_0BC@EOODALEL@Unknown?5exception@ 0000000140013570     libvcruntime:frame.obj
 0002:00001590       ??_7bad_exception@std@@6B@ 0000000140013590     libvcruntime:frame.obj
 0002:000015a0       ??_C@_0O@DPKOEFFH@bad?5exception@ 00000001400135a0     libvcruntime:frame.obj
 0002:000016e0       __acrt_exception_action_table 00000001400136e0     libucrt:exception_filter.obj
 0002:000017a0       __acrt_signal_action_table_count 00000001400137a0     libucrt:exception_filter.obj
 0002:000017a8       __acrt_signal_action_first_fpe_index 00000001400137a8     libucrt:exception_filter.obj
 0002:000017b0       __acrt_signal_action_fpe_count 00000001400137b0     libucrt:exception_filter.obj
 0002:00001830       ??_C@_1BI@BGOHAHKC@?$AAm?$AAs?$AAc?$AAo?$AAr?$AAe?$AAe?$AA?4?$AAd?$AAl?$AAl@ 0000000140013830     libucrt:exit.obj
 0002:00001848       ??_C@_0P@MIGLKIOC@CorExitProcess@ 0000000140013848     libucrt:exit.obj
 0002:00001980       __Lcosfarray               0000000140013980     libucrt:lsincosf_array.obj
 0002:000019b0       __Lsinfarray               00000001400139b0     libucrt:lsincosf_array.obj
 0002:000019d0       __L_2_by_pi_bits           00000001400139d0     libucrt:l2_by_pi_bits.obj
 0002:00001b20       ??_C@_04LAGPAAHP@sinf@     0000000140013b20     libucrt:sincos_special.obj
 0002:00001cb8       ??_C@_1M@HPNHIDJI@?$AAj?$AAa?$AA?9?$AAJ?$AAP@ 0000000140013cb8     libucrt:mbctype.obj
 0002:00001cc8       ??_C@_1M@BIBDDEMK@?$AAz?$AAh?$AA?9?$AAC?$AAN@ 0000000140013cc8     libucrt:mbctype.obj
 0002:00001cd8       ??_C@_1M@JLOOOEGK@?$AAk?$AAo?$AA?9?$AAK?$AAR@ 0000000140013cd8     libucrt:mbctype.obj
 0002:00001ce8       ??_C@_1M@CLNBBOPM@?$AAz?$AAh?$AA?9?$AAT?$AAW@ 0000000140013ce8     libucrt:mbctype.obj
 0002:00001d00       __lc_time_c                0000000140013d00     libucrt:nlsdata.obj
 0002:00001fc0       ??_C@_03KOEHGMDN@Sun@      0000000140013fc0     libucrt:nlsdata.obj
 0002:00001fc4       ??_C@_03PDAGKDH@Mon@       0000000140013fc4     libucrt:nlsdata.obj
 0002:00001fc8       ??_C@_03NAGEINEP@Tue@      0000000140013fc8     libucrt:nlsdata.obj
 0002:00001fcc       ??_C@_03MHOMLAJA@Wed@      0000000140013fcc     libucrt:nlsdata.obj
 0002:00001fd0       ??_C@_03IOFIKPDN@Thu@      0000000140013fd0     libucrt:nlsdata.obj
 0002:00001fd4       ??_C@_03IDIOELNC@Fri@      0000000140013fd4     libucrt:nlsdata.obj
 0002:00001fd8       ??_C@_03FEFJNEK@Sat@       0000000140013fd8     libucrt:nlsdata.obj
 0002:00001fdc       ??_C@_06OOPIFAJ@Sunday@    0000000140013fdc     libucrt:nlsdata.obj
 0002:00001fe4       ??_C@_06JLEDEDGH@Monday@   0000000140013fe4     libucrt:nlsdata.obj
 0002:00001ff0       ??_C@_07BAAGCFCM@Tuesday@  0000000140013ff0     libucrt:nlsdata.obj
 0002:00001ff8       ??_C@_09DLIGFAKA@Wednesday@ 0000000140013ff8     libucrt:nlsdata.obj
 0002:00002008       ??_C@_08HACCIKIA@Thursday@ 0000000140014008     libucrt:nlsdata.obj
 0002:00002014       ??_C@_06JECMNKMI@Friday@   0000000140014014     libucrt:nlsdata.obj
 0002:00002020       ??_C@_08INBOOONO@Saturday@ 0000000140014020     libucrt:nlsdata.obj
 0002:0000202c       ??_C@_03JIHJHPIE@Jan@      000000014001402c     libucrt:nlsdata.obj
 0002:00002030       ??_C@_03HJBDCHOM@Feb@      0000000140014030     libucrt:nlsdata.obj
 0002:00002034       ??_C@_03ODNJBKGA@Mar@      0000000140014034     libucrt:nlsdata.obj
 0002:00002038       ??_C@_03LEOLGMJP@Apr@      0000000140014038     libucrt:nlsdata.obj
 0002:0000203c       ??_C@_03CNMDKL@May@        000000014001403c     libucrt:nlsdata.obj
 0002:00002040       ??_C@_03IDFGHECI@Jun@      0000000140014040     libucrt:nlsdata.obj
 0002:00002044       ??_C@_03LBGABGKK@Jul@      0000000140014044     libucrt:nlsdata.obj
 0002:00002048       ??_C@_03IFJFEIGA@Aug@      0000000140014048     libucrt:nlsdata.obj
 0002:0000204c       ??_C@_03GGCAPAJC@Sep@      000000014001404c     libucrt:nlsdata.obj
 0002:00002050       ??_C@_03BMAOKBAD@Oct@      0000000140014050     libucrt:nlsdata.obj
 0002:00002054       ??_C@_03JPJOFNIA@Nov@      0000000140014054     libucrt:nlsdata.obj
 0002:00002058       ??_C@_03MKABNOCG@Dec@      0000000140014058     libucrt:nlsdata.obj
 0002:00002060       ??_C@_07CGJPFGJA@January@  0000000140014060     libucrt:nlsdata.obj
 0002:00002068       ??_C@_08GNJGEPFN@February@ 0000000140014068     libucrt:nlsdata.obj
 0002:00002074       ??_C@_05HPCKOFNC@March@    0000000140014074     libucrt:nlsdata.obj
 0002:0000207c       ??_C@_05DMJDNLEJ@April@    000000014001407c     libucrt:nlsdata.obj
 0002:00002084       ??_C@_04CNLMGBGM@June@     0000000140014084     libucrt:nlsdata.obj
 0002:0000208c       ??_C@_04MIEPOIFP@July@     000000014001408c     libucrt:nlsdata.obj
 0002:00002094       ??_C@_06LBBHFDDG@August@   0000000140014094     libucrt:nlsdata.obj
 0002:000020a0       ??_C@_09BHHEALKD@September@ 00000001400140a0     libucrt:nlsdata.obj
 0002:000020b0       ??_C@_07JJNFCEND@October@  00000001400140b0     libucrt:nlsdata.obj
 0002:000020b8       ??_C@_08HCHEGEOA@November@ 00000001400140b8     libucrt:nlsdata.obj
 0002:000020c8       ??_C@_08EDHMEBNP@December@ 00000001400140c8     libucrt:nlsdata.obj
 0002:000020d4       ??_C@_02DEDBPAFC@AM@       00000001400140d4     libucrt:nlsdata.obj
 0002:000020d8       ??_C@_02CJNFDJBF@PM@       00000001400140d8     libucrt:nlsdata.obj
 0002:000020e0       ??_C@_08BPBNCDIB@MM?1dd?1yy@ 00000001400140e0     libucrt:nlsdata.obj
 0002:000020f0       ??_C@_0BE@CKGJFCPC@dddd?0?5MMMM?5dd?0?5yyyy@ 00000001400140f0     libucrt:nlsdata.obj
 0002:00002108       ??_C@_08JCCMCCIL@HH?3mm?3ss@ 0000000140014108     libucrt:nlsdata.obj
 0002:00002118       ??_C@_17MBGCMIPB@?$AAS?$AAu?$AAn@ 0000000140014118     libucrt:nlsdata.obj
 0002:00002120       ??_C@_17KBOMKBF@?$AAM?$AAo?$AAn@ 0000000140014120     libucrt:nlsdata.obj
 0002:00002128       ??_C@_17BMKGEGOJ@?$AAT?$AAu?$AAe@ 0000000140014128     libucrt:nlsdata.obj
 0002:00002130       ??_C@_17CJEDCEPE@?$AAW?$AAe?$AAd@ 0000000140014130     libucrt:nlsdata.obj
 0002:00002138       ??_C@_17PDPHAADD@?$AAT?$AAh?$AAu@ 0000000140014138     libucrt:nlsdata.obj
 0002:00002140       ??_C@_17HFOLPPLP@?$AAF?$AAr?$AAi@ 0000000140014140     libucrt:nlsdata.obj
 0002:00002148       ??_C@_17GGIBDPIH@?$AAS?$AAa?$AAt@ 0000000140014148     libucrt:nlsdata.obj
 0002:00002150       ??_C@_1O@IHNHDHPB@?$AAS?$AAu?$AAn?$AAd?$AAa?$AAy@ 0000000140014150     libucrt:nlsdata.obj
 0002:00002160       ??_C@_1O@MMNBFLIA@?$AAM?$AAo?$AAn?$AAd?$AAa?$AAy@ 0000000140014160     libucrt:nlsdata.obj
 0002:00002170       ??_C@_1BA@ENFBFFEK@?$AAT?$AAu?$AAe?$AAs?$AAd?$AAa?$AAy@ 0000000140014170     libucrt:nlsdata.obj
 0002:00002180       ??_C@_1BE@EBOGMDOH@?$AAW?$AAe?$AAd?$AAn?$AAe?$AAs?$AAd?$AAa?$AAy@ 0000000140014180     libucrt:nlsdata.obj
 0002:00002198       ??_C@_1BC@HHMNLIHE@?$AAT?$AAh?$AAu?$AAr?$AAs?$AAd?$AAa?$AAy@ 0000000140014198     libucrt:nlsdata.obj
 0002:000021b0       ??_C@_1O@PDICJHAG@?$AAF?$AAr?$AAi?$AAd?$AAa?$AAy@ 00000001400141b0     libucrt:nlsdata.obj
 0002:000021c0       ??_C@_1BC@ENMNNPAJ@?$AAS?$AAa?$AAt?$AAu?$AAr?$AAd?$AAa?$AAy@ 00000001400141c0     libucrt:nlsdata.obj
 0002:000021d8       ??_C@_17DKNBKCHM@?$AAJ?$AAa?$AAn@ 00000001400141d8     libucrt:nlsdata.obj
 0002:000021e0       ??_C@_17LMDJEKJN@?$AAF?$AAe?$AAb@ 00000001400141e0     libucrt:nlsdata.obj
 0002:000021e8       ??_C@_17CKNLEDEC@?$AAM?$AAa?$AAr@ 00000001400141e8     libucrt:nlsdata.obj
 0002:000021f0       ??_C@_17LFPOIHDD@?$AAA?$AAp?$AAr@ 00000001400141f0     libucrt:nlsdata.obj
 0002:000021f8       ??_C@_17PNNKMEED@?$AAM?$AAa?$AAy@ 00000001400141f8     libucrt:nlsdata.obj
 0002:00002200       ??_C@_17KCJGOCPB@?$AAJ?$AAu?$AAn@ 0000000140014200     libucrt:nlsdata.obj
 0002:00002208       ??_C@_17IJPCKHK@?$AAJ?$AAu?$AAl@ 0000000140014208     libucrt:nlsdata.obj
 0002:00002210       ??_C@_17ICPELBCN@?$AAA?$AAu?$AAg@ 0000000140014210     libucrt:nlsdata.obj
 0002:00002218       ??_C@_17HCHCOKMG@?$AAS?$AAe?$AAp@ 0000000140014218     libucrt:nlsdata.obj
 0002:00002220       ??_C@_17FNLKOI@?$AAO?$AAc?$AAt@ 0000000140014220     libucrt:nlsdata.obj
 0002:00002228       ??_C@_17BBDMLCIG@?$AAN?$AAo?$AAv@ 0000000140014228     libucrt:nlsdata.obj
 0002:00002230       ??_C@_17EGKACKIF@?$AAD?$AAe?$AAc@ 0000000140014230     libucrt:nlsdata.obj
 0002:00002238       ??_C@_1BA@EFMEIEBA@?$AAJ?$AAa?$AAn?$AAu?$AAa?$AAr?$AAy@ 0000000140014238     libucrt:nlsdata.obj
 0002:00002248       ??_C@_1BC@JGDDFFAM@?$AAF?$AAe?$AAb?$AAr?$AAu?$AAa?$AAr?$AAy@ 0000000140014248     libucrt:nlsdata.obj
 0002:00002260       ??_C@_1M@IKEENEDF@?$AAM?$AAa?$AAr?$AAc?$AAh@ 0000000140014260     libucrt:nlsdata.obj
 0002:00002270       ??_C@_1M@GJNLMHFD@?$AAA?$AAp?$AAr?$AAi?$AAl@ 0000000140014270     libucrt:nlsdata.obj
 0002:00002280       ??_C@_19EPFLPGAP@?$AAJ?$AAu?$AAn?$AAe@ 0000000140014280     libucrt:nlsdata.obj
 0002:00002290       ??_C@_19BIFMLPCD@?$AAJ?$AAu?$AAl?$AAy@ 0000000140014290     libucrt:nlsdata.obj
 0002:000022a0       ??_C@_1O@PAHLKOAC@?$AAA?$AAu?$AAg?$AAu?$AAs?$AAt@ 00000001400142a0     libucrt:nlsdata.obj
 0002:000022b0       ??_C@_1BE@DKAAMBJL@?$AAS?$AAe?$AAp?$AAt?$AAe?$AAm?$AAb?$AAe?$AAr@ 00000001400142b0     libucrt:nlsdata.obj
 0002:000022c8       ??_C@_1BA@EPANDLNG@?$AAO?$AAc?$AAt?$AAo?$AAb?$AAe?$AAr@ 00000001400142c8     libucrt:nlsdata.obj
 0002:000022d8       ??_C@_1BC@BGLIFPF@?$AAN?$AAo?$AAv?$AAe?$AAm?$AAb?$AAe?$AAr@ 00000001400142d8     libucrt:nlsdata.obj
 0002:000022f0       ??_C@_1BC@FEMKIFH@?$AAD?$AAe?$AAc?$AAe?$AAm?$AAb?$AAe?$AAr@ 00000001400142f0     libucrt:nlsdata.obj
 0002:00002304       ??_C@_15ODEHAHHF@?$AAA?$AAM@ 0000000140014304     libucrt:nlsdata.obj
 0002:0000230c       ??_C@_15CLMNNGEL@?$AAP?$AAM@ 000000014001430c     libucrt:nlsdata.obj
 0002:00002318       ??_C@_1BC@IEBCMHCM@?$AAM?$AAM?$AA?1?$AAd?$AAd?$AA?1?$AAy?$AAy@ 0000000140014318     libucrt:nlsdata.obj
 0002:00002330       ??_C@_1CI@KNAKOEBC@?$AAd?$AAd?$AAd?$AAd?$AA?0?$AA?5?$AAM?$AAM?$AAM?$AAM?$AA?5?$AAd?$AAd?$AA?0?$AA?5@ 0000000140014330     libucrt:nlsdata.obj
 0002:00002358       ??_C@_1BC@GDGBMEMK@?$AAH?$AAH?$AA?3?$AAm?$AAm?$AA?3?$AAs?$AAs@ 0000000140014358     libucrt:nlsdata.obj
 0002:00002370       ??_C@_1M@BMHNFIME@?$AAe?$AAn?$AA?9?$AAU?$AAS@ 0000000140014370     libucrt:nlsdata.obj
 0002:00002380       __newctype                 0000000140014380     libucrt:ctype.obj
 0002:00002680       __newclmap                 0000000140014680     libucrt:ctype.obj
 0002:00002800       __newcumap                 0000000140014800     libucrt:ctype.obj
 0002:00002980       ??_C@_15PJPFLCCM@?$AAu?$AAk@ 0000000140014980     libucrt:get_qualified_locale.obj
 0002:00002a40       ??_C@_1EA@JGEFHKEI@?$AAa?$AAp?$AAi?$AA?9?$AAm?$AAs?$AA?9?$AAw?$AAi?$AAn?$AA?9?$AAc?$AAo?$AAr?$AAe@ 0000000140014a40     libucrt:winapi_thunks.obj
 0002:00002a80       ??_C@_1DI@KMEPCBPN@?$AAa?$AAp?$AAi?$AA?9?$AAm?$AAs?$AA?9?$AAw?$AAi?$AAn?$AA?9?$AAc?$AAo?$AAr?$AAe@ 0000000140014a80     libucrt:winapi_thunks.obj
 0002:00002ab8       ??_C@_1DI@IJCEHOCB@?$AAa?$AAp?$AAi?$AA?9?$AAm?$AAs?$AA?9?$AAw?$AAi?$AAn?$AA?9?$AAc?$AAo?$AAr?$AAe@ 0000000140014ab8     libucrt:winapi_thunks.obj
 0002:00002af0       ??_C@_1EI@MPIAOHOC@?$AAa?$AAp?$AAi?$AA?9?$AAm?$AAs?$AA?9?$AAw?$AAi?$AAn?$AA?9?$AAc?$AAo?$AAr?$AAe@ 0000000140014af0     libucrt:winapi_thunks.obj
 0002:00002b40       ??_C@_1FK@FPHCKFIE@?$AAa?$AAp?$AAi?$AA?9?$AAm?$AAs?$AA?9?$AAw?$AAi?$AAn?$AA?9?$AAc?$AAo?$AAr?$AAe@ 0000000140014b40     libucrt:winapi_thunks.obj
 0002:00002ba0       ??_C@_1EM@DILCGIIO@?$AAa?$AAp?$AAi?$AA?9?$AAm?$AAs?$AA?9?$AAw?$AAi?$AAn?$AA?9?$AAc?$AAo?$AAr?$AAe@ 0000000140014ba0     libucrt:winapi_thunks.obj
 0002:00002bf0       ??_C@_1DM@LNCGDDPN@?$AAa?$AAp?$AAi?$AA?9?$AAm?$AAs?$AA?9?$AAw?$AAi?$AAn?$AA?9?$AAc?$AAo?$AAr?$AAe@ 0000000140014bf0     libucrt:winapi_thunks.obj
 0002:00002c30       ??_C@_1DO@FPAPJEMD@?$AAa?$AAp?$AAi?$AA?9?$AAm?$AAs?$AA?9?$AAw?$AAi?$AAn?$AA?9?$AAc?$AAo?$AAr?$AAe@ 0000000140014c30     libucrt:winapi_thunks.obj
 0002:00002c70       ??_C@_1DK@NDHNAHIO@?$AAa?$AAp?$AAi?$AA?9?$AAm?$AAs?$AA?9?$AAw?$AAi?$AAn?$AA?9?$AAc?$AAo?$AAr?$AAe@ 0000000140014c70     libucrt:winapi_thunks.obj
 0002:00002cb0       ??_C@_1DM@KGHDGBCM@?$AAa?$AAp?$AAi?$AA?9?$AAm?$AAs?$AA?9?$AAw?$AAi?$AAn?$AA?9?$AAc?$AAo?$AAr?$AAe@ 0000000140014cb0     libucrt:winapi_thunks.obj
 0002:00002cf0       ??_C@_1EO@IJIOEFOH@?$AAa?$AAp?$AAi?$AA?9?$AAm?$AAs?$AA?9?$AAw?$AAi?$AAn?$AA?9?$AAr?$AAt?$AAc?$AAo@ 0000000140014cf0     libucrt:winapi_thunks.obj
 0002:00002d40       ??_C@_1FG@HHGEKANL@?$AAa?$AAp?$AAi?$AA?9?$AAm?$AAs?$AA?9?$AAw?$AAi?$AAn?$AA?9?$AAs?$AAe?$AAc?$AAu@ 0000000140014d40     libucrt:winapi_thunks.obj
 0002:00002da0       ??_C@_1EG@DBIOJECG@?$AAe?$AAx?$AAt?$AA?9?$AAm?$AAs?$AA?9?$AAw?$AAi?$AAn?$AA?9?$AAn?$AAt?$AAu?$AAs@ 0000000140014da0     libucrt:winapi_thunks.obj
 0002:00002df0       ??_C@_1EO@FIHMJCLF@?$AAe?$AAx?$AAt?$AA?9?$AAm?$AAs?$AA?9?$AAw?$AAi?$AAn?$AA?9?$AAn?$AAt?$AAu?$AAs@ 0000000140014df0     libucrt:winapi_thunks.obj
 0002:00002e40       ??_C@_1BC@DNHGCMLG@?$AAa?$AAd?$AAv?$AAa?$AAp?$AAi?$AA3?$AA2@ 0000000140014e40     libucrt:winapi_thunks.obj
 0002:00002e58       ??_C@_1BG@CJPGBMEF@?$AAk?$AAe?$AAr?$AAn?$AAe?$AAl?$AAb?$AAa?$AAs?$AAe@ 0000000140014e58     libucrt:winapi_thunks.obj
 0002:00002e70       ??_C@_1M@OAIMIKLP@?$AAn?$AAt?$AAd?$AAl?$AAl@ 0000000140014e70     libucrt:winapi_thunks.obj
 0002:00002e80       ??_C@_1EG@DPGNFKGC@?$AAa?$AAp?$AAi?$AA?9?$AAm?$AAs?$AA?9?$AAw?$AAi?$AAn?$AA?9?$AAa?$AAp?$AAp?$AAm@ 0000000140014e80     libucrt:winapi_thunks.obj
 0002:00002ec8       ??_C@_1O@BCCLBEOE@?$AAu?$AAs?$AAe?$AAr?$AA3?$AA2@ 0000000140014ec8     libucrt:winapi_thunks.obj
 0002:00002ed8       ??_C@_1BA@IAIFMGEF@?$AAe?$AAx?$AAt?$AA?9?$AAm?$AAs?$AA?9@ 0000000140014ed8     libucrt:winapi_thunks.obj
 0002:00002ef0       ??_C@_0BA@FHFNEAED@AreFileApisANSI@ 0000000140014ef0     libucrt:winapi_thunks.obj
 0002:00002f10       ??_C@_0O@KKBNKAPF@LCMapStringEx@ 0000000140014f10     libucrt:winapi_thunks.obj
 0002:00002f28       ??_C@_0BB@HBDEELFH@LocaleNameToLCID@ 0000000140014f28     libucrt:winapi_thunks.obj
 0002:00002f40       ??_C@_0CF@OJOFEIGO@AppPolicyGetProcessTerminationM@ 0000000140014f40     libucrt:winapi_thunks.obj
 0002:00003db0       ??_C@_15EMKDOKLE@?$AAa?$AAr@ 0000000140015db0     libucrt:lcidtoname_downlevel.obj
 0002:00003db8       ??_C@_15KNPADPLH@?$AAb?$AAg@ 0000000140015db8     libucrt:lcidtoname_downlevel.obj
 0002:00003dc0       ??_C@_15EDMHLDMO@?$AAc?$AAa@ 0000000140015dc0     libucrt:lcidtoname_downlevel.obj
 0002:00003dc8       ??_C@_1O@BPEAJADD@?$AAz?$AAh?$AA?9?$AAC?$AAH?$AAS@ 0000000140015dc8     libucrt:lcidtoname_downlevel.obj
 0002:00003dd8       ??_C@_15LJNHCMNK@?$AAc?$AAs@ 0000000140015dd8     libucrt:lcidtoname_downlevel.obj
 0002:00003de0       ??_C@_15FOMCIDHG@?$AAd?$AAa@ 0000000140015de0     libucrt:lcidtoname_downlevel.obj
 0002:00003de8       ??_C@_15NBKABECB@?$AAd?$AAe@ 0000000140015de8     libucrt:lcidtoname_downlevel.obj
 0002:00003df0       ??_C@_15GHPEIIAO@?$AAe?$AAl@ 0000000140015df0     libucrt:lcidtoname_downlevel.obj
 0002:00003df8       ??_C@_15MNPNEAIF@?$AAe?$AAn@ 0000000140015df8     libucrt:lcidtoname_downlevel.obj
 0002:00003e00       ??_C@_15GPIOMPMH@?$AAe?$AAs@ 0000000140015e00     libucrt:lcidtoname_downlevel.obj
 0002:00003e08       ??_C@_15NGLOAKJC@?$AAf?$AAi@ 0000000140015e08     libucrt:lcidtoname_downlevel.obj
 0002:00003e10       ??_C@_15FBKGNKAM@?$AAf?$AAr@ 0000000140015e10     libucrt:lcidtoname_downlevel.obj
 0002:00003e18       ??_C@_15KGGCNEFK@?$AAh?$AAe@ 0000000140015e18     libucrt:lcidtoname_downlevel.obj
 0002:00003e20       ??_C@_15PGHLIDMF@?$AAh?$AAu@ 0000000140015e20     libucrt:lcidtoname_downlevel.obj
 0002:00003e28       ??_C@_15BIEMAPLM@?$AAi?$AAs@ 0000000140015e28     libucrt:lcidtoname_downlevel.obj
 0002:00003e30       ??_C@_15IFJLDHAF@?$AAi?$AAt@ 0000000140015e30     libucrt:lcidtoname_downlevel.obj
 0002:00003e38       ??_C@_15GEMIOCAG@?$AAj?$AAa@ 0000000140015e38     libucrt:lcidtoname_downlevel.obj
 0002:00003e40       ??_C@_15EPELEGJA@?$AAk?$AAo@ 0000000140015e40     libucrt:lcidtoname_downlevel.obj
 0002:00003e48       ??_C@_15NDDHIMN@?$AAn?$AAl@ 0000000140015e48     libucrt:lcidtoname_downlevel.obj
 0002:00003e50       ??_C@_15BPIGNHCD@?$AAn?$AAo@ 0000000140015e50     libucrt:lcidtoname_downlevel.obj
 0002:00003e58       ??_C@_15DEOPBLCG@?$AAp?$AAl@ 0000000140015e58     libucrt:lcidtoname_downlevel.obj
 0002:00003e60       ??_C@_15KBECGEFG@?$AAp?$AAt@ 0000000140015e60     libucrt:lcidtoname_downlevel.obj
 0002:00003e68       ??_C@_15GLJCBFMD@?$AAr?$AAo@ 0000000140015e68     libucrt:lcidtoname_downlevel.obj
 0002:00003e70       ??_C@_15FEDGKCDI@?$AAr?$AAu@ 0000000140015e70     libucrt:lcidtoname_downlevel.obj
 0002:00003e78       ??_C@_15GLKMLLHM@?$AAh?$AAr@ 0000000140015e78     libucrt:lcidtoname_downlevel.obj
 0002:00003e80       ??_C@_15CPKMFBDB@?$AAs?$AAk@ 0000000140015e80     libucrt:lcidtoname_downlevel.obj
 0002:00003e88       ??_C@_15BAAIOGMK@?$AAs?$AAq@ 0000000140015e88     libucrt:lcidtoname_downlevel.obj
[...]
 0002:00008cb8       $unwind$?destroy_fls@@YAXPEAX@Z 000000014001acb8     libucrt:per_thread_data.obj
 0002:00008cb8       $unwind$__acrt_locale_free_numeric 000000014001acb8     libucrt:initnum.obj
 0002:00008cb8       $unwind$__acrt_locale_free_lc_time_if_unreferenced 000000014001acb8     libucrt:locale_refcounting.obj
 0002:00008cc0       $unwind$?construct_ptd_array@@YAXQEAU__acrt_ptd@@@Z 000000014001acc0     libucrt:per_thread_data.obj
 0002:00008cc8       $unwind$?destroy_ptd_array@@YAXQEAU__acrt_ptd@@@Z 000000014001acc8     libucrt:per_thread_data.obj
 0002:00008cd0       $unwind$??$?RV<lambda_0ae27a3a962d80f24befdcbee591983d>@@AEAV<lambda_8d0ee55de4b1038c4002e0adecdf1839>@@V<lambda_dc504788e8f1664fe9b84e20bfb512f2>@@@?$__crt_seh_guarded_call@X@@QEAAX$$QEAV<lambda_0ae27a3a962d80f24befdcbee591983d>@@AEAV<lambda_8d0ee55de4b1038c4002e0adecdf1839>@@$$QEAV<lambda_dc504788e8f1664fe9b84e20bfb512f2>@@@Z 000000014001acd0     libucrt:per_thread_data.obj
 0002:00008cf4       $unwind$??$?RV<lambda_aa87e3671a710a21b5dc78c0bdf72e11>@@AEAV<lambda_92619d2358a28f41a33ba319515a20b9>@@V<lambda_6992ecaafeb10aed2b74cb1fae11a551>@@@?$__crt_seh_guarded_call@X@@QEAAX$$QEAV<lambda_aa87e3671a710a21b5dc78c0bdf72e11>@@AEAV<lambda_92619d2358a28f41a33ba319515a20b9>@@$$QEAV<lambda_6992ecaafeb10aed2b74cb1fae11a551>@@@Z 000000014001acf4     libucrt:per_thread_data.obj
 0002:00008d18       $unwind$??$?RV<lambda_f2e299630e499de9f9a165e60fcd3db5>@@AEAV<lambda_2ae9d31cdba2644fcbeaf08da7c24588>@@V<lambda_40d01ff24d0e7b3814fdbdcee8eab3c7>@@@?$__crt_seh_guarded_call@X@@QEAAX$$QEAV<lambda_f2e299630e499de9f9a165e60fcd3db5>@@AEAV<lambda_2ae9d31cdba2644fcbeaf08da7c24588>@@$$QEAV<lambda_40d01ff24d0e7b3814fdbdcee8eab3c7>@@@Z 000000014001ad18     libucrt:per_thread_data.obj
 0002:00008d3c       $unwind$??$?RV<lambda_2d41944a1d46af3157314b8a01080d33>@@AEAV<lambda_8f455de75cd7d7f24b4096f044d8b9e6>@@V<lambda_aa500f224e6afead328df44964fe2772>@@@?$__crt_seh_guarded_call@X@@QEAAX$$QEAV<lambda_2d41944a1d46af3157314b8a01080d33>@@AEAV<lambda_8f455de75cd7d7f24b4096f044d8b9e6>@@$$QEAV<lambda_aa500f224e6afead328df44964fe2772>@@@Z 000000014001ad3c     libucrt:per_thread_data.obj
 0002:00008d60       $unwind$_invalid_parameter_noinfo 000000014001ad60     libucrt:invalid_parameter.obj
 0002:00008d60       $unwind$_log10_special     000000014001ad60     libucrt:log_special.obj
 0002:00008d68       $unwind$__acrt_call_reportfault 000000014001ad68     libucrt:invalid_parameter.obj
 0002:00008d88       $unwind$??$common_lseek_nolock@_J@@YA_JH_JHAEAV__crt_cached_ptd_host@@@Z 000000014001ad88     libucrt:lseek.obj
 0002:00008d88       $unwind$_invalid_parameter_internal 000000014001ad88     libucrt:invalid_parameter.obj
 0002:00008d9c       $unwind$?get_raw_ptd_noexit@__crt_cached_ptd_host@@QEAAPEAU__acrt_ptd@@XZ 000000014001ad9c     libucrt:invalid_parameter.obj
 0002:00008dac       $unwind$_invalid_parameter 000000014001adac     libucrt:invalid_parameter.obj
 0002:00008db8       $unwind$??$common_expand_argv_wildcards@D@@YAHQEAPEADQEAPEAPEAD@Z 000000014001adb8     libucrt:argv_wildcards.obj
 0002:00008dd0       $unwind$__dcrt_get_narrow_environment_from_os 000000014001add0     libucrt:get_environment_from_os.obj
 0002:00008dd0       $unwind$??$__acrt_convert_wcs_mbs_cp@_WDV<lambda_d8593a27d1aa8c02be35c86a17d324c4>@@U__crt_win32_buffer_internal_dynamic_resizing@@@@YAHQEB_WAEAV?$__crt_win32_buffer@DU__crt_win32_buffer_internal_dynamic_resizing@@@@AEBV<lambda_d8593a27d1aa8c02be35c86a17d324c4>@@I@Z 000000014001add0     libucrt:argv_wildcards.obj
 0002:00008de8       $unwind$??$copy_and_add_argument_to_buffer@D@@YAHQEBD0_KAEAV?$argument_list@D@?A0x5f5c8891@@@Z 000000014001ade8     libucrt:argv_wildcards.obj
 0002:00008e04       $unwind$??$expand_argument_wildcards@D@@YAHQEAD0AEAV?$argument_list@D@?A0x5f5c8891@@@Z 000000014001ae04     libucrt:argv_wildcards.obj
 0002:00008e24       $unwind$__acrt_GetModuleFileNameA 000000014001ae24     libucrt:getmodulefilenamea.obj
 0002:00008e40       $unwind$__dcrt_write_console 000000014001ae40     libucrt:initcon.obj
 0002:00008e40       $unwind$??$__acrt_convert_wcs_mbs_cp@_WDV<lambda_f788ae46380686e8b737efdd8c720d07>@@U__crt_win32_buffer_no_resizing@@@@YAHQEB_WAEAV?$__crt_win32_buffer@DU__crt_win32_buffer_no_resizing@@@@AEBV<lambda_f788ae46380686e8b737efdd8c720d07>@@I@Z 000000014001ae40     libucrt:getmodulefilenamea.obj
 0002:00008e54       $unwind$_setmbcp_nolock    000000014001ae54     libucrt:mbctype.obj
 0002:00008e74       $unwind$__dcrt_lowio_ensure_console_output_initialized 000000014001ae74     libucrt:initcon.obj
 0002:00008e74       $unwind$?__mbrtowc_utf8@__crt_mbstring@@YA_KPEA_WPEBD_KPEAU_Mbstatet@@AEAV__crt_cached_ptd_host@@@Z 000000014001ae74     libucrt:mbrtowc.obj
 0002:00008e74       $unwind$?getSystemCP@@YAHH@Z 000000014001ae74     libucrt:mbctype.obj
 0002:00008e7c       $unwind$?update_thread_multibyte_data_internal@@YAPEAU__crt_multibyte_data@@QEAU__acrt_ptd@@QEAPEAU1@@Z 000000014001ae7c     libucrt:mbctype.obj
 0002:00008ea4       $unwind$?setmbcp_internal@@YAHH_NQEAU__acrt_ptd@@QEAPEAU__crt_multibyte_data@@@Z 000000014001aea4     libucrt:mbctype.obj
 0002:00008ebc       $unwind$?setSBUpLow@@YAXPEAU__crt_multibyte_data@@@Z 000000014001aebc     libucrt:mbctype.obj
 0002:00008ed8       $unwind$??$?RV<lambda_efdfa57d1f175319df784efa44bb7b81>@@AEAV<lambda_5f0a4c1567f8adc6734073e5d1e1b35c>@@V<lambda_2e8a7d3640ea6ccb4c2413664c2db6fd>@@@?$__crt_seh_guarded_call@X@@QEAAX$$QEAV<lambda_efdfa57d1f175319df784efa44bb7b81>@@AEAV<lambda_5f0a4c1567f8adc6734073e5d1e1b35c>@@$$QEAV<lambda_2e8a7d3640ea6ccb4c2413664c2db6fd>@@@Z 000000014001aed8     libucrt:mbctype.obj
 0002:00008efc       $unwind$?x_ismbbtype_l@@YAHPEAU__crt_locale_pointers@@IHH@Z 000000014001aefc     libucrt:ismbbyte.obj
 0002:00008f0c       $unwind$__acrt_WideCharToMultiByte 000000014001af0c     libucrt:widechartomultibyte.obj
 0002:00008f18       $unwind$__acrt_lowio_destroy_handle_array 000000014001af18     libucrt:osfinfo.obj
 0002:00008f28       $unwind$__acrt_lowio_ensure_fh_exists 000000014001af28     libucrt:osfinfo.obj
 0002:00008f54       $unwind$__acrt_initialize_lowio 000000014001af54     libucrt:ioinit.obj
 0002:00008f74       $unwind$?initialize_inherited_file_handles_nolock@@YAXXZ 000000014001af74     libucrt:ioinit.obj
 0002:00008f90       $unwind$__acrt_locale_free_monetary 000000014001af90     libucrt:initmon.obj
 0002:00008f98       $unwind$__acrt_locale_free_time 000000014001af98     libucrt:inittime.obj
 0002:00008fa8       $unwind$__acrt_GetStringTypeA 000000014001afa8     libucrt:getstringtypea.obj
 0002:00008fd0       $unwind$__acrt_update_thread_locale_data 000000014001afd0     libucrt:locale_refcounting.obj
 0002:00008ff4       $unwind$__acrt_initialize_winapi_thunks 000000014001aff4     libucrt:winapi_thunks.obj
 0002:00008ffc       $unwind$__acrt_LCMapStringEx 000000014001affc     libucrt:winapi_thunks.obj
 0002:00009010       $unwind$_query_new_handler 000000014001b010     libucrt:new_handler.obj
 0002:00009030       $unwind$raise              000000014001b030     libucrt:signal.obj
 0002:00009070       $unwind$??$?RV<lambda_450d765d439847d4c735a33c368b5fc0>@@AEAV<lambda_44731a7d0e6d81c3e6aa82d741081786>@@V<lambda_601a2a7da3b7a96e9554ac7215c4b07c>@@@?$__crt_seh_guarded_call@P6AXH@Z@@QEAAP6AXH@Z$$QEAV<lambda_450d765d439847d4c735a33c368b5fc0>@@AEAV<lambda_44731a7d0e6d81c3e6aa82d741081786>@@$$QEAV<lambda_601a2a7da3b7a96e9554ac7215c4b07c>@@@Z 000000014001b070     libucrt:signal.obj
 0002:00009094       $unwind$fclose             000000014001b094     libucrt:fclose.obj
 0002:00009094       $unwind$_fflush_nolock     000000014001b094     libucrt:fflush.obj
 0002:000090a4       $unwind$?common_flush_all@@YAH_N@Z 000000014001b0a4     libucrt:fflush.obj
 0002:000090ac       $unwind$??$?RV<lambda_842d9ff0dc9ef11c61343bbaebe7f885>@@AEAV<lambda_c5860995281e5c4ce005b3de8f5874ee>@@V<lambda_d90129c13df834fdcbf8d2b88dafcf2d>@@@?$__crt_seh_guarded_call@X@@QEAAX$$QEAV<lambda_842d9ff0dc9ef11c61343bbaebe7f885>@@AEAV<lambda_c5860995281e5c4ce005b3de8f5874ee>@@$$QEAV<lambda_d90129c13df834fdcbf8d2b88dafcf2d>@@@Z 000000014001b0ac     libucrt:fflush.obj
 0002:000090d0       $unwind$??$?RV<lambda_886d6c58226a84441f68b9f2b8217b83>@@AEAV<lambda_ab61a845afdef5b7c387490eaf3616ee>@@V<lambda_f7f22ab5edc0698d5f6905b0d3f44752>@@@?$__crt_seh_guarded_call@X@@QEAAX$$QEAV<lambda_886d6c58226a84441f68b9f2b8217b83>@@AEAV<lambda_ab61a845afdef5b7c387490eaf3616ee>@@$$QEAV<lambda_f7f22ab5edc0698d5f6905b0d3f44752>@@@Z 000000014001b0d0     libucrt:fflush.obj
 0002:000090f8       $unwind$_call_matherr      000000014001b0f8     libucrt:libm_error.obj
 0002:00009100       $unwind$_handle_error      000000014001b100     libucrt:libm_error.obj
 0002:00009100       $unwind$_handle_errorf     000000014001b100     libucrt:libm_error.obj
 0002:00009120       $unwind$qsort              000000014001b120     libucrt:qsort.obj
 0002:00009138       $chain$4$qsort             000000014001b138     libucrt:qsort.obj
 0002:0000915c       $chain$5$qsort             000000014001b15c     libucrt:qsort.obj
 0002:0000916c       $unwind$strpbrk            000000014001b16c     libucrt:strpbrk.obj
 0002:0000917c       $unwind$fallbackMethod     000000014001b17c     libucrt:strpbrk.obj
 0002:0000918c       $unwind$_mbsdec_l          000000014001b18c     libucrt:mbsdec.obj
 0002:00009198       $unwind$__acrt_LCMapStringA 000000014001b198     libucrt:lcmapstringa.obj
 0002:000091a8       $unwind$?__acrt_LCMapStringA_stat@@YAHPEAU__crt_locale_pointers@@PEB_WKPEBDHPEADHHH@Z 000000014001b1a8     libucrt:lcmapstringa.obj
 0002:000091d0       $unwind$_commit            000000014001b1d0     libucrt:commit.obj
 0002:000091d8       $unwind$??$?RV<lambda_a37b2b86f63e897a80ea819b0eb08c01>@@AEAV<lambda_38ce7e780aa69e748d6df282ebc68efe>@@V<lambda_99fb1378e971ab6e7edea83e3a7a83a2>@@@?$__crt_seh_guarded_call@H@@QEAAH$$QEAV<lambda_a37b2b86f63e897a80ea819b0eb08c01>@@AEAV<lambda_38ce7e780aa69e748d6df282ebc68efe>@@$$QEAV<lambda_99fb1378e971ab6e7edea83e3a7a83a2>@@@Z 000000014001b1d8     libucrt:commit.obj
 0002:000091fc       $unwind$_write_nolock      000000014001b1fc     libucrt:write.obj
 0002:00009214       $unwind$_write_internal    000000014001b214     libucrt:write.obj
 0002:00009240       $unwind$_write_internal$fin$0 000000014001b240     libucrt:write.obj
 0002:00009240       $unwind$?fin$0@?0??_fclose_internal@@YAHQEAU_iobuf@@AEAV__crt_cached_ptd_host@@@Z@4HA 000000014001b240     libucrt:fclose.obj
 0002:00009248       $unwind$?write_double_translated_ansi_nolock@@YA?AUwrite_result@?A0x17268360@@HQEBDIAEAV__crt_cached_ptd_host@@@Z 000000014001b248     libucrt:write.obj
 0002:00009270       $ip2state$?write_double_translated_ansi_nolock@@YA?AUwrite_result@?A0x17268360@@HQEBDIAEAV__crt_cached_ptd_host@@@Z 000000014001b270     libucrt:write.obj
 0002:00009278       $unwind$?write_text_ansi_nolock@@YA?AUwrite_result@?A0x17268360@@HQEBDI@Z 000000014001b278     libucrt:write.obj
 0002:00009278       $unwind$?write_text_utf16le_nolock@@YA?AUwrite_result@?A0x17268360@@HQEBDI@Z 000000014001b278     libucrt:write.obj
 0002:00009298       $unwind$?write_text_utf8_nolock@@YA?AUwrite_result@?A0x17268360@@HQEBDI@Z 000000014001b298     libucrt:write.obj
 0002:000092bc       $unwind$_fcloseall         000000014001b2bc     libucrt:closeall.obj
 0002:000092e0       $unwind$?__mbsrtowcs_utf8@__crt_mbstring@@YA_KPEA_WPEAPEBD_KPEAU_Mbstatet@@AEAV__crt_cached_ptd_host@@@Z 000000014001b2e0     libucrt:mbrtowc.obj
 0002:000092f8       $unwind$_raise_exc         000000014001b2f8     libucrt:fpexcept.obj
 0002:000092f8       $unwind$_raise_excf        000000014001b2f8     libucrt:fpexcept.obj
 0002:00009300       $unwind$_raise_exc_ex      000000014001b300     libucrt:fpexcept.obj
 0002:00009314       $unwind$_ctrlfp            000000014001b314     libucrt:fpctrl.obj
 0002:0000933c       $unwind$_putwch_nolock     000000014001b33c     libucrt:putwch.obj
 0002:00009344       $unwind$?_fclose_nolock_internal@@YAHQEAU_iobuf@@AEAV__crt_cached_ptd_host@@@Z 000000014001b344     libucrt:fclose.obj
 0002:00009354       $unwind$?_fclose_internal@@YAHQEAU_iobuf@@AEAV__crt_cached_ptd_host@@@Z 000000014001b354     libucrt:fclose.obj
 0002:00009378       $xdatasym                  000000014001b378     libucrt:log10.obj
 0002:00009384       $unwind$?__mbrtoc32_utf8@__crt_mbstring@@YA_KPEA_UPEBD_KPEAU_Mbstatet@@AEAV__crt_cached_ptd_host@@@Z 000000014001b384     libucrt:mbrtoc32.obj
 0002:000093a0       $xdatasym                  000000014001b3a0     libucrt:fpsr.obj
 0002:000093a8       $unwind$_close_internal    000000014001b3a8     libucrt:close.obj
 0002:000093b0       $unwind$??$?RV<lambda_ad8af0d99a0adf03d037d7dffe354bb5>@@AEAV<lambda_c9ba49e555ba839a7b07aa3fbecb7617>@@V<lambda_2f1ebd5d68526518146ae959c9e734c8>@@@?$__crt_seh_guarded_call@H@@QEAAH$$QEAV<lambda_ad8af0d99a0adf03d037d7dffe354bb5>@@AEAV<lambda_c9ba49e555ba839a7b07aa3fbecb7617>@@$$QEAV<lambda_2f1ebd5d68526518146ae959c9e734c8>@@@Z 000000014001b3b0     libucrt:close.obj
 0002:000093d4       $unwind$_log_special_common 000000014001b3d4     libucrt:log_special.obj
 0002:000093e0       $unwind$_IsNonwritableInCurrentImage 000000014001b3e0     LIBCMT:pesect.obj
 0002:00009408       $xdatasym                  000000014001b408     LIBCMT:chkstk.obj
 0002:00009410       $xdatasym                  000000014001b410     libvcruntime:memcmp.obj
 0002:00009878       .idata$6                   000000014001b878     user32:USER32.dll
 0002:00009894       .idata$6                   000000014001b894     gdi32:GDI32.dll
 0002:00009ac4       .idata$6                   000000014001bac4     kernel32:KERNEL32.dll
 0003:00000000       ?XInputGetState_@@3P6AKKPEAU_XINPUT_STATE@@@ZEA 000000014001c000     win32_handmade.obj
 0003:00000008       ?XInputSetState_@@3P6AKKPEAU_XINPUT_VIBRATION@@@ZEA 000000014001c008     win32_handmade.obj
 0003:00000050       ?__vcrt_flsindex@@3KA      000000014001c050     libvcruntime:per_thread_data.obj
 0003:00000070       ?__acrt_flsindex@@3KA      000000014001c070     libucrt:per_thread_data.obj
 0003:00000074       ?errno_no_memory@@3HA      000000014001c074     libucrt:errno.obj
 0003:00000078       ?doserrno_no_memory@@3KA   000000014001c078     libucrt:errno.obj
 0003:000002b0       _mbctypes                  000000014001c2b0     libucrt:mbctype.obj
 0003:000003c0       _mbcasemaps                000000014001c3c0     libucrt:mbctype.obj
 0003:000004c0       ?__rgctypeflag@@3PADA      000000014001c4c0     libucrt:mbctype.obj
 0003:000004d0       ?__rgcode_page_info@@3PAUcode_page_info@@A 000000014001c4d0     libucrt:mbctype.obj
 0003:000008e8       ?dazSupported@?1??_ctrlfp@@9@9 000000014001c8e8     libucrt:fpctrl.obj
 0003:000009f0       ?__dcrt_lowio_console_output_handle@@3PEAXEA 000000014001c9f0     libucrt:initcon.obj
 0003:00000a70       ?t_sine@?1??GameOutputSound@@YAXPEAUgame_sound_output_buffer@@H@Z@4MA 000000014001ca70     win32_handmade.obj
 0003:00000a80       ?global_running@@3HA       000000014001ca80     win32_handmade.obj
 0003:00000a90       ?global_backbuffer@@3Uwin32_offscreen_buffer@@A 000000014001ca90     win32_handmade.obj
 0003:00000ad8       ?global_secondary_buffer@@3PEAUIDirectSoundBuffer@@EA 000000014001cad8     win32_handmade.obj
 0003:00000ae0       GS_ExceptionRecord         000000014001cae0     LIBCMT:gs_report.obj
 0003:00000b80       GS_ContextRecord           000000014001cb80     LIBCMT:gs_report.obj
 0003:00001060       ?is_initialized_as_dll@@3_NA 000000014001d060     LIBCMT:utility.obj
 0003:00001061       ?module_local_atexit_table_initialized@@3_NA 000000014001d061     LIBCMT:utility.obj
 0003:00001068       ?module_local_atexit_table@@3U_onexit_table_t@@A 000000014001d068     LIBCMT:utility.obj
 0003:00001080       ?module_local_at_quick_exit_table@@3U_onexit_table_t@@A 000000014001d080     LIBCMT:utility.obj
 0003:000010d0       ?__vcrt_startup_thread_ptd@@3U__vcrt_ptd@@A 000000014001d0d0     libvcruntime:per_thread_data.obj
 0003:00001150       __vcrt_lock_table          000000014001d150     libvcruntime:locks.obj
 0003:00001178       __vcrt_locks_initialized   000000014001d178     libvcruntime:locks.obj
 0003:000011c0       ?heap@@3V_HeapManager@@A   000000014001d1c0     libvcruntime:undname.obj
 0003:000011e8       ?module_handles@@3PAPEAUHINSTANCE__@@A 000000014001d1e8     libvcruntime:winapi_downlevel.obj
 0003:00001200       ?function_pointers@@3PAPEAXA 000000014001d200     libvcruntime:winapi_downlevel.obj
 0003:00001230       ?__acrt_app_type@@3W4_crt_app_type@@A 000000014001d230     libucrt:report_runtime_error.obj
 0003:00001238       ?user_matherr@@3V?$dual_state_global@P6AHPEAU_exception@@@Z@__crt_state_management@@A 000000014001d238     libucrt:matherr.obj
 0003:00001240       ?program_name@?1???$common_configure_argv@D@@YAHW4_crt_argv_mode@@@Z@4PADA 000000014001d240     libucrt:argv_parsing.obj
 0003:00001368       ?empty_string@?1???$common_wincmdln@E@@YAPEAEXZ@4PAEA 000000014001d368     libucrt:argv_winmain.obj
 0003:0000136c       ?c_termination_complete@@3JA 000000014001d36c     libucrt:exit.obj
 0003:00001370       ?thread_local_exit_callback_func@@3P6AXPEAXK0@ZEA 000000014001d370     libucrt:exit.obj
 0003:00001378       ?c_exit_complete@?1???R<lambda_6e4b09c48022b2350581041d5f6b0c4c>@@QEBA@XZ@4_NA 000000014001d378     libucrt:exit.obj
 0003:00001380       ?__acrt_global_new_mode@@3V?$dual_state_global@J@__crt_state_management@@A 000000014001d380     libucrt:new_mode.obj
 0003:000013c0       ?__acrt_invalid_parameter_handler@@3V?$dual_state_global@P6AXPEB_W00I_K@Z@__crt_state_management@@A 000000014001d3c0     libucrt:invalid_parameter.obj
 0003:000013e0       ?fSystemSet@@3HA           000000014001d3e0     libucrt:mbctype.obj
 0003:000013e4       ?initialized@?1??__acrt_initialize_multibyte@@9@4_NA 000000014001d3e4     libucrt:mbctype.obj
 0003:00001420       ?__acrt_lock_table@@3PAU_RTL_CRITICAL_SECTION@@A 000000014001d420     libucrt:locks.obj
 0003:00001650       ?__acrt_locks_initialized@@3IA 000000014001d650     libucrt:locks.obj
 0003:00001a70       ?module_handles@@3PAPEAUHINSTANCE__@@A 000000014001da70     libucrt:winapi_thunks.obj
 0003:00001b20       ?encoded_function_pointers@@3PAPEAXA 000000014001db20     libucrt:winapi_thunks.obj
 0003:00001c28       ?__acrt_new_handler@@3V?$dual_state_global@P6AH_K@Z@__crt_state_management@@A 000000014001dc28     libucrt:new_handler.obj
 0003:00001c30       ?ctrlc_action@@3V?$dual_state_global@P6AXH@Z@__crt_state_management@@A 000000014001dc30     libucrt:signal.obj
 0003:00001c38       ?ctrlbreak_action@@3V?$dual_state_global@P6AXH@Z@__crt_state_management@@A 000000014001dc38     libucrt:signal.obj
 0003:00001c40       ?abort_action@@3V?$dual_state_global@P6AXH@Z@__crt_state_management@@A 000000014001dc40     libucrt:signal.obj
 0003:00001c48       ?term_action@@3V?$dual_state_global@P6AXH@Z@__crt_state_management@@A 000000014001dc48     libucrt:signal.obj
 0003:00001c70       ?internal_state@?1??_mbtowc_internal@@9@4U_Mbstatet@@A 000000014001dc70     libucrt:mbtowc.obj
 0003:00001c78       ?internal_pst@?1??__mbrtoc32_utf8@__crt_mbstring@@YA_KPEA_UPEBD_KPEAU_Mbstatet@@AEAV__crt_cached_ptd_host@@@Z@4U3@A 000000014001dc78     libucrt:mbrtoc32.obj
 0005:00000000       SetSmall                   0000000140020000     libvcruntime:memset.obj
 0005:00000040       SetSmallYmm                0000000140020040     libvcruntime:memset.obj
 0005:00000064       SetSmallYmmNT              0000000140020064     libvcruntime:memset.obj
 0005:00000088       SetSmallXmm                0000000140020088     libvcruntime:memset.obj
 0005:000000b0       MoveSmall                  00000001400200b0     libvcruntime:memcpy.obj
 0005:000000f0       MoveSmallYmm               00000001400200f0     libvcruntime:memcpy.obj
 0005:00000114       MoveSmallYmmNT             0000000140020114     libvcruntime:memcpy.obj
 0005:00000138       MoveSmallXmm               0000000140020138     libvcruntime:memcpy.obj
